06-13 06:12:03.915  4783  8681 I Finsky  : [258] kiz.accept(70): IV2: onTaskProgress com.samuli.toppi.mobileChatApp[iid:4] [isid:hjdTgz24RcqzPPRMW5FCsg] status:4, size: 10312852/17013417
06-13 06:12:03.921  4783  8664 I Finsky  : [254] sqc.M(33): IQ: Notifying installation update. [Package:com.samuli.toppi.mobileChatApp, isid:hjdTgz24RcqzPPRMW5FCsg], status=DOWNLOADING, status_code=0, reason=single_install, tsc=PT1M44.618S
06-13 06:12:03.993  4783  4783 I Finsky  : [2] oxi.s(174): DL: Data loader session turned off due to Incremental install not requested: com.samuli.toppi.mobileChatApp
06-13 06:12:03.996  4783  4783 I Finsky  : [2] aafp.jN(75): PIM: Handling install package event for: com.samuli.toppi.mobileChatApp status:  DOWNLOADING, isid: hjdTgz24RcqzPPRMW5FCsg
06-13 06:12:05.617  4783  4783 I Finsky  : [2] bera.B(45): RM: receive resource status onProgress com.samuli.toppi.mobileChatApp.apk reason: single_install isid: hjdTgz24RcqzPPRMW5FCsg, 2, 192, size: 5380516/10945081
06-13 06:12:05.831  8822  8929 I Finsky:background: [87] otc.h(316): DS: onGetDownload(request_id=50, files_to_download=[com.samuli.toppi.mobileChatApp.apk(size:10945081)], context[group_id=com.samuli.toppi.mobileChatApp:hjdTgz24RcqzPPRMW5FCsg], display_data[invisible=false, title=com.samuli.toppi.mobileChatApp (unreviewed)], network_restrictions=ANY_NETWORK status=running, bytes_downloaded=5380516, total_bytes=10945081, retry[count=0, next_retry=n/a])
06-13 06:12:05.844  4783  8681 I Finsky  : [258] kiz.accept(70): IV2: onTaskProgress com.samuli.toppi.mobileChatApp[iid:4] [isid:hjdTgz24RcqzPPRMW5FCsg] status:4, size: 10959606/17013417
06-13 06:12:05.858  4783  8664 I Finsky  : [254] sqc.M(33): IQ: Notifying installation update. [Package:com.samuli.toppi.mobileChatApp, isid:hjdTgz24RcqzPPRMW5FCsg], status=DOWNLOADING, status_code=0, reason=single_install, tsc=PT1M46.555S
06-13 06:12:05.949  4783  4783 I Finsky  : [2] oxi.s(174): DL: Data loader session turned off due to Incremental install not requested: com.samuli.toppi.mobileChatApp
06-13 06:12:05.951  4783  4783 I Finsky  : [2] aafp.jN(75): PIM: Handling install package event for: com.samuli.toppi.mobileChatApp status:  DOWNLOADING, isid: hjdTgz24RcqzPPRMW5FCsg
06-13 06:12:07.574  4783  4783 I Finsky  : [2] bera.B(45): RM: receive resource status onProgress com.samuli.toppi.mobileChatApp.apk reason: single_install isid: hjdTgz24RcqzPPRMW5FCsg, 2, 192, size: 6101997/10945081
06-13 06:12:07.951  8822  8929 I Finsky:background: [87] otc.h(316): DS: onGetDownload(request_id=50, files_to_download=[com.samuli.toppi.mobileChatApp.apk(size:10945081)], context[group_id=com.samuli.toppi.mobileChatApp:hjdTgz24RcqzPPRMW5FCsg], display_data[invisible=false, title=com.samuli.toppi.mobileChatApp (unreviewed)], network_restrictions=ANY_NETWORK status=running, bytes_downloaded=6101997, total_bytes=10945081, retry[count=0, next_retry=n/a])
06-13 06:12:07.962  4783  8681 I Finsky  : [258] kiz.accept(70): IV2: onTaskProgress com.samuli.toppi.mobileChatApp[iid:4] [isid:hjdTgz24RcqzPPRMW5FCsg] status:4, size: 11681087/17013417
06-13 06:12:08.057  4783  8664 I Finsky  : [254] sqc.M(33): IQ: Notifying installation update. [Package:com.samuli.toppi.mobileChatApp, isid:hjdTgz24RcqzPPRMW5FCsg], status=DOWNLOADING, status_code=0, reason=single_install, tsc=PT1M48.753S
06-13 06:12:08.152  4783  4783 I Finsky  : [2] oxi.s(174): DL: Data loader session turned off due to Incremental install not requested: com.samuli.toppi.mobileChatApp
06-13 06:12:08.156  4783  4783 I Finsky  : [2] aafp.jN(75): PIM: Handling install package event for: com.samuli.toppi.mobileChatApp status:  DOWNLOADING, isid: hjdTgz24RcqzPPRMW5FCsg
06-13 06:12:09.564  4783  4783 I Finsky  : [2] bera.B(45): RM: receive resource status onProgress com.samuli.toppi.mobileChatApp.apk reason: single_install isid: hjdTgz24RcqzPPRMW5FCsg, 2, 192, size: 6594459/10945081
06-13 06:12:10.445  8822  8929 I Finsky:background: [87] otc.h(316): DS: onGetDownload(request_id=50, files_to_download=[com.samuli.toppi.mobileChatApp.apk(size:10945081)], context[group_id=com.samuli.toppi.mobileChatApp:hjdTgz24RcqzPPRMW5FCsg], display_data[invisible=false, title=com.samuli.toppi.mobileChatApp (unreviewed)], network_restrictions=ANY_NETWORK status=running, bytes_downloaded=6594459, total_bytes=10945081, retry[count=0, next_retry=n/a])
06-13 06:12:10.473  4783  8681 I Finsky  : [258] kiz.accept(70): IV2: onTaskProgress com.samuli.toppi.mobileChatApp[iid:4] [isid:hjdTgz24RcqzPPRMW5FCsg] status:4, size: 12173549/17013417
06-13 06:12:10.503  4783  8664 I Finsky  : [254] sqc.M(33): IQ: Notifying installation update. [Package:com.samuli.toppi.mobileChatApp, isid:hjdTgz24RcqzPPRMW5FCsg], status=DOWNLOADING, status_code=0, reason=single_install, tsc=PT1M51.2S
06-13 06:12:10.657  4783  4783 I Finsky  : [2] oxi.s(174): DL: Data loader session turned off due to Incremental install not requested: com.samuli.toppi.mobileChatApp
06-13 06:12:10.676  4783  4783 I Finsky  : [2] aafp.jN(75): PIM: Handling install package event for: com.samuli.toppi.mobileChatApp status:  DOWNLOADING, isid: hjdTgz24RcqzPPRMW5FCsg
06-13 06:12:11.722  4783  4783 I Finsky  : [2] bera.B(45): RM: receive resource status onProgress com.samuli.toppi.mobileChatApp.apk reason: single_install isid: hjdTgz24RcqzPPRMW5FCsg, 2, 192, size: 7072364/10945081
06-13 06:12:12.540  8822  8929 I Finsky:background: [87] otc.h(316): DS: onGetDownload(request_id=50, files_to_download=[com.samuli.toppi.mobileChatApp.apk(size:10945081)], context[group_id=com.samuli.toppi.mobileChatApp:hjdTgz24RcqzPPRMW5FCsg], display_data[invisible=false, title=com.samuli.toppi.mobileChatApp (unreviewed)], network_restrictions=ANY_NETWORK status=running, bytes_downloaded=7072364, total_bytes=10945081, retry[count=0, next_retry=n/a])
06-13 06:12:12.567  4783  8681 I Finsky  : [258] kiz.accept(70): IV2: onTaskProgress com.samuli.toppi.mobileChatApp[iid:4] [isid:hjdTgz24RcqzPPRMW5FCsg] status:4, size: 12651454/17013417
06-13 06:12:12.586  4783  8664 I Finsky  : [254] sqc.M(33): IQ: Notifying installation update. [Package:com.samuli.toppi.mobileChatApp, isid:hjdTgz24RcqzPPRMW5FCsg], status=DOWNLOADING, status_code=0, reason=single_install, tsc=PT1M53.283S
06-13 06:12:12.820  4783  4783 I Finsky  : [2] oxi.s(174): DL: Data loader session turned off due to Incremental install not requested: com.samuli.toppi.mobileChatApp
06-13 06:12:12.823  4783  4783 I Finsky  : [2] aafp.jN(75): PIM: Handling install package event for: com.samuli.toppi.mobileChatApp status:  DOWNLOADING, isid: hjdTgz24RcqzPPRMW5FCsg
06-13 06:12:13.690  4783  4783 I Finsky  : [2] bera.B(45): RM: receive resource status onProgress com.samuli.toppi.mobileChatApp.apk reason: single_install isid: hjdTgz24RcqzPPRMW5FCsg, 2, 192, size: 7294068/10945081
06-13 06:12:13.872  8822  8929 I Finsky:background: [87] otc.h(316): DS: onGetDownload(request_id=50, files_to_download=[com.samuli.toppi.mobileChatApp.apk(size:10945081)], context[group_id=com.samuli.toppi.mobileChatApp:hjdTgz24RcqzPPRMW5FCsg], display_data[invisible=false, title=com.samuli.toppi.mobileChatApp (unreviewed)], network_restrictions=ANY_NETWORK status=running, bytes_downloaded=7294068, total_bytes=10945081, retry[count=0, next_retry=n/a])
06-13 06:12:13.880  4783  8681 I Finsky  : [258] kiz.accept(70): IV2: onTaskProgress com.samuli.toppi.mobileChatApp[iid:4] [isid:hjdTgz24RcqzPPRMW5FCsg] status:4, size: 12873158/17013417
06-13 06:12:13.888  4783  8664 I Finsky  : [254] sqc.M(33): IQ: Notifying installation update. [Package:com.samuli.toppi.mobileChatApp, isid:hjdTgz24RcqzPPRMW5FCsg], status=DOWNLOADING, status_code=0, reason=single_install, tsc=PT1M54.585S
06-13 06:12:13.945  4783  4783 I Finsky  : [2] oxi.s(174): DL: Data loader session turned off due to Incremental install not requested: com.samuli.toppi.mobileChatApp
06-13 06:12:13.951  4783  4783 I Finsky  : [2] aafp.jN(75): PIM: Handling install package event for: com.samuli.toppi.mobileChatApp status:  DOWNLOADING, isid: hjdTgz24RcqzPPRMW5FCsg
06-13 06:12:15.667  4783  4783 I Finsky  : [2] bera.B(45): RM: receive resource status onProgress com.samuli.toppi.mobileChatApp.apk reason: single_install isid: hjdTgz24RcqzPPRMW5FCsg, 2, 192, size: 8637805/10945081
06-13 06:12:16.104  8822  8929 I Finsky:background: [87] otc.h(316): DS: onGetDownload(request_id=50, files_to_download=[com.samuli.toppi.mobileChatApp.apk(size:10945081)], context[group_id=com.samuli.toppi.mobileChatApp:hjdTgz24RcqzPPRMW5FCsg], display_data[invisible=false, title=com.samuli.toppi.mobileChatApp (unreviewed)], network_restrictions=ANY_NETWORK status=running, bytes_downloaded=8637805, total_bytes=10945081, retry[count=0, next_retry=n/a])
06-13 06:12:16.111  4783  8681 I Finsky  : [258] kiz.accept(70): IV2: onTaskProgress com.samuli.toppi.mobileChatApp[iid:4] [isid:hjdTgz24RcqzPPRMW5FCsg] status:4, size: 14216895/17013417
06-13 06:12:16.127  4783  8664 I Finsky  : [254] sqc.M(33): IQ: Notifying installation update. [Package:com.samuli.toppi.mobileChatApp, isid:hjdTgz24RcqzPPRMW5FCsg], status=DOWNLOADING, status_code=0, reason=single_install, tsc=PT1M56.823S
06-13 06:12:16.187  4783  4783 I Finsky  : [2] oxi.s(174): DL: Data loader session turned off due to Incremental install not requested: com.samuli.toppi.mobileChatApp
06-13 06:12:16.191  4783  4783 I Finsky  : [2] aafp.jN(75): PIM: Handling install package event for: com.samuli.toppi.mobileChatApp status:  DOWNLOADING, isid: hjdTgz24RcqzPPRMW5FCsg
06-13 06:12:17.649  4783  4783 I Finsky  : [2] bera.B(45): RM: receive resource status onProgress com.samuli.toppi.mobileChatApp.apk reason: single_install isid: hjdTgz24RcqzPPRMW5FCsg, 2, 192, size: 9550359/10945081
06-13 06:12:17.882  8822  8929 I Finsky:background: [87] otc.h(316): DS: onGetDownload(request_id=50, files_to_download=[com.samuli.toppi.mobileChatApp.apk(size:10945081)], context[group_id=com.samuli.toppi.mobileChatApp:hjdTgz24RcqzPPRMW5FCsg], display_data[invisible=false, title=com.samuli.toppi.mobileChatApp (unreviewed)], network_restrictions=ANY_NETWORK status=running, bytes_downloaded=9550359, total_bytes=10945081, retry[count=0, next_retry=n/a])
06-13 06:12:17.894  4783  8681 I Finsky  : [258] kiz.accept(70): IV2: onTaskProgress com.samuli.toppi.mobileChatApp[iid:4] [isid:hjdTgz24RcqzPPRMW5FCsg] status:4, size: 15129449/17013417
06-13 06:12:17.946  4783  8664 I Finsky  : [254] sqc.M(33): IQ: Notifying installation update. [Package:com.samuli.toppi.mobileChatApp, isid:hjdTgz24RcqzPPRMW5FCsg], status=DOWNLOADING, status_code=0, reason=single_install, tsc=PT1M58.643S
06-13 06:12:18.168  4783  4783 I Finsky  : [2] oxi.s(174): DL: Data loader session turned off due to Incremental install not requested: com.samuli.toppi.mobileChatApp
06-13 06:12:18.175  4783  4783 I Finsky  : [2] aafp.jN(75): PIM: Handling install package event for: com.samuli.toppi.mobileChatApp status:  DOWNLOADING, isid: hjdTgz24RcqzPPRMW5FCsg
06-13 06:12:19.810  4783  4783 I Finsky  : [2] bera.B(45): RM: receive resource status onProgress com.samuli.toppi.mobileChatApp.apk reason: single_install isid: hjdTgz24RcqzPPRMW5FCsg, 2, 192, size: 10547446/10945081
06-13 06:12:20.221  8822  8929 I Finsky:background: [87] otc.h(316): DS: onGetDownload(request_id=50, files_to_download=[com.samuli.toppi.mobileChatApp.apk(size:10945081)], context[group_id=com.samuli.toppi.mobileChatApp:hjdTgz24RcqzPPRMW5FCsg], display_data[invisible=false, title=com.samuli.toppi.mobileChatApp (unreviewed)], network_restrictions=ANY_NETWORK status=running, bytes_downloaded=10547446, total_bytes=10945081, retry[count=0, next_retry=n/a])
06-13 06:12:20.255  4783  8681 I Finsky  : [258] kiz.accept(70): IV2: onTaskProgress com.samuli.toppi.mobileChatApp[iid:4] [isid:hjdTgz24RcqzPPRMW5FCsg] status:4, size: 16126536/17013417
06-13 06:12:20.266  4783  8664 I Finsky  : [254] sqc.M(33): IQ: Notifying installation update. [Package:com.samuli.toppi.mobileChatApp, isid:hjdTgz24RcqzPPRMW5FCsg], status=DOWNLOADING, status_code=0, reason=single_install, tsc=PT2M0.963S
06-13 06:12:20.319  4783  4783 I Finsky  : [2] oxi.s(174): DL: Data loader session turned off due to Incremental install not requested: com.samuli.toppi.mobileChatApp
06-13 06:12:20.324  4783  4783 I Finsky  : [2] aafp.jN(75): PIM: Handling install package event for: com.samuli.toppi.mobileChatApp status:  DOWNLOADING, isid: hjdTgz24RcqzPPRMW5FCsg
06-13 06:12:21.818  4783  4783 I Finsky  : [2] bera.B(45): RM: receive resource status onProgress com.samuli.toppi.mobileChatApp.apk reason: single_install isid: hjdTgz24RcqzPPRMW5FCsg, 2, 192, size: 10813241/10945081
06-13 06:12:22.106  8822  8929 I Finsky:background: [87] otc.h(316): DS: onGetDownload(request_id=50, files_to_download=[com.samuli.toppi.mobileChatApp.apk(size:10945081)], context[group_id=com.samuli.toppi.mobileChatApp:hjdTgz24RcqzPPRMW5FCsg], display_data[invisible=false, title=com.samuli.toppi.mobileChatApp (unreviewed)], network_restrictions=ANY_NETWORK status=running, bytes_downloaded=10813241, total_bytes=10945081, retry[count=0, next_retry=n/a])
06-13 06:12:22.174  4783  8681 I Finsky  : [258] kiz.accept(70): IV2: onTaskProgress com.samuli.toppi.mobileChatApp[iid:4] [isid:hjdTgz24RcqzPPRMW5FCsg] status:4, size: 16392331/17013417
06-13 06:12:22.188  4783  8664 I Finsky  : [254] sqc.M(33): IQ: Notifying installation update. [Package:com.samuli.toppi.mobileChatApp, isid:hjdTgz24RcqzPPRMW5FCsg], status=DOWNLOADING, status_code=0, reason=single_install, tsc=PT2M2.884S
06-13 06:12:22.343  4783  4783 I Finsky  : [2] oxi.s(174): DL: Data loader session turned off due to Incremental install not requested: com.samuli.toppi.mobileChatApp
06-13 06:12:22.347  4783  4783 I Finsky  : [2] aafp.jN(75): PIM: Handling install package event for: com.samuli.toppi.mobileChatApp status:  DOWNLOADING, isid: hjdTgz24RcqzPPRMW5FCsg
06-13 06:12:22.469  4783  4783 I Finsky  : [2] bera.B(45): RM: receive resource status onProgress com.samuli.toppi.mobileChatApp.apk reason: single_install isid: hjdTgz24RcqzPPRMW5FCsg, 2, 192, size: 10945081/10945081
06-13 06:12:23.076  4783  4783 I Finsky  : [2] bera.D(45): RM: receive resource status onSuccess com.samuli.toppi.mobileChatApp.apk reason: single_install isid: hjdTgz24RcqzPPRMW5FCsg, 3, 200, size: 10945081/10945081
06-13 06:12:23.290  8822  8929 I Finsky:background: [87] otc.h(316): DS: onGetDownload(request_id=50, files_to_download=[com.samuli.toppi.mobileChatApp.apk(size:10945081)], context[group_id=com.samuli.toppi.mobileChatApp:hjdTgz24RcqzPPRMW5FCsg], display_data[invisible=false, title=com.samuli.toppi.mobileChatApp (unreviewed)], network_restrictions=ANY_NETWORK status=running, bytes_downloaded=10945081, total_bytes=10945081, retry[count=0, next_retry=n/a])
06-13 06:12:23.291  4783  9936 I Finsky  : [365] ndo.run(223): DU: Stored data usage stats for package com.samuli.toppi.mobileChatApp; completed bytes: 10945081.
06-13 06:12:23.299  4783  8681 I Finsky  : [258] kiz.accept(70): IV2: onTaskProgress com.samuli.toppi.mobileChatApp[iid:4] [isid:hjdTgz24RcqzPPRMW5FCsg] status:4, size: 16524171/17013417
06-13 06:12:23.300  8822  8929 I Finsky:background: [87] otc.h(316): DS: onGetDownload(request_id=50, files_to_download=[com.samuli.toppi.mobileChatApp.apk(size:10945081)], context[group_id=com.samuli.toppi.mobileChatApp:hjdTgz24RcqzPPRMW5FCsg], display_data[invisible=false, title=com.samuli.toppi.mobileChatApp (unreviewed)], network_restrictions=ANY_NETWORK status=succeeded, bytes_downloaded=10945081, total_bytes=10945081, retry[count=0, next_retry=n/a])
06-13 06:12:23.311  4783  8664 I Finsky  : [254] sqc.M(33): IQ: Notifying installation update. [Package:com.samuli.toppi.mobileChatApp, isid:hjdTgz24RcqzPPRMW5FCsg], status=DOWNLOADING, status_code=0, reason=single_install, tsc=PT2M4.008S
06-13 06:12:23.312  4783  8681 I Finsky  : [258] kiz.accept(70): IV2: onTaskProgress com.samuli.toppi.mobileChatApp[iid:4] [isid:hjdTgz24RcqzPPRMW5FCsg] status:4, size: 16524171/17013417
06-13 06:12:23.326  4783  8681 I Finsky  : [258] kiz.accept(70): IV2: onTaskProgress com.samuli.toppi.mobileChatApp[iid:4] [isid:hjdTgz24RcqzPPRMW5FCsg] status:4, size: 16524171/17013417
06-13 06:12:23.367  4783  4879 I Finsky  : [82] abdj.a(2120): RF: starting postprocessing for com.samuli.toppi.mobileChatApp.apk
06-13 06:12:23.375  4783  8664 I Finsky  : [254] sqc.M(33): IQ: Notifying installation update. [Package:com.samuli.toppi.mobileChatApp, isid:hjdTgz24RcqzPPRMW5FCsg], status=DOWNLOADING, status_code=0, reason=single_install, tsc=PT2M4.072S
06-13 06:12:23.401  4783  4879 I Finsky  : [82] zto.a(106): RF::PP-Decompress: starting to decompress for com.samuli.toppi.mobileChatApp[iid:4] [isid:hjdTgz24RcqzPPRMW5FCsg] [tid: 1000000006].
06-13 06:12:23.410  4783  4899 I Finsky  : [94] zto.a(1235): RF::PP-Copy: starting to copy for com.samuli.toppi.mobileChatApp[iid:4] [isid:hjdTgz24RcqzPPRMW5FCsg] [tid: 1000000006]
06-13 06:12:23.416  4783  4783 I Finsky  : [2] oxi.s(174): DL: Data loader session turned off due to Incremental install not requested: com.samuli.toppi.mobileChatApp
06-13 06:12:23.422  4783  4783 I Finsky  : [2] aafp.jN(75): PIM: Handling install package event for: com.samuli.toppi.mobileChatApp status:  DOWNLOADING, isid: hjdTgz24RcqzPPRMW5FCsg
06-13 06:12:23.479  4783  8664 I Finsky  : [254] sqc.M(33): IQ: Notifying installation update. [Package:com.samuli.toppi.mobileChatApp, isid:hjdTgz24RcqzPPRMW5FCsg], status=DOWNLOADING, status_code=0, reason=single_install, tsc=PT2M4.176S
06-13 06:12:23.529  4783  4783 I Finsky  : [2] oxi.s(174): DL: Data loader session turned off due to Incremental install not requested: com.samuli.toppi.mobileChatApp
06-13 06:12:23.532  4783  4783 I Finsky  : [2] aafp.jN(75): PIM: Handling install package event for: com.samuli.toppi.mobileChatApp status:  DOWNLOADING, isid: hjdTgz24RcqzPPRMW5FCsg
06-13 06:12:23.717  4783  4783 I Finsky  : [2] oxi.s(174): DL: Data loader session turned off due to Incremental install not requested: com.samuli.toppi.mobileChatApp
06-13 06:12:23.718  4783  4783 I Finsky  : [2] aafp.jN(75): PIM: Handling install package event for: com.samuli.toppi.mobileChatApp status:  DOWNLOADING, isid: hjdTgz24RcqzPPRMW5FCsg
06-13 06:12:23.890  8822  8929 I Finsky:background: [87] otc.h(316): DS: onGetDownload(request_id=51, files_to_download=[config.fi(size:9715)], context[group_id=com.samuli.toppi.mobileChatApp:hjdTgz24RcqzPPRMW5FCsg], display_data[invisible=false, title=com.samuli.toppi.mobileChatApp (unreviewed)], network_restrictions=ANY_NETWORK status=running, bytes_downloaded=0, total_bytes=9715, retry[count=0, next_retry=n/a])
06-13 06:12:23.890  8822  8929 I Finsky:background: [87] otc.h(316): DS: onGetDownload(request_id=51, files_to_download=[config.fi(size:9715)], context[group_id=com.samuli.toppi.mobileChatApp:hjdTgz24RcqzPPRMW5FCsg], display_data[invisible=false, title=com.samuli.toppi.mobileChatApp (unreviewed)], network_restrictions=ANY_NETWORK status=running, bytes_downloaded=0, total_bytes=9715, retry[count=0, next_retry=n/a])
06-13 06:12:23.925  4783  8681 I Finsky  : [258] kiz.accept(70): IV2: onTaskProgress com.samuli.toppi.mobileChatApp[iid:4] [isid:hjdTgz24RcqzPPRMW5FCsg] status:4, size: 16524171/17013417
06-13 06:12:24.000  4783  8681 I Finsky  : [258] kiz.accept(70): IV2: onTaskProgress com.samuli.toppi.mobileChatApp[iid:4] [isid:hjdTgz24RcqzPPRMW5FCsg] status:4, size: 16524171/17013417
06-13 06:12:24.047  4783  8664 I Finsky  : [254] sqc.M(33): IQ: Notifying installation update. [Package:com.samuli.toppi.mobileChatApp, isid:hjdTgz24RcqzPPRMW5FCsg], status=DOWNLOADING, status_code=0, reason=single_install, tsc=PT2M4.743S
06-13 06:12:24.152  4783  8664 I Finsky  : [254] sqc.M(33): IQ: Notifying installation update. [Package:com.samuli.toppi.mobileChatApp, isid:hjdTgz24RcqzPPRMW5FCsg], status=DOWNLOADING, status_code=0, reason=single_install, tsc=PT2M4.849S
06-13 06:12:24.285  4783  4783 I Finsky  : [2] oxi.s(174): DL: Data loader session turned off due to Incremental install not requested: com.samuli.toppi.mobileChatApp
06-13 06:12:24.290  4783  4783 I Finsky  : [2] aafp.jN(75): PIM: Handling install package event for: com.samuli.toppi.mobileChatApp status:  DOWNLOADING, isid: hjdTgz24RcqzPPRMW5FCsg
06-13 06:12:24.334  4783  4783 I Finsky  : [2] oxi.s(174): DL: Data loader session turned off due to Incremental install not requested: com.samuli.toppi.mobileChatApp
06-13 06:12:24.339  4783  4783 I Finsky  : [2] aafp.jN(75): PIM: Handling install package event for: com.samuli.toppi.mobileChatApp status:  DOWNLOADING, isid: hjdTgz24RcqzPPRMW5FCsg
06-13 06:12:24.855  4783  4864 I Finsky  : [77] zto.a(1147): RF::PP-Verify: starting to verify for com.samuli.toppi.mobileChatApp[iid:4] [isid:hjdTgz24RcqzPPRMW5FCsg] [tid: 1000000006].
06-13 06:12:25.578  4783  9936 I Finsky  : [365] ndo.run(223): DU: Stored data usage stats for package com.samuli.toppi.mobileChatApp; completed bytes: 9715.
06-13 06:12:25.656  8822  8929 I Finsky:background: [87] otc.h(316): DS: onGetDownload(request_id=51, files_to_download=[config.fi(size:9715)], context[group_id=com.samuli.toppi.mobileChatApp:hjdTgz24RcqzPPRMW5FCsg], display_data[invisible=false, title=com.samuli.toppi.mobileChatApp (unreviewed)], network_restrictions=ANY_NETWORK status=running, bytes_downloaded=9715, total_bytes=9715, retry[count=0, next_retry=n/a])
06-13 06:12:25.663  8822  8929 I Finsky:background: [87] otc.h(316): DS: onGetDownload(request_id=51, files_to_download=[config.fi(size:9715)], context[group_id=com.samuli.toppi.mobileChatApp:hjdTgz24RcqzPPRMW5FCsg], display_data[invisible=false, title=com.samuli.toppi.mobileChatApp (unreviewed)], network_restrictions=ANY_NETWORK status=succeeded, bytes_downloaded=9715, total_bytes=9715, retry[count=0, next_retry=n/a])
06-13 06:12:25.664  4783  8681 I Finsky  : [258] kiz.accept(70): IV2: onTaskProgress com.samuli.toppi.mobileChatApp[iid:4] [isid:hjdTgz24RcqzPPRMW5FCsg] status:4, size: 16533886/17013417
06-13 06:12:25.664  8822  8929 I Finsky:background: [87] otc.h(316): DS: onGetDownload(request_id=51, files_to_download=[config.fi(size:9715)], context[group_id=com.samuli.toppi.mobileChatApp:hjdTgz24RcqzPPRMW5FCsg], display_data[invisible=false, title=com.samuli.toppi.mobileChatApp (unreviewed)], network_restrictions=ANY_NETWORK status=succeeded, bytes_downloaded=9715, total_bytes=9715, retry[count=0, next_retry=n/a])
06-13 06:12:25.672  4783  8664 I Finsky  : [254] sqc.M(33): IQ: Notifying installation update. [Package:com.samuli.toppi.mobileChatApp, isid:hjdTgz24RcqzPPRMW5FCsg], status=DOWNLOADING, status_code=0, reason=single_install, tsc=PT2M6.369S
06-13 06:12:25.675  4783  8681 I Finsky  : [258] kiz.accept(70): IV2: onTaskProgress com.samuli.toppi.mobileChatApp[iid:4] [isid:hjdTgz24RcqzPPRMW5FCsg] status:4, size: 16533886/17013417
06-13 06:12:25.676  4783  8681 I Finsky  : [258] kiz.accept(70): IV2: onTaskProgress com.samuli.toppi.mobileChatApp[iid:4] [isid:hjdTgz24RcqzPPRMW5FCsg] status:4, size: 16533886/17013417
06-13 06:12:25.676  4783  8681 I Finsky  : [258] kiz.accept(70): IV2: onTaskProgress com.samuli.toppi.mobileChatApp[iid:4] [isid:hjdTgz24RcqzPPRMW5FCsg] status:4, size: 16543601/17013417
06-13 06:12:25.677  4783  4889 I Finsky  : [87] zto.a(106): RF::PP-Decompress: starting to decompress for com.samuli.toppi.mobileChatApp[iid:4] [isid:hjdTgz24RcqzPPRMW5FCsg] [tid: 1000000006].
06-13 06:12:25.678  4783  4889 I Finsky  : [87] zto.a(1235): RF::PP-Copy: starting to copy for com.samuli.toppi.mobileChatApp[iid:4] [isid:hjdTgz24RcqzPPRMW5FCsg] [tid: 1000000006]
06-13 06:12:25.720  4783  4879 I Finsky  : [82] zto.a(1147): RF::PP-Verify: starting to verify for com.samuli.toppi.mobileChatApp[iid:4] [isid:hjdTgz24RcqzPPRMW5FCsg] [tid: 1000000006].
06-13 06:12:25.742  4783  8664 I Finsky  : [254] sqc.M(33): IQ: Notifying installation update. [Package:com.samuli.toppi.mobileChatApp, isid:hjdTgz24RcqzPPRMW5FCsg], status=DOWNLOADING, status_code=0, reason=single_install, tsc=PT2M6.439S
06-13 06:12:25.778  4783  8664 I Finsky  : [254] sqc.M(33): IQ: Notifying installation update. [Package:com.samuli.toppi.mobileChatApp, isid:hjdTgz24RcqzPPRMW5FCsg], status=DOWNLOADING, status_code=0, reason=single_install, tsc=PT2M6.475S
06-13 06:12:25.805  4783  4783 I Finsky  : [2] oxi.s(174): DL: Data loader session turned off due to Incremental install not requested: com.samuli.toppi.mobileChatApp
06-13 06:12:25.806  4783  8664 I Finsky  : [254] sqc.M(33): IQ: Notifying installation update. [Package:com.samuli.toppi.mobileChatApp, isid:hjdTgz24RcqzPPRMW5FCsg], status=DOWNLOADING, status_code=0, reason=single_install, tsc=PT2M6.502S
06-13 06:12:25.814  4783  4783 I Finsky  : [2] aafp.jN(75): PIM: Handling install package event for: com.samuli.toppi.mobileChatApp status:  DOWNLOADING, isid: hjdTgz24RcqzPPRMW5FCsg
06-13 06:12:25.820  4783  4783 I Finsky  : [2] bera.C(45): RM: receive resource status onStart com.samuli.toppi.mobileChatApp.dm reason: single_install isid: hjdTgz24RcqzPPRMW5FCsg, 2, 192, size: 0/479531
06-13 06:12:25.821  4783  4783 I Finsky  : [2] bera.B(45): RM: receive resource status onProgress com.samuli.toppi.mobileChatApp.dm reason: single_install isid: hjdTgz24RcqzPPRMW5FCsg, 2, 192, size: 0/479531
06-13 06:12:25.852  4783  4783 I Finsky  : [2] oxi.s(174): DL: Data loader session turned off due to Incremental install not requested: com.samuli.toppi.mobileChatApp
06-13 06:12:25.855  4783  4783 I Finsky  : [2] aafp.jN(75): PIM: Handling install package event for: com.samuli.toppi.mobileChatApp status:  DOWNLOADING, isid: hjdTgz24RcqzPPRMW5FCsg
06-13 06:12:25.859  4783  4783 I Finsky  : [2] oxi.s(174): DL: Data loader session turned off due to Incremental install not requested: com.samuli.toppi.mobileChatApp
06-13 06:12:25.864  4783  4783 I Finsky  : [2] aafp.jN(75): PIM: Handling install package event for: com.samuli.toppi.mobileChatApp status:  DOWNLOADING, isid: hjdTgz24RcqzPPRMW5FCsg
06-13 06:12:25.883  4783  4783 I Finsky  : [2] oxi.s(174): DL: Data loader session turned off due to Incremental install not requested: com.samuli.toppi.mobileChatApp
06-13 06:12:25.890  4783  4783 I Finsky  : [2] aafp.jN(75): PIM: Handling install package event for: com.samuli.toppi.mobileChatApp status:  DOWNLOADING, isid: hjdTgz24RcqzPPRMW5FCsg
06-13 06:12:25.908  8822  8929 I Finsky:background: [87] otc.h(316): DS: onGetDownload(request_id=52, files_to_download=[com.samuli.toppi.mobileChatApp.dm(size:479531)], context[group_id=com.samuli.toppi.mobileChatApp:hjdTgz24RcqzPPRMW5FCsg], display_data[invisible=false, title=com.samuli.toppi.mobileChatApp (unreviewed)], network_restrictions=ANY_NETWORK status=running, bytes_downloaded=0, total_bytes=479531, retry[count=0, next_retry=n/a])
06-13 06:12:25.909  8822  8929 I Finsky:background: [87] otc.h(316): DS: onGetDownload(request_id=52, files_to_download=[com.samuli.toppi.mobileChatApp.dm(size:479531)], context[group_id=com.samuli.toppi.mobileChatApp:hjdTgz24RcqzPPRMW5FCsg], display_data[invisible=false, title=com.samuli.toppi.mobileChatApp (unreviewed)], network_restrictions=ANY_NETWORK status=running, bytes_downloaded=0, total_bytes=479531, retry[count=0, next_retry=n/a])
06-13 06:12:25.937  4783  8681 I Finsky  : [258] kiz.accept(70): IV2: onTaskProgress com.samuli.toppi.mobileChatApp[iid:4] [isid:hjdTgz24RcqzPPRMW5FCsg] status:4, size: 16533886/17013417
06-13 06:12:25.938  4783  8681 I Finsky  : [258] kiz.accept(70): IV2: onTaskProgress com.samuli.toppi.mobileChatApp[iid:4] [isid:hjdTgz24RcqzPPRMW5FCsg] status:4, size: 16533886/17013417
06-13 06:12:25.949  4783  8664 I Finsky  : [254] sqc.M(33): IQ: Notifying installation update. [Package:com.samuli.toppi.mobileChatApp, isid:hjdTgz24RcqzPPRMW5FCsg], status=DOWNLOADING, status_code=0, reason=single_install, tsc=PT2M6.645S
06-13 06:12:25.997  4783  8664 I Finsky  : [254] sqc.M(33): IQ: Notifying installation update. [Package:com.samuli.toppi.mobileChatApp, isid:hjdTgz24RcqzPPRMW5FCsg], status=DOWNLOADING, status_code=0, reason=single_install, tsc=PT2M6.694S
06-13 06:12:26.023  4783  4783 I Finsky  : [2] oxi.s(174): DL: Data loader session turned off due to Incremental install not requested: com.samuli.toppi.mobileChatApp
06-13 06:12:26.030  4783  4783 I Finsky  : [2] aafp.jN(75): PIM: Handling install package event for: com.samuli.toppi.mobileChatApp status:  DOWNLOADING, isid: hjdTgz24RcqzPPRMW5FCsg
06-13 06:12:26.101  4783  4783 I Finsky  : [2] oxi.s(174): DL: Data loader session turned off due to Incremental install not requested: com.samuli.toppi.mobileChatApp
06-13 06:12:26.105  4783  4783 I Finsky  : [2] aafp.jN(75): PIM: Handling install package event for: com.samuli.toppi.mobileChatApp status:  DOWNLOADING, isid: hjdTgz24RcqzPPRMW5FCsg
06-13 06:12:26.311  4783  4783 I Finsky  : [2] bera.B(45): RM: receive resource status onProgress com.samuli.toppi.mobileChatApp.dm reason: single_install isid: hjdTgz24RcqzPPRMW5FCsg, 2, 192, size: 0/479531
06-13 06:12:26.367  8822  8929 I Finsky:background: [87] otc.h(316): DS: onGetDownload(request_id=52, files_to_download=[com.samuli.toppi.mobileChatApp.dm(size:479531)], context[group_id=com.samuli.toppi.mobileChatApp:hjdTgz24RcqzPPRMW5FCsg], display_data[invisible=false, title=com.samuli.toppi.mobileChatApp (unreviewed)], network_restrictions=ANY_NETWORK status=running, bytes_downloaded=0, total_bytes=479531, retry[count=0, next_retry=n/a])
06-13 06:12:26.378  4783  8681 I Finsky  : [258] kiz.accept(70): IV2: onTaskProgress com.samuli.toppi.mobileChatApp[iid:4] [isid:hjdTgz24RcqzPPRMW5FCsg] status:4, size: 16533886/17013417
06-13 06:12:26.402  4783  8664 I Finsky  : [254] sqc.M(33): IQ: Notifying installation update. [Package:com.samuli.toppi.mobileChatApp, isid:hjdTgz24RcqzPPRMW5FCsg], status=DOWNLOADING, status_code=0, reason=single_install, tsc=PT2M7.099S
06-13 06:12:26.499  4783  4783 I Finsky  : [2] oxi.s(174): DL: Data loader session turned off due to Incremental install not requested: com.samuli.toppi.mobileChatApp
06-13 06:12:26.503  4783  4783 I Finsky  : [2] aafp.jN(75): PIM: Handling install package event for: com.samuli.toppi.mobileChatApp status:  DOWNLOADING, isid: hjdTgz24RcqzPPRMW5FCsg
06-13 06:12:27.450  4783  4783 I Finsky  : [2] bera.B(45): RM: receive resource status onProgress com.samuli.toppi.mobileChatApp.dm reason: single_install isid: hjdTgz24RcqzPPRMW5FCsg, 2, 192, size: 479531/479531
06-13 06:12:27.504  4783  4783 I Finsky  : [2] bera.D(45): RM: receive resource status onSuccess com.samuli.toppi.mobileChatApp.dm reason: single_install isid: hjdTgz24RcqzPPRMW5FCsg, 3, 200, size: 479531/479531
06-13 06:12:27.567  4783  9936 I Finsky  : [365] ndo.run(223): DU: Stored data usage stats for package com.samuli.toppi.mobileChatApp; completed bytes: 479531.
06-13 06:12:27.726  8822  8929 I Finsky:background: [87] otc.h(316): DS: onGetDownload(request_id=52, files_to_download=[com.samuli.toppi.mobileChatApp.dm(size:479531)], context[group_id=com.samuli.toppi.mobileChatApp:hjdTgz24RcqzPPRMW5FCsg], display_data[invisible=false, title=com.samuli.toppi.mobileChatApp (unreviewed)], network_restrictions=ANY_NETWORK status=succeeded, bytes_downloaded=479531, total_bytes=479531, retry[count=0, next_retry=n/a])
06-13 06:12:27.727  8822  8929 I Finsky:background: [87] otc.h(316): DS: onGetDownload(request_id=52, files_to_download=[com.samuli.toppi.mobileChatApp.dm(size:479531)], context[group_id=com.samuli.toppi.mobileChatApp:hjdTgz24RcqzPPRMW5FCsg], display_data[invisible=false, title=com.samuli.toppi.mobileChatApp (unreviewed)], network_restrictions=ANY_NETWORK status=succeeded, bytes_downloaded=479531, total_bytes=479531, retry[count=0, next_retry=n/a])
06-13 06:12:27.759  4783  4889 I Finsky  : [87] abdj.a(2120): RF: starting postprocessing for com.samuli.toppi.mobileChatApp.dm
06-13 06:12:27.760  4783  4889 I Finsky  : [87] zto.a(1235): RF::PP-Copy: starting to copy for com.samuli.toppi.mobileChatApp[iid:4] [isid:hjdTgz24RcqzPPRMW5FCsg] [tid: 1000000006]
06-13 06:12:27.762  4783  8681 I Finsky  : [258] kiz.accept(70): IV2: onTaskProgress com.samuli.toppi.mobileChatApp[iid:4] [isid:hjdTgz24RcqzPPRMW5FCsg] status:4, size: 17013417/17013417
06-13 06:12:27.780  4783  8681 I Finsky  : [258] kiz.accept(70): IV2: onTaskProgress com.samuli.toppi.mobileChatApp[iid:4] [isid:hjdTgz24RcqzPPRMW5FCsg] status:4, size: 17013417/17013417
06-13 06:12:27.782  4783  8681 I Finsky  : [258] kiz.accept(70): IV2: onTaskProgress com.samuli.toppi.mobileChatApp[iid:4] [isid:hjdTgz24RcqzPPRMW5FCsg] status:4, size: 17492948/17013417
06-13 06:12:27.789  4783  8664 I Finsky  : [254] sqc.M(33): IQ: Notifying installation update. [Package:com.samuli.toppi.mobileChatApp, isid:hjdTgz24RcqzPPRMW5FCsg], status=DOWNLOADING, status_code=0, reason=single_install, tsc=PT2M8.486S
06-13 06:12:27.840  4783  4783 I Finsky  : [2] oxi.s(174): DL: Data loader session turned off due to Incremental install not requested: com.samuli.toppi.mobileChatApp
06-13 06:12:27.841  4783  8664 I Finsky  : [254] sqc.M(33): IQ: Notifying installation update. [Package:com.samuli.toppi.mobileChatApp, isid:hjdTgz24RcqzPPRMW5FCsg], status=DOWNLOADING, status_code=0, reason=single_install, tsc=PT2M8.537S
06-13 06:12:27.845  4783  4783 I Finsky  : [2] aafp.jN(75): PIM: Handling install package event for: com.samuli.toppi.mobileChatApp status:  DOWNLOADING, isid: hjdTgz24RcqzPPRMW5FCsg
06-13 06:12:27.906  4783  8664 I Finsky  : [254] sqc.M(33): IQ: Notifying installation update. [Package:com.samuli.toppi.mobileChatApp, isid:hjdTgz24RcqzPPRMW5FCsg], status=DOWNLOADING, status_code=0, reason=single_install, tsc=PT2M8.603S
06-13 06:12:27.942  4783  4783 I Finsky  : [2] oxi.s(174): DL: Data loader session turned off due to Incremental install not requested: com.samuli.toppi.mobileChatApp
06-13 06:12:27.959  4783  4783 I Finsky  : [2] aafp.jN(75): PIM: Handling install package event for: com.samuli.toppi.mobileChatApp status:  DOWNLOADING, isid: hjdTgz24RcqzPPRMW5FCsg
06-13 06:12:28.007  4783  4899 I Finsky  : [94] zto.a(1147): RF::PP-Verify: starting to verify for com.samuli.toppi.mobileChatApp[iid:4] [isid:hjdTgz24RcqzPPRMW5FCsg] [tid: 1000000006].
06-13 06:12:28.012  4783  4783 I Finsky  : [2] oxi.s(174): DL: Data loader session turned off due to Incremental install not requested: com.samuli.toppi.mobileChatApp
06-13 06:12:28.037  4783  4783 I Finsky  : [2] aafp.jN(75): PIM: Handling install package event for: com.samuli.toppi.mobileChatApp status:  DOWNLOADING, isid: hjdTgz24RcqzPPRMW5FCsg
06-13 06:12:28.244  4783  8681 I Finsky  : [258] sky.apply(272): IV2::TD: Resource fetch done. com.samuli.toppi.mobileChatApp[iid:4] [isid:hjdTgz24RcqzPPRMW5FCsg] [tid: 1000000006]
06-13 06:12:28.246  4783  8681 I Finsky  : [258] skr.a(391): IV2::TD: Installing start. com.samuli.toppi.mobileChatApp[iid:4] [isid:hjdTgz24RcqzPPRMW5FCsg] [tid: 1000000006]
06-13 06:12:28.268  4783  8681 I Finsky  : [258] skp.a(90): IV2: Unexpected onTaskProgress com.samuli.toppi.mobileChatApp[iid:4] [isid:hjdTgz24RcqzPPRMW5FCsg] status:5.
06-13 06:12:28.270  4783  8681 I Finsky  : [258] kiz.accept(70): IV2: onTaskProgress com.samuli.toppi.mobileChatApp[iid:4] [isid:hjdTgz24RcqzPPRMW5FCsg] status:6, size: 0/0
06-13 06:12:28.280  4783  8664 I Finsky  : [254] sqc.M(33): IQ: Notifying installation update. [Package:com.samuli.toppi.mobileChatApp, isid:hjdTgz24RcqzPPRMW5FCsg], status=INSTALLING, status_code=0, reason=single_install, tsc=PT2M8.977S
06-13 06:12:28.284  4783  8681 I Finsky  : [258] skr.a(747): IV2::TD: Submit start. com.samuli.toppi.mobileChatApp[iid:4] [isid:hjdTgz24RcqzPPRMW5FCsg] [tid: 1000000006]
06-13 06:12:28.525  4783  4783 I Finsky  : [2] oxi.s(174): DL: Data loader session turned off due to Incremental install not requested: com.samuli.toppi.mobileChatApp
06-13 06:12:28.531  4783  4783 I Finsky  : [2] aafp.jN(75): PIM: Handling install package event for: com.samuli.toppi.mobileChatApp status:  INSTALLING, isid: hjdTgz24RcqzPPRMW5FCsg
06-13 06:12:30.651  4783  4783 I Finsky  : [2] akqi.b(67): VerifyApps: Install-time verification requested for package com.samuli.toppi.mobileChatApp, id = 3
06-13 06:12:30.864  4783  8545 I Finsky  : [223] VerifyAppsInstallTask.mI(52): VerifyApps: Anti-malware verification task started for package=com.samuli.toppi.mobileChatApp
06-13 06:12:30.867  4783  8545 I Finsky  : [223] VerifyAppsInstallTask.mI(667): VerifyApps: Skipping anti malware verification (preconditions not met). package=com.samuli.toppi.mobileChatApp
06-13 06:12:31.480  4783  4783 I Finsky  : [2] VerifyInstallTask.mH(76): VerifyApps: Install-time verification complete: id=3, package_name=com.samuli.toppi.mobileChatApp
06-13 06:12:32.726   632   693 I PackageDexOptimizer: Running dexopt (dexoptNeeded=-3) on: /data/app/~~BZQo3PlS2oO5rv85Yp2NTg==/com.samuli.toppi.mobileChatApp-yPk2V4tdU-cOMwA1uhQG2Q==/base.apk pkg=com.samuli.toppi.mobileChatApp isa=x86_64 dexoptFlags=boot_complete,profile_guided,public,enable_hidden_api_checks targetFilter=speed-profile oatDir=/data/app/~~BZQo3PlS2oO5rv85Yp2NTg==/com.samuli.toppi.mobileChatApp-yPk2V4tdU-cOMwA1uhQG2Q==/oat classLoaderContext=PCL[]{}
06-13 06:12:32.749   525   754 V installd: DexInv: --- BEGIN '/data/app/~~BZQo3PlS2oO5rv85Yp2NTg==/com.samuli.toppi.mobileChatApp-yPk2V4tdU-cOMwA1uhQG2Q==/base.apk' ---
06-13 06:12:32.749   525   754 V installd: Running /apex/com.android.art/bin/dex2oat64 in=base.apk out=/data/app/~~BZQo3PlS2oO5rv85Yp2NTg==/com.samuli.toppi.mobileChatApp-yPk2V4tdU-cOMwA1uhQG2Q==/oat/x86_64/base.odex
06-13 06:12:33.168  1492 31579 I MediaProvider: Invalidating LocalCallingIdentity cache for package com.samuli.toppi.mobileChatApp. Reason: op android:read_external_storage
06-13 06:12:33.195 10007 10007 W dex2oat64: /apex/com.android.art/bin/dex2oat64 --zip-fd=7 --zip-location=base.apk --oat-fd=8 --oat-location=/data/app/~~BZQo3PlS2oO5rv85Yp2NTg==/com.samuli.toppi.mobileChatApp-yPk2V4tdU-cOMwA1uhQG2Q==/oat/x86_64/base.odex --input-vdex-fd=-1 --output-vdex-fd=9 --app-image-fd=12 --image-format=lz4 --dm-fd=13 --profile-file-fd=11 --swap-fd=10 --classpath-dir=/data/app/~~BZQo3PlS2oO5rv85Yp2NTg==/com.samuli.toppi.mobileChatApp-yPk2V4tdU-cOMwA1uhQG2Q== --class-loader-context=PCL[]{} --compact-dex-level=none --instruction-set=x86_64 --instruction-set-features=default --instruction-set-variant=x86_64 --compiler-filter=speed-profile --compilation-reason=install-dm --max-image-block-size=524288 --resolve-startup-const-strings=true --generate-mini-debug-info --runtime-arg -Xtarget-sdk-version:33 --runtime-arg -Xhidden-api-policy:enabled --runtime-arg -Xms64m --runtime-arg -Xmx512m
06-13 06:12:33.205 10007 10007 I dex2oat64: /apex/com.android.art/bin/dex2oat64 --input-vdex-fd=-1 --output-vdex-fd=9 --dm-fd=13 --profile-file-fd=11 --classpath-dir=/data/app/~~BZQo3PlS2oO5rv85Yp2NTg==/com.samuli.toppi.mobileChatApp-yPk2V4tdU-cOMwA1uhQG2Q== --class-loader-context=PCL[]{} --compact-dex-level=none --compiler-filter=speed-profile --compilation-reason=install-dm --max-image-block-size=524288 --resolve-startup-const-strings=true --generate-mini-debug-info
06-13 06:12:33.261  1492 31579 I MediaProvider: Invalidating LocalCallingIdentity cache for package com.samuli.toppi.mobileChatApp. Reason: op android:read_external_storage
06-13 06:12:33.284  1492 31579 I MediaProvider: Invalidating LocalCallingIdentity cache for package com.samuli.toppi.mobileChatApp. Reason: op android:read_external_storage
06-13 06:12:33.336  1492 31579 I MediaProvider: Invalidating LocalCallingIdentity cache for package com.samuli.toppi.mobileChatApp. Reason: op android:read_external_storage
06-13 06:12:48.663   525   754 V installd: DexInv: --- END '/data/app/~~BZQo3PlS2oO5rv85Yp2NTg==/com.samuli.toppi.mobileChatApp-yPk2V4tdU-cOMwA1uhQG2Q==/base.apk' (success) ---
06-13 06:12:48.685   632   693 V BackupManagerService: [UserID:0] restoreAtInstall pkg=com.samuli.toppi.mobileChatApp token=4 restoreSet=0
06-13 06:12:48.879  1492  1492 I MediaProvider: Invalidating LocalCallingIdentity cache for package com.samuli.toppi.mobileChatApp. Reason: package android.intent.action.PACKAGE_ADDED
06-13 06:12:48.951   943   943 D MediaPlayerList: Name of package changed: com.samuli.toppi.mobileChatApp
06-13 06:12:48.972   943   943 D MediaPlayerList: Name of package changed: com.samuli.toppi.mobileChatApp
06-13 06:12:49.156  1017  1017 D CarrierSvcBindHelper: onPackageAdded: com.samuli.toppi.mobileChatApp
06-13 06:12:49.327  1017  1017 D ImsResolver: maybeAddedImsService, packageName: com.samuli.toppi.mobileChatApp
06-13 06:12:49.390  4783  4879 I Finsky  : [82] sky.apply(297): IV2::TD: Submit done. com.samuli.toppi.mobileChatApp[iid:4] [isid:hjdTgz24RcqzPPRMW5FCsg] [tid: 1000000006]
06-13 06:12:49.577  4783  4899 I Finsky  : [94] slt.a(290): IV2:TM: cleaning up task. com.samuli.toppi.mobileChatApp[iid:4] [isid:hjdTgz24RcqzPPRMW5FCsg] [tid: 1000000006]
06-13 06:12:49.672  4783  4864 I Finsky  : [77] kwh.a(47): AIM: AppInfoManager-Perf > OnDeviceAppInfo > cacheHitCount=0, cacheMissCount=1. Missed  in cache (limit 10) : [com.samuli.toppi.mobileChatApp]
06-13 06:12:49.887  4783  4899 I Finsky  : [94] kwc.a(215): AIM: AppInfoManager-Perf > ItemModel > CacheSize=0, cacheHitCount=0, cacheMissCount=1, total appsWithNoServerDataCount=0. Missed  in cache (limit 10) : [com.samuli.toppi.mobileChatApp]
06-13 06:12:49.975   943   943 D MediaPlayerList: Name of package changed: com.samuli.toppi.mobileChatApp
06-13 06:12:49.976   943   943 D MediaPlayerList: Name of package changed: com.samuli.toppi.mobileChatApp
06-13 06:12:49.987   632  1472 W BackupTransportManager: Package com.samuli.toppi.mobileChatApp enabled setting: 0
06-13 06:12:50.114  8822  8929 I Finsky:background: [87] otc.h(316): DS: onRemove(request_id=48, files_to_download=[config.x86_64(size:5495272)], context[group_id=com.samuli.toppi.mobileChatApp:hjdTgz24RcqzPPRMW5FCsg], display_data[invisible=false, title=com.samuli.toppi.mobileChatApp (unreviewed)], network_restrictions=ANY_NETWORK status=succeeded, bytes_downloaded=5495272, total_bytes=5495272, retry[count=0, next_retry=n/a])
06-13 06:12:50.261  1017  1017 D CarrierSvcBindHelper: onPackageModified: com.samuli.toppi.mobileChatApp
06-13 06:12:50.279  8822  8929 I Finsky:background: [87] otc.h(316): DS: onRemove(request_id=51, files_to_download=[config.fi(size:9715)], context[group_id=com.samuli.toppi.mobileChatApp:hjdTgz24RcqzPPRMW5FCsg], display_data[invisible=false, title=com.samuli.toppi.mobileChatApp (unreviewed)], network_restrictions=ANY_NETWORK status=succeeded, bytes_downloaded=9715, total_bytes=9715, retry[count=0, next_retry=n/a])
06-13 06:12:50.281  1017  1017 D ImsResolver: maybeAddedImsService, packageName: com.samuli.toppi.mobileChatApp
06-13 06:12:50.301   632   690 E VerityUtils: Failed to measure fs-verity, errno 1: /data/app/~~BZQo3PlS2oO5rv85Yp2NTg==/com.samuli.toppi.mobileChatApp-yPk2V4tdU-cOMwA1uhQG2Q==/base.apk
06-13 06:12:50.318  1211 10047 I ProximityAuth: [RecentAppsMediator] Package added: (user=UserHandle{0}) com.samuli.toppi.mobileChatApp
06-13 06:12:50.607  8822  8929 I Finsky:background: [87] otc.h(316): DS: onRemove(request_id=52, files_to_download=[com.samuli.toppi.mobileChatApp.dm(size:479531)], context[group_id=com.samuli.toppi.mobileChatApp:hjdTgz24RcqzPPRMW5FCsg], display_data[invisible=false, title=com.samuli.toppi.mobileChatApp (unreviewed)], network_restrictions=ANY_NETWORK status=succeeded, bytes_downloaded=479531, total_bytes=479531, retry[count=0, next_retry=n/a])
06-13 06:12:50.681  8822  8929 I Finsky:background: [87] otc.h(316): DS: onRemove(request_id=49, files_to_download=[config.xxhdpi(size:72950)], context[group_id=com.samuli.toppi.mobileChatApp:hjdTgz24RcqzPPRMW5FCsg], display_data[invisible=false, title=com.samuli.toppi.mobileChatApp (unreviewed)], network_restrictions=ANY_NETWORK status=succeeded, bytes_downloaded=72950, total_bytes=72950, retry[count=0, next_retry=n/a])
06-13 06:12:50.694  8822  8929 I Finsky:background: [87] otc.h(316): DS: onRemove(request_id=47, files_to_download=[config.en(size:10868)], context[group_id=com.samuli.toppi.mobileChatApp:hjdTgz24RcqzPPRMW5FCsg], display_data[invisible=false, title=com.samuli.toppi.mobileChatApp (unreviewed)], network_restrictions=ANY_NETWORK status=succeeded, bytes_downloaded=10868, total_bytes=10868, retry[count=0, next_retry=n/a])
06-13 06:12:50.711  4783  8667 I Finsky  : [255] abdj.a(1081): SM: Session with Context {name=com.samuli.toppi.mobileChatApp versionCode=2} was closed or abandoned in a consumer.
06-13 06:12:50.792  8822  8929 I Finsky:background: [87] otc.h(316): DS: onRemove(request_id=50, files_to_download=[com.samuli.toppi.mobileChatApp.apk(size:10945081)], context[group_id=com.samuli.toppi.mobileChatApp:hjdTgz24RcqzPPRMW5FCsg], display_data[invisible=false, title=com.samuli.toppi.mobileChatApp (unreviewed)], network_restrictions=ANY_NETWORK status=succeeded, bytes_downloaded=10945081, total_bytes=10945081, retry[count=0, next_retry=n/a])
06-13 06:12:50.882  4783  8681 I Finsky  : [258] abdj.a(1133): SCU: Successfully abandon the session for com.samuli.toppi.mobileChatApp[iid:4] [isid:hjdTgz24RcqzPPRMW5FCsg]
06-13 06:12:50.948  4783  8664 I Finsky  : [254] sqc.M(33): IQ: Notifying installation update. [Package:com.samuli.toppi.mobileChatApp, isid:hjdTgz24RcqzPPRMW5FCsg], status=INSTALLED, status_code=0, reason=single_install, tsc=PT2M31.644S
06-13 06:12:51.170  4783  4783 I Finsky  : [2] oxi.s(174): DL: Data loader session turned off due to Incremental install not requested: com.samuli.toppi.mobileChatApp
06-13 06:12:51.219  4783  4783 I Finsky  : [2] aafp.jN(55): PIM: Ignore install package event for: com.samuli.toppi.mobileChatApp, isid: hjdTgz24RcqzPPRMW5FCsg
06-13 06:13:01.475  4783  4864 I Finsky  : [77] kwh.a(47): AIM: AppInfoManager-Perf > OnDeviceAppInfo > cacheHitCount=0, cacheMissCount=1. Missed  in cache (limit 10) : [com.samuli.toppi.mobileChatApp]
06-13 06:13:01.548  4783  4889 I Finsky  : [87] kwc.a(215): AIM: AppInfoManager-Perf > ItemModel > CacheSize=0, cacheHitCount=0, cacheMissCount=1, total appsWithNoServerDataCount=0. Missed  in cache (limit 10) : [com.samuli.toppi.mobileChatApp]
06-13 06:13:50.765   632  1956 I ActivityTaskManager: START u0 {act=android.intent.action.MAIN cat=[android.intent.category.LAUNCHER] flg=0x10000000 pkg=com.samuli.toppi.mobileChatApp cmp=com.samuli.toppi.mobileChatApp/.MainActivity} from uid 10098
06-13 06:13:51.062   632  1956 D CoreBackPreview: Window{c93a844 u0 Splash Screen com.samuli.toppi.mobileChatApp}: Setting back callback OnBackInvokedCallbackInfo{mCallback=android.window.IOnBackInvokedCallback$Stub$Proxy@25ce2ae, mPriority=0}
06-13 06:13:51.076   632   669 I ActivityManager: Start proc 10396:com.samuli.toppi.mobileChatApp/u0a161 for next-top-activity {com.samuli.toppi.mobileChatApp/com.samuli.toppi.mobileChatApp.MainActivity}
06-13 06:13:51.315 10396 10396 W ziparchive: Unable to open '/data/app/~~BZQo3PlS2oO5rv85Yp2NTg==/com.samuli.toppi.mobileChatApp-yPk2V4tdU-cOMwA1uhQG2Q==/split_config.en.dm': No such file or directory
06-13 06:13:51.315 10396 10396 W ziparchive: Unable to open '/data/app/~~BZQo3PlS2oO5rv85Yp2NTg==/com.samuli.toppi.mobileChatApp-yPk2V4tdU-cOMwA1uhQG2Q==/split_config.en.dm': No such file or directory
06-13 06:13:51.321 10396 10396 W ziparchive: Unable to open '/data/app/~~BZQo3PlS2oO5rv85Yp2NTg==/com.samuli.toppi.mobileChatApp-yPk2V4tdU-cOMwA1uhQG2Q==/split_config.fi.dm': No such file or directory
06-13 06:13:51.321 10396 10396 W ziparchive: Unable to open '/data/app/~~BZQo3PlS2oO5rv85Yp2NTg==/com.samuli.toppi.mobileChatApp-yPk2V4tdU-cOMwA1uhQG2Q==/split_config.fi.dm': No such file or directory
06-13 06:13:51.322 10396 10396 W ziparchive: Unable to open '/data/app/~~BZQo3PlS2oO5rv85Yp2NTg==/com.samuli.toppi.mobileChatApp-yPk2V4tdU-cOMwA1uhQG2Q==/split_config.x86_64.dm': No such file or directory
06-13 06:13:51.326 10396 10396 W ziparchive: Unable to open '/data/app/~~BZQo3PlS2oO5rv85Yp2NTg==/com.samuli.toppi.mobileChatApp-yPk2V4tdU-cOMwA1uhQG2Q==/split_config.x86_64.dm': No such file or directory
06-13 06:13:51.330 10396 10396 W ziparchive: Unable to open '/data/app/~~BZQo3PlS2oO5rv85Yp2NTg==/com.samuli.toppi.mobileChatApp-yPk2V4tdU-cOMwA1uhQG2Q==/split_config.xxhdpi.dm': No such file or directory
06-13 06:13:51.330 10396 10396 W ziparchive: Unable to open '/data/app/~~BZQo3PlS2oO5rv85Yp2NTg==/com.samuli.toppi.mobileChatApp-yPk2V4tdU-cOMwA1uhQG2Q==/split_config.xxhdpi.dm': No such file or directory
06-13 06:13:51.336 10396 10396 D nativeloader: Configuring classloader-namespace for other apk /data/app/~~BZQo3PlS2oO5rv85Yp2NTg==/com.samuli.toppi.mobileChatApp-yPk2V4tdU-cOMwA1uhQG2Q==/base.apk:/data/app/~~BZQo3PlS2oO5rv85Yp2NTg==/com.samuli.toppi.mobileChatApp-yPk2V4tdU-cOMwA1uhQG2Q==/split_config.en.apk:/data/app/~~BZQo3PlS2oO5rv85Yp2NTg==/com.samuli.toppi.mobileChatApp-yPk2V4tdU-cOMwA1uhQG2Q==/split_config.fi.apk:/data/app/~~BZQo3PlS2oO5rv85Yp2NTg==/com.samuli.toppi.mobileChatApp-yPk2V4tdU-cOMwA1uhQG2Q==/split_config.x86_64.apk:/data/app/~~BZQo3PlS2oO5rv85Yp2NTg==/com.samuli.toppi.mobileChatApp-yPk2V4tdU-cOMwA1uhQG2Q==/split_config.xxhdpi.apk. target_sdk_version=33, uses_libraries=, library_path=/data/app/~~BZQo3PlS2oO5rv85Yp2NTg==/com.samuli.toppi.mobileChatApp-yPk2V4tdU-cOMwA1uhQG2Q==/lib/x86_64:/data/app/~~BZQo3PlS2oO5rv85Yp2NTg==/com.samuli.toppi.mobileChatApp-yPk2V4tdU-cOMwA1uhQG2Q==/base.apk!/lib/x86_64:/data/app/~~BZQo3PlS2oO5rv85Yp2NTg==/com.samuli.toppi.mobileChatApp-yPk2V4tdU-cOMwA1uhQG2Q==/split_config.en.apk!/lib/x86_64:/data/app/~~BZQo
06-13 06:13:51.444 10396 10396 V GraphicsEnvironment: ANGLE Developer option for 'com.samuli.toppi.mobileChatApp' set to: 'default'
06-13 06:13:51.446 10396 10396 V GraphicsEnvironment: ANGLE GameManagerService for com.samuli.toppi.mobileChatApp: false
06-13 06:13:51.668  4783  4889 I Finsky  : [87] kwh.a(47): AIM: AppInfoManager-Perf > OnDeviceAppInfo > cacheHitCount=0, cacheMissCount=1. Missed  in cache (limit 10) : [com.samuli.toppi.mobileChatApp]
