06-13 06:40:14.391 11761 11800 V SoLoader: libexpo-modules-core.so not found on /data/app/~~BZQo3PlS2oO5rv85Yp2NTg==/com.samuli.toppi.mobileChatApp-yPk2V4tdU-cOMwA1uhQG2Q==/split_config.fi.apk!/lib/x86_64
06-13 06:40:14.391 11761 11800 V SoLoader: libexpo-modules-core.so not found on /data/app/~~BZQo3PlS2oO5rv85Yp2NTg==/com.samuli.toppi.mobileChatApp-yPk2V4tdU-cOMwA1uhQG2Q==/split_config.xxhdpi.apk!/lib/x86_64
06-13 06:40:14.391 11761 11800 V SoLoader: libexpo-modules-core.so not found on /data/app/~~BZQo3PlS2oO5rv85Yp2NTg==/com.samuli.toppi.mobileChatApp-yPk2V4tdU-cOMwA1uhQG2Q==/split_config.en.apk!/lib/x86_64
06-13 06:40:14.392 11761 11800 V SoLoader: libexpo-modules-core.so not found on /data/app/~~BZQo3PlS2oO5rv85Yp2NTg==/com.samuli.toppi.mobileChatApp-yPk2V4tdU-cOMwA1uhQG2Q==/split_config.x86_64.apk!/lib/x86_64
06-13 06:40:14.392 11761 11800 V SoLoader: libexpo-modules-core.so not found on /data/app/~~BZQo3PlS2oO5rv85Yp2NTg==/com.samuli.toppi.mobileChatApp-yPk2V4tdU-cOMwA1uhQG2Q==/split_config.xxhdpi.apk!/lib/x86_64
06-13 06:40:14.401 11761 11800 V SoLoader: libreact_nativemodule_core.so not found on /data/app/~~BZQo3PlS2oO5rv85Yp2NTg==/com.samuli.toppi.mobileChatApp-yPk2V4tdU-cOMwA1uhQG2Q==/lib/x86_64
06-13 06:40:14.401 11761 11800 V SoLoader: libreact_nativemodule_core.so not found on /data/app/~~BZQo3PlS2oO5rv85Yp2NTg==/com.samuli.toppi.mobileChatApp-yPk2V4tdU-cOMwA1uhQG2Q==/base.apk!/lib/x86_64
06-13 06:40:14.401 11761 11800 V SoLoader: libreact_nativemodule_core.so not found on /data/app/~~BZQo3PlS2oO5rv85Yp2NTg==/com.samuli.toppi.mobileChatApp-yPk2V4tdU-cOMwA1uhQG2Q==/split_config.fi.apk!/lib/x86_64
06-13 06:40:14.401 11761 11800 V SoLoader: libreact_nativemodule_core.so not found on /data/app/~~BZQo3PlS2oO5rv85Yp2NTg==/com.samuli.toppi.mobileChatApp-yPk2V4tdU-cOMwA1uhQG2Q==/split_config.xxhdpi.apk!/lib/x86_64
06-13 06:40:14.402 11761 11800 V SoLoader: libreact_nativemodule_core.so not found on /data/app/~~BZQo3PlS2oO5rv85Yp2NTg==/com.samuli.toppi.mobileChatApp-yPk2V4tdU-cOMwA1uhQG2Q==/split_config.en.apk!/lib/x86_64
06-13 06:40:14.403 11761 11800 V SoLoader: libreact_nativemodule_core.so not found on /data/app/~~BZQo3PlS2oO5rv85Yp2NTg==/com.samuli.toppi.mobileChatApp-yPk2V4tdU-cOMwA1uhQG2Q==/split_config.x86_64.apk!/lib/x86_64
06-13 06:40:14.403 11761 11800 V SoLoader: libreact_nativemodule_core.so not found on /data/app/~~BZQo3PlS2oO5rv85Yp2NTg==/com.samuli.toppi.mobileChatApp-yPk2V4tdU-cOMwA1uhQG2Q==/split_config.xxhdpi.apk!/lib/x86_64
06-13 06:40:14.415 11761 11800 D SoLoader: libreact_nativemodule_core.so found on /data/app/~~BZQo3PlS2oO5rv85Yp2NTg==/com.samuli.toppi.mobileChatApp-yPk2V4tdU-cOMwA1uhQG2Q==/split_config.x86_64.apk!/lib/x86_64
06-13 06:40:14.439 11761 11800 D SoLoader: libexpo-modules-core.so found on /data/app/~~BZQo3PlS2oO5rv85Yp2NTg==/com.samuli.toppi.mobileChatApp-yPk2V4tdU-cOMwA1uhQG2Q==/split_config.x86_64.apk!/lib/x86_64
06-13 06:40:14.439 11761 11800 V SoLoader: libturbomodulejsijni.so not found on /data/app/~~BZQo3PlS2oO5rv85Yp2NTg==/com.samuli.toppi.mobileChatApp-yPk2V4tdU-cOMwA1uhQG2Q==/lib/x86_64
06-13 06:40:14.440 11761 11800 V SoLoader: libturbomodulejsijni.so not found on /data/app/~~BZQo3PlS2oO5rv85Yp2NTg==/com.samuli.toppi.mobileChatApp-yPk2V4tdU-cOMwA1uhQG2Q==/base.apk!/lib/x86_64
06-13 06:40:14.440 11761 11800 V SoLoader: libturbomodulejsijni.so not found on /data/app/~~BZQo3PlS2oO5rv85Yp2NTg==/com.samuli.toppi.mobileChatApp-yPk2V4tdU-cOMwA1uhQG2Q==/split_config.fi.apk!/lib/x86_64
06-13 06:40:14.440 11761 11800 V SoLoader: libturbomodulejsijni.so not found on /data/app/~~BZQo3PlS2oO5rv85Yp2NTg==/com.samuli.toppi.mobileChatApp-yPk2V4tdU-cOMwA1uhQG2Q==/split_config.xxhdpi.apk!/lib/x86_64
06-13 06:40:14.441 11761 11800 V SoLoader: libturbomodulejsijni.so not found on /data/app/~~BZQo3PlS2oO5rv85Yp2NTg==/com.samuli.toppi.mobileChatApp-yPk2V4tdU-cOMwA1uhQG2Q==/split_config.en.apk!/lib/x86_64
06-13 06:40:14.441 11761 11800 V SoLoader: libturbomodulejsijni.so not found on /data/app/~~BZQo3PlS2oO5rv85Yp2NTg==/com.samuli.toppi.mobileChatApp-yPk2V4tdU-cOMwA1uhQG2Q==/split_config.x86_64.apk!/lib/x86_64
06-13 06:40:14.441 11761 11800 V SoLoader: libturbomodulejsijni.so not found on /data/app/~~BZQo3PlS2oO5rv85Yp2NTg==/com.samuli.toppi.mobileChatApp-yPk2V4tdU-cOMwA1uhQG2Q==/split_config.xxhdpi.apk!/lib/x86_64
06-13 06:40:14.452 11761 11800 D SoLoader: libturbomodulejsijni.so found on /data/app/~~BZQo3PlS2oO5rv85Yp2NTg==/com.samuli.toppi.mobileChatApp-yPk2V4tdU-cOMwA1uhQG2Q==/split_config.x86_64.apk!/lib/x86_64
06-13 06:40:14.497 11761 11800 V SoLoader: libreactnativeblob.so not found on /data/app/~~BZQo3PlS2oO5rv85Yp2NTg==/com.samuli.toppi.mobileChatApp-yPk2V4tdU-cOMwA1uhQG2Q==/lib/x86_64
06-13 06:40:14.497 11761 11800 V SoLoader: libreactnativeblob.so not found on /data/app/~~BZQo3PlS2oO5rv85Yp2NTg==/com.samuli.toppi.mobileChatApp-yPk2V4tdU-cOMwA1uhQG2Q==/base.apk!/lib/x86_64
06-13 06:40:14.497 11761 11800 V SoLoader: libreactnativeblob.so not found on /data/app/~~BZQo3PlS2oO5rv85Yp2NTg==/com.samuli.toppi.mobileChatApp-yPk2V4tdU-cOMwA1uhQG2Q==/split_config.fi.apk!/lib/x86_64
06-13 06:40:14.498 11761 11800 V SoLoader: libreactnativeblob.so not found on /data/app/~~BZQo3PlS2oO5rv85Yp2NTg==/com.samuli.toppi.mobileChatApp-yPk2V4tdU-cOMwA1uhQG2Q==/split_config.xxhdpi.apk!/lib/x86_64
06-13 06:40:14.498 11761 11800 V SoLoader: libreactnativeblob.so not found on /data/app/~~BZQo3PlS2oO5rv85Yp2NTg==/com.samuli.toppi.mobileChatApp-yPk2V4tdU-cOMwA1uhQG2Q==/split_config.en.apk!/lib/x86_64
06-13 06:40:14.498 11761 11800 V SoLoader: libreactnativeblob.so not found on /data/app/~~BZQo3PlS2oO5rv85Yp2NTg==/com.samuli.toppi.mobileChatApp-yPk2V4tdU-cOMwA1uhQG2Q==/split_config.x86_64.apk!/lib/x86_64
06-13 06:40:14.498 11761 11800 V SoLoader: libreactnativeblob.so not found on /data/app/~~BZQo3PlS2oO5rv85Yp2NTg==/com.samuli.toppi.mobileChatApp-yPk2V4tdU-cOMwA1uhQG2Q==/split_config.xxhdpi.apk!/lib/x86_64
06-13 06:40:14.504 11761 11800 D SoLoader: libreactnativeblob.so found on /data/app/~~BZQo3PlS2oO5rv85Yp2NTg==/com.samuli.toppi.mobileChatApp-yPk2V4tdU-cOMwA1uhQG2Q==/split_config.x86_64.apk!/lib/x86_64
06-13 06:40:14.540 11761 11800 V SoLoader: libreanimated.so not found on /data/app/~~BZQo3PlS2oO5rv85Yp2NTg==/com.samuli.toppi.mobileChatApp-yPk2V4tdU-cOMwA1uhQG2Q==/lib/x86_64
06-13 06:40:14.540 11761 11800 V SoLoader: libreanimated.so not found on /data/app/~~BZQo3PlS2oO5rv85Yp2NTg==/com.samuli.toppi.mobileChatApp-yPk2V4tdU-cOMwA1uhQG2Q==/base.apk!/lib/x86_64
06-13 06:40:14.540 11761 11800 V SoLoader: libreanimated.so not found on /data/app/~~BZQo3PlS2oO5rv85Yp2NTg==/com.samuli.toppi.mobileChatApp-yPk2V4tdU-cOMwA1uhQG2Q==/split_config.fi.apk!/lib/x86_64
06-13 06:40:14.540 11761 11800 V SoLoader: libreanimated.so not found on /data/app/~~BZQo3PlS2oO5rv85Yp2NTg==/com.samuli.toppi.mobileChatApp-yPk2V4tdU-cOMwA1uhQG2Q==/split_config.xxhdpi.apk!/lib/x86_64
06-13 06:40:14.541 11761 11800 V SoLoader: libreanimated.so not found on /data/app/~~BZQo3PlS2oO5rv85Yp2NTg==/com.samuli.toppi.mobileChatApp-yPk2V4tdU-cOMwA1uhQG2Q==/split_config.en.apk!/lib/x86_64
06-13 06:40:14.541 11761 11800 V SoLoader: libreanimated.so not found on /data/app/~~BZQo3PlS2oO5rv85Yp2NTg==/com.samuli.toppi.mobileChatApp-yPk2V4tdU-cOMwA1uhQG2Q==/split_config.x86_64.apk!/lib/x86_64
06-13 06:40:14.542 11761 11800 V SoLoader: libreanimated.so not found on /data/app/~~BZQo3PlS2oO5rv85Yp2NTg==/com.samuli.toppi.mobileChatApp-yPk2V4tdU-cOMwA1uhQG2Q==/split_config.xxhdpi.apk!/lib/x86_64
06-13 06:40:14.564 11761 11800 D SoLoader: libreanimated.so found on /data/app/~~BZQo3PlS2oO5rv85Yp2NTg==/com.samuli.toppi.mobileChatApp-yPk2V4tdU-cOMwA1uhQG2Q==/split_config.x86_64.apk!/lib/x86_64
06-13 06:40:14.830 11761 11801 E AndroidRuntime: Process: com.samuli.toppi.mobileChatApp, PID: 11761
06-13 06:40:14.865   632  2492 W ActivityTaskManager:   Force finishing activity com.samuli.toppi.mobileChatApp/.MainActivity
06-13 06:40:14.989   632  2492 I ActivityManager: Process com.samuli.toppi.mobileChatApp (pid 11761) has died: prcp TOP 
06-13 06:40:14.990   632  1795 I WindowManager: WIN DEATH: Window{33ba593 u0 com.samuli.toppi.mobileChatApp/com.samuli.toppi.mobileChatApp.MainActivity}
06-13 06:40:14.998   632  1795 W InputManager-JNI: Input channel object '33ba593 com.samuli.toppi.mobileChatApp/com.samuli.toppi.mobileChatApp.MainActivity (client)' was disposed without first being removed with the input manager!
06-13 06:40:15.226   632   659 W WindowManager: Failed to deliver inset state change to w=Window{33ba593 u0 com.samuli.toppi.mobileChatApp/com.samuli.toppi.mobileChatApp.MainActivity EXITING}
06-13 06:40:15.262   632   659 W WindowManager: Exception thrown during dispatchAppVisibility Window{33ba593 u0 com.samuli.toppi.mobileChatApp/com.samuli.toppi.mobileChatApp.MainActivity EXITING}
06-13 07:23:18.374  4783  4853 I Finsky  : [68] sqc.s(37): IQ: Attempting uninstall. packages=[com.samuli.toppi.mobileChatApp]
06-13 07:23:18.388  4783  4853 I Finsky  : [68] sqc.f(53): IQ: Canceling installs. packages=[com.samuli.toppi.mobileChatApp] from surface=27
06-13 07:23:18.431  4783 13077 I Finsky  : [436] lmt.b(117): AAM: Canceling app install. Auto-archiving is not in progress: com.samuli.toppi.mobileChatApp
06-13 07:23:18.682  4783 13077 I Finsky  : [436] kne.a(578): Uninstaller: Notifying status update. package=com.samuli.toppi.mobileChatApp, status=UNINSTALLING
06-13 07:23:18.702   632   668 I ActivityManager: Force stopping com.samuli.toppi.mobileChatApp appid=10161 user=0: deletePackageX
06-13 07:23:18.716  4783 13077 W Finsky  : [436] spr.call(41): IQ: Cannot find installStatus. Using status from installer: status=com.samuli.toppi.mobileChatApp [state=UNINSTALLING, status_code=0, request=package_name=com.samuli.toppi.mobileChatApp, pm_package_name=, version=-1, priority=2, reason=, account_name=, type=0, isid=zb7FMCP-QYesTScn99ytrw, constraints=((NETWORK=ANY, PROVISIONING_STATE=PROVISIONED, BACKUP_MANAGER_STATE=BACKUP_READY, PROCESS_IMPORTANCE_THRESHOLD=125),), is_user_expedited=false] [tsc=PT477295H23M18.713S, tslu=PT0S]
06-13 07:23:18.722  4783 13077 I Finsky  : [436] sqc.M(33): IQ: Notifying installation update. [Package:com.samuli.toppi.mobileChatApp, isid:zb7FMCP-QYesTScn99ytrw], status=UNINSTALLING, status_code=0, reason=, tsc=PT477295H23M18.722S
06-13 07:23:18.820  4783  4783 I Finsky  : [2] oxi.s(174): DL: Data loader session turned off due to Incremental install not requested: com.samuli.toppi.mobileChatApp
06-13 07:23:18.904  4783  4783 I Finsky  : [2] aafp.jN(55): PIM: Ignore install package event for: com.samuli.toppi.mobileChatApp, isid: zb7FMCP-QYesTScn99ytrw
06-13 07:23:18.954   632   693 I PackageManager: Removing permission com.samuli.toppi.mobileChatApp.DYNAMIC_RECEIVER_NOT_EXPORTED_PERMISSION that used to be declared by com.samuli.toppi.mobileChatApp
06-13 07:23:19.465   632   693 I ActivityManager: Force stopping com.samuli.toppi.mobileChatApp appid=10161 user=0: pkg removed
06-13 07:23:19.502  4783  4783 I Finsky  : [2] ajos.a(22): Uninstaller: UNINSTALL successful. packageName=com.samuli.toppi.mobileChatApp
06-13 07:23:19.672   632   693 I ActivityManager: Force stopping com.samuli.toppi.mobileChatApp appid=10161 user=0: pkg removed
06-13 07:23:19.846  1492  1492 I MediaProvider: Invalidating LocalCallingIdentity cache for package com.samuli.toppi.mobileChatApp. Reason: package android.intent.action.PACKAGE_REMOVED
06-13 07:23:19.910   632   750 V StorageManagerService: Package com.samuli.toppi.mobileChatApp does not have legacy storage
06-13 07:23:19.975   632   774 W WifiService: Couldn't get PackageInfo for package:com.samuli.toppi.mobileChatApp
06-13 07:23:19.983   632   774 D WifiService: Remove settings for package:com.samuli.toppi.mobileChatApp
06-13 07:23:20.019   632   774 D WifiConfigManager: Remove all networks for app ApplicationInfo{4e033d9 com.samuli.toppi.mobileChatApp}
06-13 07:23:20.091  4783  4783 I Finsky  : [2] yey.x(82): Package no longer installed: com.samuli.toppi.mobileChatApp
06-13 07:23:20.119  4783  4783 I Finsky  : [2] yey.x(82): Package no longer installed: com.samuli.toppi.mobileChatApp
06-13 07:23:20.176  4783 13091 I Finsky  : [443] kba.a(178): Asset module storage cleared for package com.samuli.toppi.mobileChatApp.
06-13 07:23:20.216  4783  4783 I Finsky  : [2] sqb.kf(64): IQ: onPackageRemoved com.samuli.toppi.mobileChatApp, replacing=false, uninstallingFromPlay=true
06-13 07:23:20.220  4783 13077 I Finsky  : [436] sqc.f(53): IQ: Canceling installs. packages=[com.samuli.toppi.mobileChatApp] from surface=35
06-13 07:23:20.220  4783 13077 I Finsky  : [436] lmt.b(117): AAM: Canceling app install. Auto-archiving is not in progress: com.samuli.toppi.mobileChatApp
06-13 07:23:20.234  4783 13077 I Finsky  : [436] sqc.M(33): IQ: Notifying installation update. [Package:com.samuli.toppi.mobileChatApp, isid:zb7FMCP-QYesTScn99ytrw], status=CANCELLING, status_code=0, reason=, tsc=PT477295H23M20.233S
06-13 07:23:20.267   632   726 I RollbackManager: broadcast=ACTION_PACKAGE_FULLY_REMOVED pkg=com.samuli.toppi.mobileChatApp
06-13 07:23:20.269   632   774 I PasspointManager: No app ops listener found for com.samuli.toppi.mobileChatApp
06-13 07:23:20.298   632   774 W WifiService: Couldn't get PackageInfo for package:com.samuli.toppi.mobileChatApp
06-13 07:23:20.298   632   774 D WifiService: Remove settings for package:com.samuli.toppi.mobileChatApp
06-13 07:23:20.299   632   774 D WifiConfigManager: Remove all networks for app ApplicationInfo{a0ce868 com.samuli.toppi.mobileChatApp}
06-13 07:23:20.318  4783 13077 I Finsky  : [436] sqc.M(33): IQ: Notifying installation update. [Package:com.samuli.toppi.mobileChatApp, isid:zb7FMCP-QYesTScn99ytrw], status=UNINSTALLED, status_code=0, reason=, tsc=PT477295H23M20.297S
06-13 07:23:20.323   632   774 I PasspointManager: No app ops listener found for com.samuli.toppi.mobileChatApp
06-13 07:23:20.340  4783  4864 I Finsky  : [77] kwh.a(47): AIM: AppInfoManager-Perf > OnDeviceAppInfo > cacheHitCount=0, cacheMissCount=1. Missed  in cache (limit 10) : [com.samuli.toppi.mobileChatApp]
06-13 07:23:20.379  1017  1017 D CarrierSvcBindHelper: onPackageRemoved: com.samuli.toppi.mobileChatApp
06-13 07:23:20.447   632   632 I GameManagerService: Disabling downscale for com.samuli.toppi.mobileChatApp
06-13 07:23:20.473  4783  4783 I Finsky  : [2] yey.x(82): Package no longer installed: com.samuli.toppi.mobileChatApp
06-13 07:23:20.541  4783  4879 I Finsky  : [82] kwc.a(215): AIM: AppInfoManager-Perf > ItemModel > CacheSize=0, cacheHitCount=0, cacheMissCount=1, total appsWithNoServerDataCount=0. Missed  in cache (limit 10) : [com.samuli.toppi.mobileChatApp]
06-13 07:23:20.546  4783  4783 I Finsky  : [2] oxi.s(174): DL: Data loader session turned off due to Incremental install not requested: com.samuli.toppi.mobileChatApp
06-13 07:23:20.573  4783  4783 I Finsky  : [2] aafp.jN(75): PIM: Handling install package event for: com.samuli.toppi.mobileChatApp status:  CANCELLING, isid: zb7FMCP-QYesTScn99ytrw
06-13 07:23:20.600  4783 13077 I Finsky  : [436] sqc.M(33): IQ: Notifying installation update. [Package:com.samuli.toppi.mobileChatApp, isid:zb7FMCP-QYesTScn99ytrw], status=DOWNLOAD_CANCELLED, status_code=0, reason=, tsc=PT477295H23M20.598S
06-13 07:23:20.601  1211 13095 I ProximityAuth: [RecentAppsMediator] Package removed: (user=UserHandle{0}) com.samuli.toppi.mobileChatApp
06-13 07:23:20.625   632   632 I Telecom : CarModeTracker: Package com.samuli.toppi.mobileChatApp is not tracked.: SSH.oR@Aog
06-13 07:23:20.640  4783  4783 I Finsky  : [2] oxi.s(174): DL: Data loader session turned off due to Incremental install not requested: com.samuli.toppi.mobileChatApp
06-13 07:23:20.642  4783  4783 I Finsky  : [2] aafp.jN(75): PIM: Handling install package event for: com.samuli.toppi.mobileChatApp status:  UNINSTALLED, isid: zb7FMCP-QYesTScn99ytrw
06-13 07:23:20.679  4783  4783 I Finsky  : [2] yey.x(82): Package no longer installed: com.samuli.toppi.mobileChatApp
06-13 07:23:20.770  4783  4899 I Finsky  : [94] zxt.kE(1284): yea - recording uninstall for com.samuli.toppi.mobileChatApp on [AMY6kkxHb1wpayjzS8ta60hokFPL_cD7SWV-fDKmitk]
06-13 07:23:20.816  4783  4879 I Finsky  : [82] abdj.a(1151): SCU: Failed to abandon the session for [Package:com.samuli.toppi.mobileChatApp, isid:zb7FMCP-QYesTScn99ytrw] due to 5426, msg: Optional[No open Session with Context {name=com.samuli.toppi.mobileChatApp versionCode=-1} was found.]
06-13 07:23:20.918   632   632 I ConditionProviders: Disallowing condition provider com.samuli.toppi.mobileChatApp (userSet: true)
06-13 07:23:21.006  4783  4899 I Finsky  : [94] tui.apply(413): ItemStore: Not cached: com.samuli.toppi.mobileChatApp
06-13 07:23:21.114  4783  4783 I Finsky  : [2] oxi.s(174): DL: Data loader session turned off due to Incremental install not requested: com.samuli.toppi.mobileChatApp
06-13 07:23:21.132  4783  4783 I Finsky  : [2] aafp.jN(75): PIM: Handling install package event for: com.samuli.toppi.mobileChatApp status:  DOWNLOAD_CANCELLED, isid: zb7FMCP-QYesTScn99ytrw
06-13 07:23:21.132  4783  4783 I Finsky  : [2] aafp.jN(226): PIM: Stopping icon download for com.samuli.toppi.mobileChatApp
06-13 07:23:21.132  4783  4783 I Finsky  : [2] sjw.b(7): Canceling bitmap for com.samuli.toppi.mobileChatApp
06-13 07:23:21.133  4783  4862 I Finsky  : [76] lpu.b(25): AU2: Failure History successfully updated for package com.samuli.toppi.mobileChatApp, attempting to upgrade to version -1 with install reason UNKNOWN and status_code 0
06-13 07:23:21.596  1456 13173 W SQLiteLog: (28) double-quoted string literal: "com.samuli.toppi.mobileChatApp"
06-13 07:23:21.739  1456 13194 I Icing   : doRemovePackageData com.samuli.toppi.mobileChatApp
06-13 07:23:23.626  4783  4783 I Finsky  : [2] yey.x(82): Package no longer installed: com.samuli.toppi.mobileChatApp
06-13 07:23:25.743  1225  1225 D Launcher.Model: package removed received com.samuli.toppi.mobileChatApp
06-13 07:23:25.752  1225  1269 D PackageUpdatedTask: Removing app iconcom.samuli.toppi.mobileChatApp
06-13 07:23:26.060  1225  1269 D ModelWriter: removing items from db . Reason: [removed because the corresponding package or component is removed. mOp=3 removedPackages=[com.samuli.toppi.mobileChatApp] removedComponents=[]]
06-13 07:23:27.215 13135 13135 D PersistedStoragePackageUninstalledReceiver: Received android.intent.action.PACKAGE_FULLY_REMOVED for com.samuli.toppi.mobileChatApp for u0
06-13 07:23:27.353  1492  2038 D MediaProvider: Deleted 0 Android/media items belonging to com.samuli.toppi.mobileChatApp on /data/user/0/com.google.android.providers.media.module/databases/external.db
06-13 07:23:41.906  4783  4850 I Finsky  : [66] sqa.accept(200): IQ: Attempting to validate incoming request. [Package:com.samuli.toppi.mobileChatApp, isid:3tdedancQNKjXock2kEvRg]
06-13 07:23:41.907  4783  4850 I Finsky  : [66] srq.a(239): IQ::SLP: Process requests [Package:com.samuli.toppi.mobileChatApp, isid:3tdedancQNKjXock2kEvRg].
06-13 07:23:41.921  4783  4899 I Finsky  : [94] spx.apply(456): IQ::PromiseIconPreprocessor: Creating PackageInstaller Session for [Package:com.samuli.toppi.mobileChatApp, isid:3tdedancQNKjXock2kEvRg]
06-13 07:23:41.923  4783  4899 I Finsky  : [94] spx.apply(713): IQ::IHP: [Package:com.samuli.toppi.mobileChatApp, isid:3tdedancQNKjXock2kEvRg] is not applicable for install holdoff, modifying constraint.
06-13 07:23:41.935  4783  4899 I Finsky  : [94] sqc.m(68): IQ: Scheduling install request package_name=com.samuli.toppi.mobileChatApp, pm_package_name=com.samuli.toppi.mobileChatApp, version=3, priority=2, reason=tickle, account_name=[AMY6kkxHb1wpayjzS8ta60hokFPL_cD7SWV-fDKmitk], type=0, isid=3tdedancQNKjXock2kEvRg, constraints=((IGNORE_HOLDOFF=true, NETWORK=ANY, PROVISIONING_STATE=PROVISIONED, BACKUP_MANAGER_STATE=BACKUP_READY, ALLOWED_DURING_ENTERPRISE_SETUP, PROCESS_IMPORTANCE_THRESHOLD=125),)
06-13 07:23:41.958  4783 13077 I Finsky  : [436] sqc.M(33): IQ: Notifying installation update. [Package:com.samuli.toppi.mobileChatApp, isid:3tdedancQNKjXock2kEvRg], status=SCHEDULED, status_code=0, reason=tickle, tsc=PT0.073S
06-13 07:23:41.963  4783  4889 I Finsky  : [87] oxi.s(174): DL: Data loader session turned off due to Incremental install not requested: com.samuli.toppi.mobileChatApp
06-13 07:23:42.062  4783  4783 I Finsky  : [2] oxi.s(174): DL: Data loader session turned off due to Incremental install not requested: com.samuli.toppi.mobileChatApp
06-13 07:23:42.082  4783  4783 I Finsky  : [2] aafp.jN(75): PIM: Handling install package event for: com.samuli.toppi.mobileChatApp status:  SCHEDULED, isid: 3tdedancQNKjXock2kEvRg
06-13 07:23:42.088  4783  4899 I Finsky  : [94] kwh.a(47): AIM: AppInfoManager-Perf > OnDeviceAppInfo > cacheHitCount=0, cacheMissCount=1. Missed  in cache (limit 10) : [com.samuli.toppi.mobileChatApp]
06-13 07:23:42.134  4783  4899 I Finsky  : [94] kwc.a(215): AIM: AppInfoManager-Perf > ItemModel > CacheSize=0, cacheHitCount=0, cacheMissCount=1, total appsWithNoServerDataCount=0. Missed  in cache (limit 10) : [com.samuli.toppi.mobileChatApp]
06-13 07:23:42.141  4783 13143 I Finsky  : [460] stu.a(239): SM: Session with Context {name=com.samuli.toppi.mobileChatApp versionCode=3} successfully created
06-13 07:23:42.184  4783  4783 W Finsky  : [2] aebt.b(126): STU: Failed to get storage stats for package 'com.samuli.toppi.mobileChatApp' (1601: Error getting stats: android.content.pm.PackageManager.NameNotFoundException)
06-13 07:23:42.213  4783  4899 I Finsky  : [94] aafp.h(7): PIM: Loading icon for: com.samuli.toppi.mobileChatApp
06-13 07:23:42.217  4783  4899 I Finsky  : [94] sjw.d(91): Received cached bitmap for com.samuli.toppi.mobileChatApp
06-13 07:23:42.219  4783  4899 I Finsky  : [94] ojo.a(492): PIM: Successfully retrieved bitmap for package: com.samuli.toppi.mobileChatApp.
06-13 07:23:42.285  1225  1269 D InstallSessionHelper: Adding package name to install queue: com.samuli.toppi.mobileChatApp
06-13 07:23:42.328  1225  1269 D ItemInstallQueue: Adding PendingInstallShortcutInfo to queue. Attached info: WorkspaceItemInfo(id=-1 type=APP container=# com.android.launcher3.logger.LauncherAtom$ContainerInfo@7bc6f targetComponent=ComponentInfo{com.samuli.toppi.mobileChatApp/} screen=-1 cell(-1,-1) span(1,1) minSpan(1,1) rank=0 user=UserHandle{0} title=Pending…)
06-13 07:23:42.377  4783  4864 I Finsky  : [77] yey.x(82): Package no longer installed: com.samuli.toppi.mobileChatApp
06-13 07:23:42.870  4783  4864 I Finsky  : [77] spo.a(191): IQ: There are 1 installs pending for job 54: [com.samuli.toppi.mobileChatApp]
06-13 07:23:42.920  4783  4889 I Finsky  : [87] rgw.a(748): IQ: proceed install request for [Package:com.samuli.toppi.mobileChatApp, isid:3tdedancQNKjXock2kEvRg].
06-13 07:23:42.921  4783  4889 I Finsky  : [87] sqc.Q(138): IQ: Notifying installation update. [Package:com.samuli.toppi.mobileChatApp, isid:3tdedancQNKjXock2kEvRg], status=DOWNLOAD_PENDING, status_code=0, reason=tickle, tsc=PT1.035S
06-13 07:23:42.970  4783  4899 I Finsky  : [94] srd.h(69): IQ: Requesting install request=package_name=com.samuli.toppi.mobileChatApp, pm_package_name=com.samuli.toppi.mobileChatApp, version=3, priority=2, reason=tickle, account_name=[AMY6kkxHb1wpayjzS8ta60hokFPL_cD7SWV-fDKmitk], type=0, isid=3tdedancQNKjXock2kEvRg, constraints=((IGNORE_HOLDOFF=true, NETWORK=ANY, PROVISIONING_STATE=PROVISIONED, BACKUP_MANAGER_STATE=BACKUP_READY, ALLOWED_DURING_ENTERPRISE_SETUP, PROCESS_IMPORTANCE_THRESHOLD=125),) using installer.
06-13 07:23:42.971  4783  4899 I Finsky  : [94] oxi.s(174): DL: Data loader session turned off due to Incremental install not requested: com.samuli.toppi.mobileChatApp
06-13 07:23:42.980  4783  4783 I Finsky  : [2] amyo.d(135): UCtl: Capture account null for next update of com.samuli.toppi.mobileChatApp
06-13 07:23:43.003  4783  4783 I Finsky  : [2] oxi.s(174): DL: Data loader session turned off due to Incremental install not requested: com.samuli.toppi.mobileChatApp
06-13 07:23:43.010  4783  4783 I Finsky  : [2] aafp.jN(75): PIM: Handling install package event for: com.samuli.toppi.mobileChatApp status:  DOWNLOAD_PENDING, isid: 3tdedancQNKjXock2kEvRg
06-13 07:23:43.012  4783 13109 I Finsky  : [451] smf.a(22): IV2::EIU: install request for [Package:com.samuli.toppi.mobileChatApp, isid:3tdedancQNKjXock2kEvRg] doesn't require existing install.
06-13 07:23:43.039  4783  4899 I Finsky  : [94] skr.a(256): IV2::DRV: install for [Package:com.samuli.toppi.mobileChatApp, isid:3tdedancQNKjXock2kEvRg] not tracked by installer.
06-13 07:23:43.043  4783 13109 I Finsky  : [451] smg.a(80): IV2::FGCV: Foreground check passed for com.samuli.toppi.mobileChatApp
06-13 07:23:43.179  4783 13109 I Finsky  : [451] oxi.s(174): DL: Data loader session turned off due to Incremental install not requested: com.samuli.toppi.mobileChatApp
06-13 07:23:43.184  4783 13143 I Finsky  : [460] abdj.a(740): SM: Session with Context {name=com.samuli.toppi.mobileChatApp versionCode=3} already exists, skipping creation
06-13 07:23:43.210  4783  4864 I Finsky  : [77] sky.apply(496): IV2::TV: allowMeteredNetwork=true for [Package=com.samuli.toppi.mobileChatApp, isid=3tdedancQNKjXock2kEvRg]
06-13 07:23:43.210  4783  4864 I Finsky  : [77] skr.a(282): IV2::TM: Task added. com.samuli.toppi.mobileChatApp[iid:5] [isid:3tdedancQNKjXock2kEvRg] [tid: 1000000007]
06-13 07:23:43.312  4783  4889 I Finsky  : [87] slu.a(37): IV2::TM: Starting task: com.samuli.toppi.mobileChatApp[iid:5] [isid:3tdedancQNKjXock2kEvRg] [tid: 1000000007]
06-13 07:23:43.320  4783  4889 I Finsky  : [87] slp.e(11): IV2::TD starting task. com.samuli.toppi.mobileChatApp[iid:5] [isid:3tdedancQNKjXock2kEvRg] [tid: 1000000007]
06-13 07:23:43.323  4783 13109 I Finsky  : [451] skr.a(561): IV2::TD: Fetching metadata start. com.samuli.toppi.mobileChatApp[iid:5] [isid:3tdedancQNKjXock2kEvRg] [tid: 1000000007]
06-13 07:23:43.343  4783  4899 I Finsky  : [94] mny.c(9): Attempt creation of cached APK for com.samuli.toppi.mobileChatApp
06-13 07:23:43.470  4783  4899 W Finsky  : [94] nny.c(394): IU: Account  from AppState for update of com.samuli.toppi.mobileChatApp no longer exists.
06-13 07:23:43.961  4783 13109 I Finsky  : [451] sky.apply(242): IV2::TD: Fetching metadata done. com.samuli.toppi.mobileChatApp[iid:5] [isid:3tdedancQNKjXock2kEvRg] [tid: 1000000007]
06-13 07:23:44.441  4783  4899 I Finsky  : [94] tds.a(31): AV::DSC: sufficient disk space space available for com.samuli.toppi.mobileChatApp[iid:5] [isid:3tdedancQNKjXock2kEvRg] [tid: 1000000007]: 41662508
06-13 07:23:44.733  4783  4899 I Finsky  : [94] ajti.run(329): UCtl: For package com.samuli.toppi.mobileChatApp, first update discovery timestamp is set to 1970-01-01T00:00:00Z
06-13 07:23:44.734  4783  4899 I Finsky  : [94] ajti.run(480): UCtl: Package com.samuli.toppi.mobileChatApp client staleness timestamp changed from 1970-01-01T00:00:00Z to 2024-06-13T07:23:44.603Z, available version changed from 2 to 3 or in-app update priority changed from 0 to 0, Server update discovery timestamp is changed from 1970-01-01T00:00:00Z to 1970-01-01T00:00:00Z
06-13 07:23:44.868  4783  4879 W Finsky  : [82] ser.apply(65): AV::PV: Can't download patch for package com.samuli.toppi.mobileChatApp, artifact com.samuli.toppi.mobileChatApp.apk, because didn't receive one in delivery response.
06-13 07:23:44.879  4783  4879 W Finsky  : [82] ser.apply(65): AV::PV: Can't download patch for package com.samuli.toppi.mobileChatApp, artifact config.xxhdpi, because didn't receive one in delivery response.
06-13 07:23:44.891  4783  4879 W Finsky  : [82] ser.apply(65): AV::PV: Can't download patch for package com.samuli.toppi.mobileChatApp, artifact config.fi, because didn't receive one in delivery response.
06-13 07:23:44.908  4783  4879 W Finsky  : [82] ser.apply(65): AV::PV: Can't download patch for package com.samuli.toppi.mobileChatApp, artifact config.en, because didn't receive one in delivery response.
06-13 07:23:44.919  4783  4879 W Finsky  : [82] ser.apply(65): AV::PV: Can't download patch for package com.samuli.toppi.mobileChatApp, artifact config.x86_64, because didn't receive one in delivery response.
06-13 07:23:44.926  4783 13109 I Finsky  : [451] skr.a(472): IV2::TD: Resource fetch start. com.samuli.toppi.mobileChatApp[iid:5] [isid:3tdedancQNKjXock2kEvRg] [tid: 1000000007]
06-13 07:23:44.938  4783 13109 I Finsky  : [451] kiz.accept(70): IV2: onTaskProgress com.samuli.toppi.mobileChatApp[iid:5] [isid:3tdedancQNKjXock2kEvRg] status:3, size: 0/0
06-13 07:23:44.957  4783 13077 I Finsky  : [436] sqc.M(33): IQ: Notifying installation update. [Package:com.samuli.toppi.mobileChatApp, isid:3tdedancQNKjXock2kEvRg], status=DOWNLOADING, status_code=0, reason=tickle, tsc=PT3.072S
06-13 07:23:45.064  4783  4783 I Finsky  : [2] oxi.s(174): DL: Data loader session turned off due to Incremental install not requested: com.samuli.toppi.mobileChatApp
06-13 07:23:45.066  4783  4889 I Finsky  : [87] abfw.p(25): RM: create resource request id 3c1d0777-f5aa-41c0-80b3-277c43d8021c for request com.samuli.toppi.mobileChatApp.apk reason: tickle isid: 3tdedancQNKjXock2kEvRg
06-13 07:23:45.087  4783  4783 I Finsky  : [2] aafp.jN(75): PIM: Handling install package event for: com.samuli.toppi.mobileChatApp status:  DOWNLOADING, isid: 3tdedancQNKjXock2kEvRg
06-13 07:23:45.250  4783  4879 I Finsky  : [82] abfw.p(25): RM: create resource request id 2a006aee-0b3c-4c81-8f32-427460708391 for request com.samuli.toppi.mobileChatApp.dm reason: tickle isid: 3tdedancQNKjXock2kEvRg
06-13 07:23:45.767 13152 13545 I Finsky:background: [105] oro.call(1153): DS: enqueue(request_id=53, files_to_download=[com.samuli.toppi.mobileChatApp.apk(size:10946055)], context[group_id=com.samuli.toppi.mobileChatApp:3tdedancQNKjXock2kEvRg], display_data[invisible=false, title=com.samuli.toppi.mobileChatApp (unreviewed)], network_restrictions=ANY_NETWORK
06-13 07:23:45.767 13152 13545 I Finsky:background: [105] oro.call(1153): DS: enqueue(request_id=54, files_to_download=[config.en(size:10873)], context[group_id=com.samuli.toppi.mobileChatApp:3tdedancQNKjXock2kEvRg], display_data[invisible=false, title=com.samuli.toppi.mobileChatApp (unreviewed)], network_restrictions=ANY_NETWORK
06-13 07:23:45.767 13152 13545 I Finsky:background: [105] oro.call(1153): DS: enqueue(request_id=55, files_to_download=[config.xxhdpi(size:72947)], context[group_id=com.samuli.toppi.mobileChatApp:3tdedancQNKjXock2kEvRg], display_data[invisible=false, title=com.samuli.toppi.mobileChatApp (unreviewed)], network_restrictions=ANY_NETWORK
06-13 07:23:45.768 13152 13545 I Finsky:background: [105] oro.call(1153): DS: enqueue(request_id=56, files_to_download=[config.fi(size:9717)], context[group_id=com.samuli.toppi.mobileChatApp:3tdedancQNKjXock2kEvRg], display_data[invisible=false, title=com.samuli.toppi.mobileChatApp (unreviewed)], network_restrictions=ANY_NETWORK
06-13 07:23:45.776 13152 13545 I Finsky:background: [105] oro.call(1153): DS: enqueue(request_id=57, files_to_download=[config.x86_64(size:5495268)], context[group_id=com.samuli.toppi.mobileChatApp:3tdedancQNKjXock2kEvRg], display_data[invisible=false, title=com.samuli.toppi.mobileChatApp (unreviewed)], network_restrictions=ANY_NETWORK
06-13 07:23:45.840 13152 13545 I Finsky:background: [105] oro.call(1153): DS: enqueue(request_id=58, files_to_download=[com.samuli.toppi.mobileChatApp.dm(size:479531)], context[group_id=com.samuli.toppi.mobileChatApp:3tdedancQNKjXock2kEvRg], display_data[invisible=false, title=com.samuli.toppi.mobileChatApp (unreviewed)], network_restrictions=ANY_NETWORK
06-13 07:23:46.573  4783  4783 I Finsky  : [2] bera.C(45): RM: receive resource status onStart com.samuli.toppi.mobileChatApp.apk reason: tickle isid: 3tdedancQNKjXock2kEvRg, 2, 192, size: 0/10946055
06-13 07:23:46.573  4783  4783 I Finsky  : [2] bera.B(45): RM: receive resource status onProgress com.samuli.toppi.mobileChatApp.apk reason: tickle isid: 3tdedancQNKjXock2kEvRg, 2, 192, size: 0/10946055
06-13 07:23:46.709 13152 13545 I Finsky:background: [105] otc.h(316): DS: onGetDownload(request_id=53, files_to_download=[com.samuli.toppi.mobileChatApp.apk(size:10946055)], context[group_id=com.samuli.toppi.mobileChatApp:3tdedancQNKjXock2kEvRg], display_data[invisible=false, title=com.samuli.toppi.mobileChatApp (unreviewed)], network_restrictions=ANY_NETWORK status=queued[1], bytes_downloaded=0, total_bytes=10946055, retry[count=0, next_retry=n/a])
06-13 07:23:46.711 13152 13545 I Finsky:background: [105] otc.h(316): DS: onGetDownload(request_id=54, files_to_download=[config.en(size:10873)], context[group_id=com.samuli.toppi.mobileChatApp:3tdedancQNKjXock2kEvRg], display_data[invisible=false, title=com.samuli.toppi.mobileChatApp (unreviewed)], network_restrictions=ANY_NETWORK status=queued[1], bytes_downloaded=0, total_bytes=10873, retry[count=0, next_retry=n/a])
06-13 07:23:46.717 13152 13545 I Finsky:background: [105] otc.h(316): DS: onGetDownload(request_id=55, files_to_download=[config.xxhdpi(size:72947)], context[group_id=com.samuli.toppi.mobileChatApp:3tdedancQNKjXock2kEvRg], display_data[invisible=false, title=com.samuli.toppi.mobileChatApp (unreviewed)], network_restrictions=ANY_NETWORK status=queued[1], bytes_downloaded=0, total_bytes=72947, retry[count=0, next_retry=n/a])
06-13 07:23:46.719 13152 13545 I Finsky:background: [105] otc.h(316): DS: onGetDownload(request_id=56, files_to_download=[config.fi(size:9717)], context[group_id=com.samuli.toppi.mobileChatApp:3tdedancQNKjXock2kEvRg], display_data[invisible=false, title=com.samuli.toppi.mobileChatApp (unreviewed)], network_restrictions=ANY_NETWORK status=queued[1], bytes_downloaded=0, total_bytes=9717, retry[count=0, next_retry=n/a])
06-13 07:23:46.726 13152 13545 I Finsky:background: [105] otc.h(316): DS: onGetDownload(request_id=53, files_to_download=[com.samuli.toppi.mobileChatApp.apk(size:10946055)], context[group_id=com.samuli.toppi.mobileChatApp:3tdedancQNKjXock2kEvRg], display_data[invisible=false, title=com.samuli.toppi.mobileChatApp (unreviewed)], network_restrictions=ANY_NETWORK status=running, bytes_downloaded=0, total_bytes=10946055, retry[count=0, next_retry=n/a])
06-13 07:23:46.727 13152 13545 I Finsky:background: [105] otc.h(316): DS: onGetDownload(request_id=57, files_to_download=[config.x86_64(size:5495268)], context[group_id=com.samuli.toppi.mobileChatApp:3tdedancQNKjXock2kEvRg], display_data[invisible=false, title=com.samuli.toppi.mobileChatApp (unreviewed)], network_restrictions=ANY_NETWORK status=queued[1], bytes_downloaded=0, total_bytes=5495268, retry[count=0, next_retry=n/a])
06-13 07:23:46.729 13152 13545 I Finsky:background: [105] otc.h(316): DS: onGetDownload(request_id=53, files_to_download=[com.samuli.toppi.mobileChatApp.apk(size:10946055)], context[group_id=com.samuli.toppi.mobileChatApp:3tdedancQNKjXock2kEvRg], display_data[invisible=false, title=com.samuli.toppi.mobileChatApp (unreviewed)], network_restrictions=ANY_NETWORK status=running, bytes_downloaded=0, total_bytes=10946055, retry[count=0, next_retry=n/a])
06-13 07:23:46.730 13152 13545 I Finsky:background: [105] otc.h(316): DS: onGetDownload(request_id=58, files_to_download=[com.samuli.toppi.mobileChatApp.dm(size:479531)], context[group_id=com.samuli.toppi.mobileChatApp:3tdedancQNKjXock2kEvRg], display_data[invisible=false, title=com.samuli.toppi.mobileChatApp (unreviewed)], network_restrictions=ANY_NETWORK status=queued[1], bytes_downloaded=0, total_bytes=479531, retry[count=0, next_retry=n/a])
06-13 07:23:46.776  4783 13109 I Finsky  : [451] kiz.accept(70): IV2: onTaskProgress com.samuli.toppi.mobileChatApp[iid:5] [isid:3tdedancQNKjXock2kEvRg] status:4, size: 0/17014391
06-13 07:23:46.777  4783 13109 I Finsky  : [451] kiz.accept(70): IV2: onTaskProgress com.samuli.toppi.mobileChatApp[iid:5] [isid:3tdedancQNKjXock2kEvRg] status:4, size: 0/17014391
06-13 07:23:46.788  4783 13077 I Finsky  : [436] sqc.M(33): IQ: Notifying installation update. [Package:com.samuli.toppi.mobileChatApp, isid:3tdedancQNKjXock2kEvRg], status=DOWNLOADING, status_code=0, reason=tickle, tsc=PT4.903S
06-13 07:23:46.830  4783 13077 I Finsky  : [436] sqc.M(33): IQ: Notifying installation update. [Package:com.samuli.toppi.mobileChatApp, isid:3tdedancQNKjXock2kEvRg], status=DOWNLOADING, status_code=0, reason=tickle, tsc=PT4.945S
06-13 07:23:46.838  4783  4783 I Finsky  : [2] oxi.s(174): DL: Data loader session turned off due to Incremental install not requested: com.samuli.toppi.mobileChatApp
06-13 07:23:46.872  4783  4783 I Finsky  : [2] aafp.jN(75): PIM: Handling install package event for: com.samuli.toppi.mobileChatApp status:  DOWNLOADING, isid: 3tdedancQNKjXock2kEvRg
06-13 07:23:46.903  4783  4783 I Finsky  : [2] oxi.s(174): DL: Data loader session turned off due to Incremental install not requested: com.samuli.toppi.mobileChatApp
06-13 07:23:46.906  4783  4783 I Finsky  : [2] aafp.jN(75): PIM: Handling install package event for: com.samuli.toppi.mobileChatApp status:  DOWNLOADING, isid: 3tdedancQNKjXock2kEvRg
06-13 07:23:47.675  4783  4783 I Finsky  : [2] bera.B(45): RM: receive resource status onProgress com.samuli.toppi.mobileChatApp.apk reason: tickle isid: 3tdedancQNKjXock2kEvRg, 2, 192, size: 0/10946055
06-13 07:23:47.683 13152 13545 I Finsky:background: [105] otc.h(316): DS: onGetDownload(request_id=53, files_to_download=[com.samuli.toppi.mobileChatApp.apk(size:10946055)], context[group_id=com.samuli.toppi.mobileChatApp:3tdedancQNKjXock2kEvRg], display_data[invisible=false, title=com.samuli.toppi.mobileChatApp (unreviewed)], network_restrictions=ANY_NETWORK status=running, bytes_downloaded=0, total_bytes=10946055, retry[count=0, next_retry=n/a])
06-13 07:23:47.741  4783 13109 I Finsky  : [451] kiz.accept(70): IV2: onTaskProgress com.samuli.toppi.mobileChatApp[iid:5] [isid:3tdedancQNKjXock2kEvRg] status:4, size: 0/17014391
06-13 07:23:47.757  4783 13077 I Finsky  : [436] sqc.M(33): IQ: Notifying installation update. [Package:com.samuli.toppi.mobileChatApp, isid:3tdedancQNKjXock2kEvRg], status=DOWNLOADING, status_code=0, reason=tickle, tsc=PT5.872S
06-13 07:23:47.920  4783  4783 I Finsky  : [2] oxi.s(174): DL: Data loader session turned off due to Incremental install not requested: com.samuli.toppi.mobileChatApp
06-13 07:23:47.928  4783  4783 I Finsky  : [2] aafp.jN(75): PIM: Handling install package event for: com.samuli.toppi.mobileChatApp status:  DOWNLOADING, isid: 3tdedancQNKjXock2kEvRg
06-13 07:23:48.250  4783  4783 I Finsky  : [2] bera.B(45): RM: receive resource status onProgress com.samuli.toppi.mobileChatApp.apk reason: tickle isid: 3tdedancQNKjXock2kEvRg, 2, 192, size: 786500/10946055
06-13 07:23:48.299 13152 13545 I Finsky:background: [105] otc.h(316): DS: onGetDownload(request_id=53, files_to_download=[com.samuli.toppi.mobileChatApp.apk(size:10946055)], context[group_id=com.samuli.toppi.mobileChatApp:3tdedancQNKjXock2kEvRg], display_data[invisible=false, title=com.samuli.toppi.mobileChatApp (unreviewed)], network_restrictions=ANY_NETWORK status=running, bytes_downloaded=786500, total_bytes=10946055, retry[count=0, next_retry=n/a])
06-13 07:23:48.334  4783 13109 I Finsky  : [451] kiz.accept(70): IV2: onTaskProgress com.samuli.toppi.mobileChatApp[iid:5] [isid:3tdedancQNKjXock2kEvRg] status:4, size: 786500/17014391
06-13 07:23:48.339  4783 13077 I Finsky  : [436] sqc.M(33): IQ: Notifying installation update. [Package:com.samuli.toppi.mobileChatApp, isid:3tdedancQNKjXock2kEvRg], status=DOWNLOADING, status_code=0, reason=tickle, tsc=PT6.454S
06-13 07:23:48.400  4783  4783 I Finsky  : [2] oxi.s(174): DL: Data loader session turned off due to Incremental install not requested: com.samuli.toppi.mobileChatApp
06-13 07:23:48.406  4783  4783 I Finsky  : [2] aafp.jN(75): PIM: Handling install package event for: com.samuli.toppi.mobileChatApp status:  DOWNLOADING, isid: 3tdedancQNKjXock2kEvRg
06-13 07:23:50.239  4783  4783 I Finsky  : [2] bera.B(45): RM: receive resource status onProgress com.samuli.toppi.mobileChatApp.apk reason: tickle isid: 3tdedancQNKjXock2kEvRg, 2, 192, size: 4571241/10946055
06-13 07:23:50.264 13152 13545 I Finsky:background: [105] otc.h(316): DS: onGetDownload(request_id=53, files_to_download=[com.samuli.toppi.mobileChatApp.apk(size:10946055)], context[group_id=com.samuli.toppi.mobileChatApp:3tdedancQNKjXock2kEvRg], display_data[invisible=false, title=com.samuli.toppi.mobileChatApp (unreviewed)], network_restrictions=ANY_NETWORK status=running, bytes_downloaded=4571241, total_bytes=10946055, retry[count=0, next_retry=n/a])
06-13 07:23:50.273  4783 13109 I Finsky  : [451] kiz.accept(70): IV2: onTaskProgress com.samuli.toppi.mobileChatApp[iid:5] [isid:3tdedancQNKjXock2kEvRg] status:4, size: 4571241/17014391
06-13 07:23:50.279  4783 13077 I Finsky  : [436] sqc.M(33): IQ: Notifying installation update. [Package:com.samuli.toppi.mobileChatApp, isid:3tdedancQNKjXock2kEvRg], status=DOWNLOADING, status_code=0, reason=tickle, tsc=PT8.394S
06-13 07:23:50.309  4783  4783 I Finsky  : [2] oxi.s(174): DL: Data loader session turned off due to Incremental install not requested: com.samuli.toppi.mobileChatApp
06-13 07:23:50.311  4783  4783 I Finsky  : [2] aafp.jN(75): PIM: Handling install package event for: com.samuli.toppi.mobileChatApp status:  DOWNLOADING, isid: 3tdedancQNKjXock2kEvRg
06-13 07:23:52.258  4783  4783 I Finsky  : [2] bera.B(45): RM: receive resource status onProgress com.samuli.toppi.mobileChatApp.apk reason: tickle isid: 3tdedancQNKjXock2kEvRg, 2, 192, size: 7076766/10946055
06-13 07:23:52.274 13152 13545 I Finsky:background: [105] otc.h(316): DS: onGetDownload(request_id=53, files_to_download=[com.samuli.toppi.mobileChatApp.apk(size:10946055)], context[group_id=com.samuli.toppi.mobileChatApp:3tdedancQNKjXock2kEvRg], display_data[invisible=false, title=com.samuli.toppi.mobileChatApp (unreviewed)], network_restrictions=ANY_NETWORK status=running, bytes_downloaded=7076766, total_bytes=10946055, retry[count=0, next_retry=n/a])
06-13 07:23:52.278  4783 13109 I Finsky  : [451] kiz.accept(70): IV2: onTaskProgress com.samuli.toppi.mobileChatApp[iid:5] [isid:3tdedancQNKjXock2kEvRg] status:4, size: 7076766/17014391
06-13 07:23:52.280  4783 13077 I Finsky  : [436] sqc.M(33): IQ: Notifying installation update. [Package:com.samuli.toppi.mobileChatApp, isid:3tdedancQNKjXock2kEvRg], status=DOWNLOADING, status_code=0, reason=tickle, tsc=PT10.395S
06-13 07:23:52.307  4783  4783 I Finsky  : [2] oxi.s(174): DL: Data loader session turned off due to Incremental install not requested: com.samuli.toppi.mobileChatApp
06-13 07:23:52.312  4783  4783 I Finsky  : [2] aafp.jN(75): PIM: Handling install package event for: com.samuli.toppi.mobileChatApp status:  DOWNLOADING, isid: 3tdedancQNKjXock2kEvRg
06-13 07:23:54.145  4783  4783 I Finsky  : [2] bera.B(45): RM: receive resource status onProgress com.samuli.toppi.mobileChatApp.apk reason: tickle isid: 3tdedancQNKjXock2kEvRg, 2, 192, size: 10946055/10946055
06-13 07:23:54.159 13152 13545 I Finsky:background: [105] otc.h(316): DS: onGetDownload(request_id=53, files_to_download=[com.samuli.toppi.mobileChatApp.apk(size:10946055)], context[group_id=com.samuli.toppi.mobileChatApp:3tdedancQNKjXock2kEvRg], display_data[invisible=false, title=com.samuli.toppi.mobileChatApp (unreviewed)], network_restrictions=ANY_NETWORK status=succeeded, bytes_downloaded=10946055, total_bytes=10946055, retry[count=0, next_retry=n/a])
06-13 07:23:54.164  4783 13109 I Finsky  : [451] kiz.accept(70): IV2: onTaskProgress com.samuli.toppi.mobileChatApp[iid:5] [isid:3tdedancQNKjXock2kEvRg] status:4, size: 10946055/17014391
06-13 07:23:54.169  4783 13077 I Finsky  : [436] sqc.M(33): IQ: Notifying installation update. [Package:com.samuli.toppi.mobileChatApp, isid:3tdedancQNKjXock2kEvRg], status=DOWNLOADING, status_code=0, reason=tickle, tsc=PT12.284S
06-13 07:23:54.179  4783  4783 I Finsky  : [2] bera.D(45): RM: receive resource status onSuccess com.samuli.toppi.mobileChatApp.apk reason: tickle isid: 3tdedancQNKjXock2kEvRg, 3, 200, size: 10946055/10946055
06-13 07:23:54.206 13152 13545 I Finsky:background: [105] otc.h(316): DS: onGetDownload(request_id=53, files_to_download=[com.samuli.toppi.mobileChatApp.apk(size:10946055)], context[group_id=com.samuli.toppi.mobileChatApp:3tdedancQNKjXock2kEvRg], display_data[invisible=false, title=com.samuli.toppi.mobileChatApp (unreviewed)], network_restrictions=ANY_NETWORK status=succeeded, bytes_downloaded=10946055, total_bytes=10946055, retry[count=0, next_retry=n/a])
06-13 07:23:54.207  4783  4783 I Finsky  : [2] oxi.s(174): DL: Data loader session turned off due to Incremental install not requested: com.samuli.toppi.mobileChatApp
06-13 07:23:54.211  4783  4783 I Finsky  : [2] aafp.jN(75): PIM: Handling install package event for: com.samuli.toppi.mobileChatApp status:  DOWNLOADING, isid: 3tdedancQNKjXock2kEvRg
06-13 07:23:54.240  4783 13109 I Finsky  : [451] kiz.accept(70): IV2: onTaskProgress com.samuli.toppi.mobileChatApp[iid:5] [isid:3tdedancQNKjXock2kEvRg] status:4, size: 10946055/17014391
06-13 07:23:54.245  4783  4879 I Finsky  : [82] abdj.a(2120): RF: starting postprocessing for com.samuli.toppi.mobileChatApp.apk
06-13 07:23:54.246  4783  4879 I Finsky  : [82] zto.a(106): RF::PP-Decompress: starting to decompress for com.samuli.toppi.mobileChatApp[iid:5] [isid:3tdedancQNKjXock2kEvRg] [tid: 1000000007].
06-13 07:23:54.247  4783 13077 I Finsky  : [436] sqc.M(33): IQ: Notifying installation update. [Package:com.samuli.toppi.mobileChatApp, isid:3tdedancQNKjXock2kEvRg], status=DOWNLOADING, status_code=0, reason=tickle, tsc=PT12.362S
06-13 07:23:54.252  4783  4879 I Finsky  : [82] zto.a(1235): RF::PP-Copy: starting to copy for com.samuli.toppi.mobileChatApp[iid:5] [isid:3tdedancQNKjXock2kEvRg] [tid: 1000000007]
06-13 07:23:54.254  4783 13109 I Finsky  : [451] kiz.accept(70): IV2: onTaskProgress com.samuli.toppi.mobileChatApp[iid:5] [isid:3tdedancQNKjXock2kEvRg] status:4, size: 10946055/17014391
06-13 07:23:54.272  4783 13580 I Finsky  : [484] ndo.run(223): DU: Stored data usage stats for package com.samuli.toppi.mobileChatApp; completed bytes: 10946055.
06-13 07:23:54.309 13152 13545 I Finsky:background: [105] otc.h(316): DS: onGetDownload(request_id=54, files_to_download=[config.en(size:10873)], context[group_id=com.samuli.toppi.mobileChatApp:3tdedancQNKjXock2kEvRg], display_data[invisible=false, title=com.samuli.toppi.mobileChatApp (unreviewed)], network_restrictions=ANY_NETWORK status=running, bytes_downloaded=0, total_bytes=10873, retry[count=0, next_retry=n/a])
06-13 07:23:54.310 13152 13545 I Finsky:background: [105] otc.h(316): DS: onGetDownload(request_id=54, files_to_download=[config.en(size:10873)], context[group_id=com.samuli.toppi.mobileChatApp:3tdedancQNKjXock2kEvRg], display_data[invisible=false, title=com.samuli.toppi.mobileChatApp (unreviewed)], network_restrictions=ANY_NETWORK status=running, bytes_downloaded=0, total_bytes=10873, retry[count=0, next_retry=n/a])
06-13 07:23:54.311  4783 13077 I Finsky  : [436] sqc.M(33): IQ: Notifying installation update. [Package:com.samuli.toppi.mobileChatApp, isid:3tdedancQNKjXock2kEvRg], status=DOWNLOADING, status_code=0, reason=tickle, tsc=PT12.425S
06-13 07:23:54.356  4783  4783 I Finsky  : [2] oxi.s(174): DL: Data loader session turned off due to Incremental install not requested: com.samuli.toppi.mobileChatApp
06-13 07:23:54.358  4783  4783 I Finsky  : [2] aafp.jN(75): PIM: Handling install package event for: com.samuli.toppi.mobileChatApp status:  DOWNLOADING, isid: 3tdedancQNKjXock2kEvRg
06-13 07:23:54.372  4783 13109 I Finsky  : [451] kiz.accept(70): IV2: onTaskProgress com.samuli.toppi.mobileChatApp[iid:5] [isid:3tdedancQNKjXock2kEvRg] status:4, size: 10946055/17014391
06-13 07:23:54.374  4783 13109 I Finsky  : [451] kiz.accept(70): IV2: onTaskProgress com.samuli.toppi.mobileChatApp[iid:5] [isid:3tdedancQNKjXock2kEvRg] status:4, size: 10946055/17014391
06-13 07:23:54.417  4783 13077 I Finsky  : [436] sqc.M(33): IQ: Notifying installation update. [Package:com.samuli.toppi.mobileChatApp, isid:3tdedancQNKjXock2kEvRg], status=DOWNLOADING, status_code=0, reason=tickle, tsc=PT12.532S
06-13 07:23:54.420  4783  4783 I Finsky  : [2] oxi.s(174): DL: Data loader session turned off due to Incremental install not requested: com.samuli.toppi.mobileChatApp
06-13 07:23:54.422  4783  4783 I Finsky  : [2] aafp.jN(75): PIM: Handling install package event for: com.samuli.toppi.mobileChatApp status:  DOWNLOADING, isid: 3tdedancQNKjXock2kEvRg
06-13 07:23:54.465  4783 13077 I Finsky  : [436] sqc.M(33): IQ: Notifying installation update. [Package:com.samuli.toppi.mobileChatApp, isid:3tdedancQNKjXock2kEvRg], status=DOWNLOADING, status_code=0, reason=tickle, tsc=PT12.579S
06-13 07:23:54.473  4783  4783 I Finsky  : [2] oxi.s(174): DL: Data loader session turned off due to Incremental install not requested: com.samuli.toppi.mobileChatApp
06-13 07:23:54.500  4783  4783 I Finsky  : [2] aafp.jN(75): PIM: Handling install package event for: com.samuli.toppi.mobileChatApp status:  DOWNLOADING, isid: 3tdedancQNKjXock2kEvRg
06-13 07:23:54.541  4783  4783 I Finsky  : [2] oxi.s(174): DL: Data loader session turned off due to Incremental install not requested: com.samuli.toppi.mobileChatApp
06-13 07:23:54.547  4783  4783 I Finsky  : [2] aafp.jN(75): PIM: Handling install package event for: com.samuli.toppi.mobileChatApp status:  DOWNLOADING, isid: 3tdedancQNKjXock2kEvRg
06-13 07:23:54.968 13152 13545 I Finsky:background: [105] otc.h(316): DS: onGetDownload(request_id=54, files_to_download=[config.en(size:10873)], context[group_id=com.samuli.toppi.mobileChatApp:3tdedancQNKjXock2kEvRg], display_data[invisible=false, title=com.samuli.toppi.mobileChatApp (unreviewed)], network_restrictions=ANY_NETWORK status=succeeded, bytes_downloaded=10873, total_bytes=10873, retry[count=0, next_retry=n/a])
