06-12 07:27:15.285 23501 24862 I ReactNativeJS: Running "main" with {"initialProps":{"exp":{"shell":false,"manifestString":"{\"id\":\"ecf2e7a5-4e96-4e2a-9642-5c57d970bf44\",\"createdAt\":\"2024-06-12T07:27:09.047Z\",\"runtimeVersion\":\"exposdk:49.0.0\",\"launchAsset\":{\"key\":\"bundle\",\"contentType\":\"application\\/javascript\",\"url\":\"http:\\/\\/192.168.0.105:8081\\/node_modules%5Cexpo%5CAppEntry.bundle?platform=android&dev=true&hot=false&lazy=true\"},\"assets\":[],\"metadata\":{},\"extra\":{\"eas\":{\"projectId\":\"c65168d9-6015-44c3-8256-ab2b906efa5f\"},\"expoClient\":{\"name\":\"mobileChatApp\",\"slug\":\"mobileChatApp\",\"version\":\"1.0.0\",\"orientation\":\"portrait\",\"icon\":\".\\/assets\\/icon.png\",\"userInterfaceStyle\":\"light\",\"splash\":{\"image\":\".\\/assets\\/splash.png\",\"resizeMode\":\"contain\",\"backgroundColor\":\"#ffffff\",\"imageUrl\":\"http:\\/\\/192.168.0.105:8081\\/assets\\/.\\/assets\\/splash.png\"},\"assetBundlePatterns\":[\"**\\/*\"],\"ios\":{\"supportsTablet\":true},\"android\":{\"adaptiveIcon\":{\"foregroundImage\":\".\\/assets\\/adaptive-icon.png\",\"backgroundColor\":\"#ffffff\",\"foregroundImageUrl\":\"http:\\/\\/192.168.0.105:8081\\/assets\\/.\\/assets\\/adaptive-icon.png\"},\"package\":\"com.samuli.toppi.mobileChatApp\"},\"web\":{\"favicon\":\".\\/assets\\/favicon.png\"},\"extra\":{\"eas\":{\"projectId\":\"c65168d9-6015-44c3-8256-ab2b906efa5f\"}},\"_internal\":{\"isDebug\":false,\"projectRoot\":\"C:\\\\Users\\\\samep\\\\Documents\\\\FullStackOpen\\\\oma\\\\mobileapp\\\\frontMobileApp\\\\mobileChatApp\",\"dynamicConfigPath\":null,\"staticConfigPath\":\"C:\\\\Users\\\\samep\\\\Documents\\\\FullStackOpen\\\\oma\\\\mobileapp\\\\frontMobileApp\\\\mobileChatApp\\\\app.json\",\"packageJsonPath\":\"C:\\\\Users\\\\samep\\\\Documents\\\\FullStackOpen\\\\oma\\\\mobileapp\\\\frontMobileApp\\\\mobileChatApp\\\\package.json\"},\"sdkVersion\":\"49.0.0\",\"platforms\":[\"ios\",\"android\",\"web\"],\"iconUrl\":\"http:\\/\\/192.168.0.105:8081\\/assets\\/.\\/assets\\/icon.png\",\"hostUri\":\"192.168.0.105:8081\"},\"expoGo\":{\"debuggerHost\":\"192.168.0.105:8081\",\"logUrl\":\"http:\\/\\/192.168.0.105:8081\\/logs\",\"developer\":{\"tool\":\"expo-cli\",\"projectRoot\":\"C:\\\\Users\\\\samep\\\\Documents\\\\FullStackOpen\\\\oma\\\\mobileapp\\\\frontMobileApp\\\\mobileChatApp\"},\"packagerOpts\":{\"dev\":true},\"mainModuleName\":\"node_modules\\\\expo\\\\AppEntry\",\"__flipperHack\":\"React Native packager is running\"},\"scopeKey\":\"@samuli.toppi\\/mobileChatApp\"},\"isVerified\":true,\"name\":\"My New Experience\",\"primaryColor\":\"#023C69\",\"iconUrl\":\"https:\\/\\/d3lwq5rlu14cro.cloudfront.net\\/ExponentEmptyManifest_192.png\",\"orientation\":\"default\"}"}},"rootTag":41}
06-12 12:20:47.298 23501 31605 I ReactNativeJS: Running "main" with {"initialProps":{"exp":{"initialUri":"exp://192.168.0.105:8081","shell":false,"manifestString":"{\"id\":\"e9719c90-f91e-411e-af3f-da80c90af4bf\",\"createdAt\":\"2024-06-12T12:20:39.697Z\",\"runtimeVersion\":\"exposdk:49.0.0\",\"launchAsset\":{\"key\":\"bundle\",\"contentType\":\"application\\/javascript\",\"url\":\"http:\\/\\/192.168.0.105:8081\\/node_modules%5Cexpo%5CAppEntry.bundle?platform=android&dev=true&hot=false&lazy=true\"},\"assets\":[],\"metadata\":{},\"extra\":{\"eas\":{\"projectId\":\"c65168d9-6015-44c3-8256-ab2b906efa5f\"},\"expoClient\":{\"name\":\"mobileChatApp\",\"slug\":\"mobileChatApp\",\"version\":\"1.0.0\",\"orientation\":\"portrait\",\"icon\":\".\\/assets\\/icon.png\",\"userInterfaceStyle\":\"light\",\"splash\":{\"image\":\".\\/assets\\/splash.png\",\"resizeMode\":\"contain\",\"backgroundColor\":\"#ffffff\",\"imageUrl\":\"http:\\/\\/192.168.0.105:8081\\/assets\\/.\\/assets\\/splash.png\"},\"assetBundlePatterns\":[\"**\\/*\"],\"ios\":{\"supportsTablet\":true},\"android\":{\"adaptiveIcon\":{\"foregroundImage\":\".\\/assets\\/adaptive-icon.png\",\"backgroundColor\":\"#ffffff\",\"foregroundImageUrl\":\"http:\\/\\/192.168.0.105:8081\\/assets\\/.\\/assets\\/adaptive-icon.png\"},\"package\":\"com.samuli.toppi.mobileChatApp\"},\"web\":{\"favicon\":\".\\/assets\\/favicon.png\"},\"extra\":{\"eas\":{\"projectId\":\"c65168d9-6015-44c3-8256-ab2b906efa5f\"}},\"_internal\":{\"isDebug\":false,\"projectRoot\":\"C:\\\\Users\\\\samep\\\\Documents\\\\FullStackOpen\\\\oma\\\\mobileapp\\\\frontMobileApp\\\\mobileChatApp\",\"dynamicConfigPath\":null,\"staticConfigPath\":\"C:\\\\Users\\\\samep\\\\Documents\\\\FullStackOpen\\\\oma\\\\mobileapp\\\\frontMobileApp\\\\mobileChatApp\\\\app.json\",\"packageJsonPath\":\"C:\\\\Users\\\\samep\\\\Documents\\\\FullStackOpen\\\\oma\\\\mobileapp\\\\frontMobileApp\\\\mobileChatApp\\\\package.json\"},\"sdkVersion\":\"49.0.0\",\"platforms\":[\"ios\",\"android\",\"web\"],\"iconUrl\":\"http:\\/\\/192.168.0.105:8081\\/assets\\/.\\/assets\\/icon.png\",\"hostUri\":\"192.168.0.105:8081\"},\"expoGo\":{\"debuggerHost\":\"192.168.0.105:8081\",\"logUrl\":\"http:\\/\\/192.168.0.105:8081\\/logs\",\"developer\":{\"tool\":\"expo-cli\",\"projectRoot\":\"C:\\\\Users\\\\samep\\\\Documents\\\\FullStackOpen\\\\oma\\\\mobileapp\\\\frontMobileApp\\\\mobileChatApp\"},\"packagerOpts\":{\"dev\":true},\"mainModuleName\":\"node_modules\\\\expo\\\\AppEntry\",\"__flipperHack\":\"React Native packager is running\"},\"scopeKey\":\"@samuli.toppi\\/mobileChatApp\"},\"isVerified\":true,\"name\":\"My New Experience\",\"primaryColor\":\"#023C69\",\"iconUrl\":\"https:\\/\\/d3lwq5rlu14cro.cloudfront.net\\/ExponentEmptyManifest_192.png\",\"orientation\":\"default\"}"}},"rootTag":91}
06-12 12:48:02.210 23501 32559 I ReactNativeJS: Running "main" with {"initialProps":{"exp":{"shell":false,"manifestString":"{\"id\":\"b0ee7751-8d44-49dd-a02a-d8fcc2ab6939\",\"createdAt\":\"2024-06-12T12:47:57.220Z\",\"runtimeVersion\":\"exposdk:49.0.0\",\"launchAsset\":{\"key\":\"bundle\",\"contentType\":\"application\\/javascript\",\"url\":\"http:\\/\\/192.168.0.105:8081\\/node_modules%5Cexpo%5CAppEntry.bundle?platform=android&dev=true&hot=false&lazy=true\"},\"assets\":[],\"metadata\":{},\"extra\":{\"eas\":{\"projectId\":\"c65168d9-6015-44c3-8256-ab2b906efa5f\"},\"expoClient\":{\"name\":\"mobileChatApp\",\"slug\":\"mobileChatApp\",\"version\":\"1.0.0\",\"orientation\":\"portrait\",\"icon\":\".\\/assets\\/icon.png\",\"userInterfaceStyle\":\"light\",\"splash\":{\"image\":\".\\/assets\\/splash.png\",\"resizeMode\":\"contain\",\"backgroundColor\":\"#ffffff\",\"imageUrl\":\"http:\\/\\/192.168.0.105:8081\\/assets\\/.\\/assets\\/splash.png\"},\"assetBundlePatterns\":[\"**\\/*\"],\"ios\":{\"supportsTablet\":true},\"android\":{\"adaptiveIcon\":{\"foregroundImage\":\".\\/assets\\/adaptive-icon.png\",\"backgroundColor\":\"#ffffff\",\"foregroundImageUrl\":\"http:\\/\\/192.168.0.105:8081\\/assets\\/.\\/assets\\/adaptive-icon.png\"},\"package\":\"com.samuli.toppi.mobileChatApp\"},\"web\":{\"favicon\":\".\\/assets\\/favicon.png\"},\"extra\":{\"eas\":{\"projectId\":\"c65168d9-6015-44c3-8256-ab2b906efa5f\"}},\"_internal\":{\"isDebug\":false,\"projectRoot\":\"C:\\\\Users\\\\samep\\\\Documents\\\\FullStackOpen\\\\oma\\\\mobileapp\\\\frontMobileApp\\\\mobileChatApp\",\"dynamicConfigPath\":null,\"staticConfigPath\":\"C:\\\\Users\\\\samep\\\\Documents\\\\FullStackOpen\\\\oma\\\\mobileapp\\\\frontMobileApp\\\\mobileChatApp\\\\app.json\",\"packageJsonPath\":\"C:\\\\Users\\\\samep\\\\Documents\\\\FullStackOpen\\\\oma\\\\mobileapp\\\\frontMobileApp\\\\mobileChatApp\\\\package.json\"},\"sdkVersion\":\"49.0.0\",\"platforms\":[\"ios\",\"android\",\"web\"],\"iconUrl\":\"http:\\/\\/192.168.0.105:8081\\/assets\\/.\\/assets\\/icon.png\",\"hostUri\":\"192.168.0.105:8081\"},\"expoGo\":{\"debuggerHost\":\"192.168.0.105:8081\",\"logUrl\":\"http:\\/\\/192.168.0.105:8081\\/logs\",\"developer\":{\"tool\":\"expo-cli\",\"projectRoot\":\"C:\\\\Users\\\\samep\\\\Documents\\\\FullStackOpen\\\\oma\\\\mobileapp\\\\frontMobileApp\\\\mobileChatApp\"},\"packagerOpts\":{\"dev\":true},\"mainModuleName\":\"node_modules\\\\expo\\\\AppEntry\",\"__flipperHack\":\"React Native packager is running\"},\"scopeKey\":\"@samuli.toppi\\/mobileChatApp\"},\"isVerified\":true,\"name\":\"My New Experience\",\"primaryColor\":\"#023C69\",\"iconUrl\":\"https:\\/\\/d3lwq5rlu14cro.cloudfront.net\\/ExponentEmptyManifest_192.png\",\"orientation\":\"default\"}"}},"rootTag":131}
06-13 06:10:09.195  4783  4938 D Volley  : [106] jew.a: HTTP response for request=<[ ] https://play-fe.googleapis.com/fdfe/resolveLink?url=https%3A%2F%2Fplay.google.com%2Fstore%2Fapps%2Fdetails%3Fid%3Dcom.samuli.toppi.mobileChatApp%26hl%3Den-US%26ah%3D19A88mkPDtqMRlsbjcFKPpZy9Kk&ref=com.android.chrome 0x4be64f9b NORMAL 7> [lifetime=4349], [size=4533], [rc=200], [retryCount=0]
06-13 06:10:11.632  4783  4783 I Finsky  : [2] tdp.j(55): Selecting account [AMY6kkxHb1wpayjzS8ta60hokFPL_cD7SWV-fDKmitk] for package com.samuli.toppi.mobileChatApp. overriding=[true]
06-13 06:10:12.052  4783  4879 I Finsky  : [82] apzo.run(229): Capture referrer for com.samuli.toppi.mobileChatApp
06-13 06:10:19.290  4783  4783 I Finsky  : [2] miu.h(170): RTFA::IQ - Local install scheduled for package com.samuli.toppi.mobileChatApp
06-13 06:10:19.290  4783  4783 I Finsky  : [2] almx.g(62): Will queue com.samuli.toppi.mobileChatApp to be downloaded over any network
06-13 06:10:19.307  4783  4783 W Finsky  : [2] kis.f(53): No everExternallyHosted provided for com.samuli.toppi.mobileChatApp
06-13 06:10:19.358  4783  4852 I Finsky  : [67] sqa.accept(200): IQ: Attempting to validate incoming request. [Package:com.samuli.toppi.mobileChatApp, isid:hjdTgz24RcqzPPRMW5FCsg]
06-13 06:10:19.360  4783  4852 I Finsky  : [67] srq.a(239): IQ::SLP: Process requests [Package:com.samuli.toppi.mobileChatApp, isid:hjdTgz24RcqzPPRMW5FCsg].
06-13 06:10:19.399  4783  4864 I Finsky  : [77] allg.A(70): ICalc: estimated size required for installing com.samuli.toppi.mobileChatApp: 41178881 bytes
06-13 06:10:19.399  4783  4864 I Finsky  : [77] sru.a(210): IQ-PP-SC: total install size for package com.samuli.toppi.mobileChatApp: 41178881 bytes. ISID: hjdTgz24RcqzPPRMW5FCsg
06-13 06:10:19.463  4783  4889 I Finsky  : [87] spx.apply(456): IQ::PromiseIconPreprocessor: Creating PackageInstaller Session for [Package:com.samuli.toppi.mobileChatApp, isid:hjdTgz24RcqzPPRMW5FCsg]
06-13 06:10:19.463  4783  4889 I Finsky  : [87] spx.apply(713): IQ::IHP: [Package:com.samuli.toppi.mobileChatApp, isid:hjdTgz24RcqzPPRMW5FCsg] is not applicable for install holdoff, modifying constraint.
06-13 06:10:19.464  4783  4889 I Finsky  : [87] sqc.m(68): IQ: Scheduling install request package_name=com.samuli.toppi.mobileChatApp, pm_package_name=com.samuli.toppi.mobileChatApp, version=2, priority=2, reason=single_install, account_name=[AMY6kkxHb1wpayjzS8ta60hokFPL_cD7SWV-fDKmitk], type=0, isid=hjdTgz24RcqzPPRMW5FCsg, constraints=((IGNORE_HOLDOFF=true, NETWORK=ANY, PROVISIONING_STATE=PROVISIONED, BACKUP_MANAGER_STATE=BACKUP_READY, ALLOWED_DURING_ENTERPRISE_SETUP, PROCESS_IMPORTANCE_THRESHOLD=125),), dataloader_install_data=disable_dataloader_streaming=false:IS_RETURNING_USER
06-13 06:10:19.503  4783  8664 I Finsky  : [254] slc.a(1178): IQSH: Checking storage for [com.samuli.toppi.mobileChatApp]
06-13 06:10:19.585  4783  8664 I Finsky  : [254] allg.A(70): ICalc: estimated size required for installing com.samuli.toppi.mobileChatApp: 41178881 bytes
06-13 06:10:19.688  4783  8664 I Finsky  : [254] slc.a(1237): IQSH: total install size for package com.samuli.toppi.mobileChatApp is 41178881 bytes. ISID=hjdTgz24RcqzPPRMW5FCsg
06-13 06:10:19.759  4783  8664 I Finsky  : [254] skw.a(1097): IQSH: has sufficient storage for [com.samuli.toppi.mobileChatApp]
06-13 06:10:19.820  4783  4899 I Finsky  : [94] oxi.s(174): DL: Data loader session turned off due to Incremental install not requested: com.samuli.toppi.mobileChatApp
06-13 06:10:19.930  4783  8664 I Finsky  : [254] sqc.M(33): IQ: Notifying installation update. [Package:com.samuli.toppi.mobileChatApp, isid:hjdTgz24RcqzPPRMW5FCsg], status=SCHEDULED, status_code=0, reason=single_install, tsc=PT0.627S
06-13 06:10:20.274  4783  4783 I Finsky  : [2] oxi.s(174): DL: Data loader session turned off due to Incremental install not requested: com.samuli.toppi.mobileChatApp
06-13 06:10:20.295  4783  4783 I Finsky  : [2] aafp.jN(75): PIM: Handling install package event for: com.samuli.toppi.mobileChatApp status:  SCHEDULED, isid: hjdTgz24RcqzPPRMW5FCsg
06-13 06:10:20.327  4783  4889 I Finsky  : [87] kwh.a(47): AIM: AppInfoManager-Perf > OnDeviceAppInfo > cacheHitCount=0, cacheMissCount=1. Missed  in cache (limit 10) : [com.samuli.toppi.mobileChatApp]
06-13 06:10:20.420  4783  4889 I Finsky  : [87] kwc.a(215): AIM: AppInfoManager-Perf > ItemModel > CacheSize=0, cacheHitCount=0, cacheMissCount=1, total appsWithNoServerDataCount=0. Missed  in cache (limit 10) : [com.samuli.toppi.mobileChatApp]
06-13 06:10:20.513  4783  8667 I Finsky  : [255] stu.a(239): SM: Session with Context {name=com.samuli.toppi.mobileChatApp versionCode=2} successfully created
06-13 06:10:20.561  4783  4783 W Finsky  : [2] aebt.b(126): STU: Failed to get storage stats for package 'com.samuli.toppi.mobileChatApp' (1601: Error getting stats: android.content.pm.PackageManager.NameNotFoundException)
06-13 06:10:20.901  4783  4889 I Finsky  : [87] aafp.h(7): PIM: Loading icon for: com.samuli.toppi.mobileChatApp
06-13 06:10:20.903  4783  4889 I Finsky  : [87] sjw.d(91): Received cached bitmap for com.samuli.toppi.mobileChatApp
06-13 06:10:20.990  4783  4879 I Finsky  : [82] ojo.a(492): PIM: Successfully retrieved bitmap for package: com.samuli.toppi.mobileChatApp.
06-13 06:10:21.141  1225  1269 D InstallSessionHelper: Adding package name to install queue: com.samuli.toppi.mobileChatApp
06-13 06:10:21.316  1225  1269 D ItemInstallQueue: Adding PendingInstallShortcutInfo to queue. Attached info: WorkspaceItemInfo(id=-1 type=APP container=# com.android.launcher3.logger.LauncherAtom$ContainerInfo@7bc6f targetComponent=ComponentInfo{com.samuli.toppi.mobileChatApp/} screen=-1 cell(-1,-1) span(1,1) minSpan(1,1) rank=0 user=UserHandle{0} title=Pending…)
06-13 06:10:21.426  4783  4899 I Finsky  : [94] ycr.accept(224): IQ: Checking expedited install constraint for com.samuli.toppi.mobileChatApp.
06-13 06:10:21.732  4783  4879 I Finsky  : [82] rgw.a(748): IQ: proceed install request for [Package:com.samuli.toppi.mobileChatApp, isid:hjdTgz24RcqzPPRMW5FCsg].
06-13 06:10:21.756  4783  4879 I Finsky  : [82] sqc.Q(138): IQ: Notifying installation update. [Package:com.samuli.toppi.mobileChatApp, isid:hjdTgz24RcqzPPRMW5FCsg], status=DOWNLOAD_PENDING, status_code=0, reason=single_install, tsc=PT2.453S
06-13 06:10:21.944  4783  4899 I Finsky  : [94] srd.h(69): IQ: Requesting install request=package_name=com.samuli.toppi.mobileChatApp, pm_package_name=com.samuli.toppi.mobileChatApp, version=2, priority=2, reason=single_install, account_name=[AMY6kkxHb1wpayjzS8ta60hokFPL_cD7SWV-fDKmitk], type=0, isid=hjdTgz24RcqzPPRMW5FCsg, constraints=((IGNORE_HOLDOFF=true, NETWORK=ANY, PROVISIONING_STATE=PROVISIONED, BACKUP_MANAGER_STATE=BACKUP_READY, ALLOWED_DURING_ENTERPRISE_SETUP, PROCESS_IMPORTANCE_THRESHOLD=125),), dataloader_install_data=disable_dataloader_streaming=false:IS_RETURNING_USER using installer.
06-13 06:10:21.944  4783  4899 I Finsky  : [94] oxi.s(174): DL: Data loader session turned off due to Incremental install not requested: com.samuli.toppi.mobileChatApp
06-13 06:10:22.023  4783  8681 I Finsky  : [258] smf.a(22): IV2::EIU: install request for [Package:com.samuli.toppi.mobileChatApp, isid:hjdTgz24RcqzPPRMW5FCsg] doesn't require existing install.
06-13 06:10:22.024  4783  8681 I Finsky  : [258] smg.a(80): IV2::FGCV: Foreground check passed for com.samuli.toppi.mobileChatApp
06-13 06:10:22.047  4783  4889 I Finsky  : [87] skr.a(256): IV2::DRV: install for [Package:com.samuli.toppi.mobileChatApp, isid:hjdTgz24RcqzPPRMW5FCsg] not tracked by installer.
06-13 06:10:22.127  4783  4783 I Finsky  : [2] oxi.s(174): DL: Data loader session turned off due to Incremental install not requested: com.samuli.toppi.mobileChatApp
06-13 06:10:22.142  4783  4783 I Finsky  : [2] aafp.jN(75): PIM: Handling install package event for: com.samuli.toppi.mobileChatApp status:  DOWNLOAD_PENDING, isid: hjdTgz24RcqzPPRMW5FCsg
06-13 06:10:22.235  4783  8681 I Finsky  : [258] oxi.s(174): DL: Data loader session turned off due to Incremental install not requested: com.samuli.toppi.mobileChatApp
06-13 06:10:22.249  4783  8667 I Finsky  : [255] abdj.a(740): SM: Session with Context {name=com.samuli.toppi.mobileChatApp versionCode=2} already exists, skipping creation
06-13 06:10:22.304  4783  4889 I Finsky  : [87] sky.apply(496): IV2::TV: allowMeteredNetwork=true for [Package=com.samuli.toppi.mobileChatApp, isid=hjdTgz24RcqzPPRMW5FCsg]
06-13 06:10:22.308  4783  4889 I Finsky  : [87] skr.a(282): IV2::TM: Task added. com.samuli.toppi.mobileChatApp[iid:4] [isid:hjdTgz24RcqzPPRMW5FCsg] [tid: 1000000006]
06-13 06:10:22.871  4783  4889 I Finsky  : [87] slu.a(37): IV2::TM: Starting task: com.samuli.toppi.mobileChatApp[iid:4] [isid:hjdTgz24RcqzPPRMW5FCsg] [tid: 1000000006]
06-13 06:10:22.933  4783  4889 I Finsky  : [87] slp.e(11): IV2::TD starting task. com.samuli.toppi.mobileChatApp[iid:4] [isid:hjdTgz24RcqzPPRMW5FCsg] [tid: 1000000006]
06-13 06:10:22.937  4783  8681 I Finsky  : [258] skr.a(561): IV2::TD: Fetching metadata start. com.samuli.toppi.mobileChatApp[iid:4] [isid:hjdTgz24RcqzPPRMW5FCsg] [tid: 1000000006]
06-13 06:10:23.280  4783  4879 I Finsky  : [82] mny.c(9): Attempt creation of cached APK for com.samuli.toppi.mobileChatApp
06-13 06:10:23.747  4783  4879 W Finsky  : [82] nny.c(394): IU: Account  from AppState for update of com.samuli.toppi.mobileChatApp no longer exists.
06-13 06:10:24.653  4783  8681 I Finsky  : [258] sky.apply(242): IV2::TD: Fetching metadata done. com.samuli.toppi.mobileChatApp[iid:4] [isid:hjdTgz24RcqzPPRMW5FCsg] [tid: 1000000006]
06-13 06:10:24.713  4783  4899 I Finsky  : [94] tds.a(31): AV::DSC: sufficient disk space space available for com.samuli.toppi.mobileChatApp[iid:4] [isid:hjdTgz24RcqzPPRMW5FCsg] [tid: 1000000006]: 41658412
06-13 06:10:24.875  4783  4864 W Finsky  : [77] ser.apply(65): AV::PV: Can't download patch for package com.samuli.toppi.mobileChatApp, artifact com.samuli.toppi.mobileChatApp.apk, because didn't receive one in delivery response.
06-13 06:10:24.923  4783  4864 W Finsky  : [77] ser.apply(65): AV::PV: Can't download patch for package com.samuli.toppi.mobileChatApp, artifact config.xxhdpi, because didn't receive one in delivery response.
06-13 06:10:24.935  4783  4864 W Finsky  : [77] ser.apply(65): AV::PV: Can't download patch for package com.samuli.toppi.mobileChatApp, artifact config.fi, because didn't receive one in delivery response.
06-13 06:10:24.958  4783  4864 W Finsky  : [77] ser.apply(65): AV::PV: Can't download patch for package com.samuli.toppi.mobileChatApp, artifact config.en, because didn't receive one in delivery response.
06-13 06:10:24.990  4783  4864 W Finsky  : [77] ser.apply(65): AV::PV: Can't download patch for package com.samuli.toppi.mobileChatApp, artifact config.x86_64, because didn't receive one in delivery response.
06-13 06:10:24.991  4783  8681 I Finsky  : [258] skr.a(472): IV2::TD: Resource fetch start. com.samuli.toppi.mobileChatApp[iid:4] [isid:hjdTgz24RcqzPPRMW5FCsg] [tid: 1000000006]
06-13 06:10:25.018  4783  8681 I Finsky  : [258] kiz.accept(70): IV2: onTaskProgress com.samuli.toppi.mobileChatApp[iid:4] [isid:hjdTgz24RcqzPPRMW5FCsg] status:3, size: 0/0
06-13 06:10:25.339  4783  8664 I Finsky  : [254] sqc.M(33): IQ: Notifying installation update. [Package:com.samuli.toppi.mobileChatApp, isid:hjdTgz24RcqzPPRMW5FCsg], status=DOWNLOADING, status_code=0, reason=single_install, tsc=PT5.86S
06-13 06:10:25.466  4783  4783 I Finsky  : [2] oxi.s(174): DL: Data loader session turned off due to Incremental install not requested: com.samuli.toppi.mobileChatApp
06-13 06:10:25.522  4783  4783 I Finsky  : [2] aafp.jN(75): PIM: Handling install package event for: com.samuli.toppi.mobileChatApp status:  DOWNLOADING, isid: hjdTgz24RcqzPPRMW5FCsg
06-13 06:10:26.072  4783  4879 I Finsky  : [82] abfw.p(25): RM: create resource request id aed2eb6f-882b-49e8-a8af-aa347c174aa7 for request com.samuli.toppi.mobileChatApp.apk reason: single_install isid: hjdTgz24RcqzPPRMW5FCsg
06-13 06:10:26.180  4783  4889 I Finsky  : [87] abfw.p(25): RM: create resource request id cc99a0ab-e266-4110-8447-b370c4412dee for request com.samuli.toppi.mobileChatApp.dm reason: single_install isid: hjdTgz24RcqzPPRMW5FCsg
06-13 06:10:30.795  8822  8929 I Finsky:background: [87] oro.call(1153): DS: enqueue(request_id=47, files_to_download=[config.en(size:10868)], context[group_id=com.samuli.toppi.mobileChatApp:hjdTgz24RcqzPPRMW5FCsg], display_data[invisible=false, title=com.samuli.toppi.mobileChatApp (unreviewed)], network_restrictions=ANY_NETWORK
06-13 06:10:30.795  8822  8929 I Finsky:background: [87] oro.call(1153): DS: enqueue(request_id=48, files_to_download=[config.x86_64(size:5495272)], context[group_id=com.samuli.toppi.mobileChatApp:hjdTgz24RcqzPPRMW5FCsg], display_data[invisible=false, title=com.samuli.toppi.mobileChatApp (unreviewed)], network_restrictions=ANY_NETWORK
06-13 06:10:31.278  8822  8929 I Finsky:background: [87] oro.call(1153): DS: enqueue(request_id=49, files_to_download=[config.xxhdpi(size:72950)], context[group_id=com.samuli.toppi.mobileChatApp:hjdTgz24RcqzPPRMW5FCsg], display_data[invisible=false, title=com.samuli.toppi.mobileChatApp (unreviewed)], network_restrictions=ANY_NETWORK
06-13 06:10:31.278  8822  8929 I Finsky:background: [87] oro.call(1153): DS: enqueue(request_id=50, files_to_download=[com.samuli.toppi.mobileChatApp.apk(size:10945081)], context[group_id=com.samuli.toppi.mobileChatApp:hjdTgz24RcqzPPRMW5FCsg], display_data[invisible=false, title=com.samuli.toppi.mobileChatApp (unreviewed)], network_restrictions=ANY_NETWORK
06-13 06:10:31.278  8822  8929 I Finsky:background: [87] oro.call(1153): DS: enqueue(request_id=51, files_to_download=[config.fi(size:9715)], context[group_id=com.samuli.toppi.mobileChatApp:hjdTgz24RcqzPPRMW5FCsg], display_data[invisible=false, title=com.samuli.toppi.mobileChatApp (unreviewed)], network_restrictions=ANY_NETWORK
06-13 06:10:31.279  8822  8929 I Finsky:background: [87] oro.call(1153): DS: enqueue(request_id=52, files_to_download=[com.samuli.toppi.mobileChatApp.dm(size:479531)], context[group_id=com.samuli.toppi.mobileChatApp:hjdTgz24RcqzPPRMW5FCsg], display_data[invisible=false, title=com.samuli.toppi.mobileChatApp (unreviewed)], network_restrictions=ANY_NETWORK
06-13 06:10:35.985  8822  8929 I Finsky:background: [87] otc.h(316): DS: onGetDownload(request_id=47, files_to_download=[config.en(size:10868)], context[group_id=com.samuli.toppi.mobileChatApp:hjdTgz24RcqzPPRMW5FCsg], display_data[invisible=false, title=com.samuli.toppi.mobileChatApp (unreviewed)], network_restrictions=ANY_NETWORK status=queued[1], bytes_downloaded=0, total_bytes=10868, retry[count=0, next_retry=n/a])
06-13 06:10:36.005  8822  8929 I Finsky:background: [87] otc.h(316): DS: onGetDownload(request_id=48, files_to_download=[config.x86_64(size:5495272)], context[group_id=com.samuli.toppi.mobileChatApp:hjdTgz24RcqzPPRMW5FCsg], display_data[invisible=false, title=com.samuli.toppi.mobileChatApp (unreviewed)], network_restrictions=ANY_NETWORK status=queued[1], bytes_downloaded=0, total_bytes=5495272, retry[count=0, next_retry=n/a])
06-13 06:10:36.006  8822  8929 I Finsky:background: [87] otc.h(316): DS: onGetDownload(request_id=49, files_to_download=[config.xxhdpi(size:72950)], context[group_id=com.samuli.toppi.mobileChatApp:hjdTgz24RcqzPPRMW5FCsg], display_data[invisible=false, title=com.samuli.toppi.mobileChatApp (unreviewed)], network_restrictions=ANY_NETWORK status=queued[1], bytes_downloaded=0, total_bytes=72950, retry[count=0, next_retry=n/a])
06-13 06:10:36.006  8822  8929 I Finsky:background: [87] otc.h(316): DS: onGetDownload(request_id=47, files_to_download=[config.en(size:10868)], context[group_id=com.samuli.toppi.mobileChatApp:hjdTgz24RcqzPPRMW5FCsg], display_data[invisible=false, title=com.samuli.toppi.mobileChatApp (unreviewed)], network_restrictions=ANY_NETWORK status=running, bytes_downloaded=0, total_bytes=10868, retry[count=0, next_retry=n/a])
06-13 06:10:36.007  8822  8929 I Finsky:background: [87] otc.h(316): DS: onGetDownload(request_id=47, files_to_download=[config.en(size:10868)], context[group_id=com.samuli.toppi.mobileChatApp:hjdTgz24RcqzPPRMW5FCsg], display_data[invisible=false, title=com.samuli.toppi.mobileChatApp (unreviewed)], network_restrictions=ANY_NETWORK status=running, bytes_downloaded=0, total_bytes=10868, retry[count=0, next_retry=n/a])
06-13 06:10:36.007  8822  8929 I Finsky:background: [87] otc.h(316): DS: onGetDownload(request_id=50, files_to_download=[com.samuli.toppi.mobileChatApp.apk(size:10945081)], context[group_id=com.samuli.toppi.mobileChatApp:hjdTgz24RcqzPPRMW5FCsg], display_data[invisible=false, title=com.samuli.toppi.mobileChatApp (unreviewed)], network_restrictions=ANY_NETWORK status=queued[1], bytes_downloaded=0, total_bytes=10945081, retry[count=0, next_retry=n/a])
06-13 06:10:36.008  8822  8929 I Finsky:background: [87] otc.h(316): DS: onGetDownload(request_id=51, files_to_download=[config.fi(size:9715)], context[group_id=com.samuli.toppi.mobileChatApp:hjdTgz24RcqzPPRMW5FCsg], display_data[invisible=false, title=com.samuli.toppi.mobileChatApp (unreviewed)], network_restrictions=ANY_NETWORK status=queued[1], bytes_downloaded=0, total_bytes=9715, retry[count=0, next_retry=n/a])
06-13 06:10:36.008  8822  8929 I Finsky:background: [87] otc.h(316): DS: onGetDownload(request_id=52, files_to_download=[com.samuli.toppi.mobileChatApp.dm(size:479531)], context[group_id=com.samuli.toppi.mobileChatApp:hjdTgz24RcqzPPRMW5FCsg], display_data[invisible=false, title=com.samuli.toppi.mobileChatApp (unreviewed)], network_restrictions=ANY_NETWORK status=queued[1], bytes_downloaded=0, total_bytes=479531, retry[count=0, next_retry=n/a])
06-13 06:10:36.154  4783  8681 I Finsky  : [258] kiz.accept(70): IV2: onTaskProgress com.samuli.toppi.mobileChatApp[iid:4] [isid:hjdTgz24RcqzPPRMW5FCsg] status:4, size: 0/17013417
06-13 06:10:36.170  4783  8681 I Finsky  : [258] kiz.accept(70): IV2: onTaskProgress com.samuli.toppi.mobileChatApp[iid:4] [isid:hjdTgz24RcqzPPRMW5FCsg] status:4, size: 0/17013417
06-13 06:10:36.194  4783  8664 I Finsky  : [254] sqc.M(33): IQ: Notifying installation update. [Package:com.samuli.toppi.mobileChatApp, isid:hjdTgz24RcqzPPRMW5FCsg], status=DOWNLOADING, status_code=0, reason=single_install, tsc=PT16.89S
06-13 06:10:36.272  4783  8664 I Finsky  : [254] sqc.M(33): IQ: Notifying installation update. [Package:com.samuli.toppi.mobileChatApp, isid:hjdTgz24RcqzPPRMW5FCsg], status=DOWNLOADING, status_code=0, reason=single_install, tsc=PT16.968S
06-13 06:10:36.393  4783  4783 I Finsky  : [2] oxi.s(174): DL: Data loader session turned off due to Incremental install not requested: com.samuli.toppi.mobileChatApp
06-13 06:10:36.436  4783  4783 I Finsky  : [2] aafp.jN(75): PIM: Handling install package event for: com.samuli.toppi.mobileChatApp status:  DOWNLOADING, isid: hjdTgz24RcqzPPRMW5FCsg
06-13 06:10:36.516  4783  4783 I Finsky  : [2] oxi.s(174): DL: Data loader session turned off due to Incremental install not requested: com.samuli.toppi.mobileChatApp
06-13 06:10:36.534  4783  4783 I Finsky  : [2] aafp.jN(75): PIM: Handling install package event for: com.samuli.toppi.mobileChatApp status:  DOWNLOADING, isid: hjdTgz24RcqzPPRMW5FCsg
06-13 06:10:39.361  4783  9020 I Finsky  : [274] ndo.run(223): DU: Stored data usage stats for package com.samuli.toppi.mobileChatApp; completed bytes: 10868.
06-13 06:10:41.145  8822  8929 I Finsky:background: [87] otc.h(316): DS: onGetDownload(request_id=47, files_to_download=[config.en(size:10868)], context[group_id=com.samuli.toppi.mobileChatApp:hjdTgz24RcqzPPRMW5FCsg], display_data[invisible=false, title=com.samuli.toppi.mobileChatApp (unreviewed)], network_restrictions=ANY_NETWORK status=running, bytes_downloaded=2450, total_bytes=10868, retry[count=0, next_retry=n/a])
06-13 06:10:41.150  8822  8929 I Finsky:background: [87] otc.h(316): DS: onGetDownload(request_id=47, files_to_download=[config.en(size:10868)], context[group_id=com.samuli.toppi.mobileChatApp:hjdTgz24RcqzPPRMW5FCsg], display_data[invisible=false, title=com.samuli.toppi.mobileChatApp (unreviewed)], network_restrictions=ANY_NETWORK status=succeeded, bytes_downloaded=10868, total_bytes=10868, retry[count=0, next_retry=n/a])
06-13 06:10:41.150  8822  8929 I Finsky:background: [87] otc.h(316): DS: onGetDownload(request_id=47, files_to_download=[config.en(size:10868)], context[group_id=com.samuli.toppi.mobileChatApp:hjdTgz24RcqzPPRMW5FCsg], display_data[invisible=false, title=com.samuli.toppi.mobileChatApp (unreviewed)], network_restrictions=ANY_NETWORK status=succeeded, bytes_downloaded=10868, total_bytes=10868, retry[count=0, next_retry=n/a])
06-13 06:10:41.151  8822  8929 I Finsky:background: [87] otc.h(316): DS: onGetDownload(request_id=47, files_to_download=[config.en(size:10868)], context[group_id=com.samuli.toppi.mobileChatApp:hjdTgz24RcqzPPRMW5FCsg], display_data[invisible=false, title=com.samuli.toppi.mobileChatApp (unreviewed)], network_restrictions=ANY_NETWORK status=succeeded, bytes_downloaded=10868, total_bytes=10868, retry[count=0, next_retry=n/a])
06-13 06:10:41.367  4783  8681 I Finsky  : [258] kiz.accept(70): IV2: onTaskProgress com.samuli.toppi.mobileChatApp[iid:4] [isid:hjdTgz24RcqzPPRMW5FCsg] status:4, size: 2450/17013417
06-13 06:10:41.368  4783  8681 I Finsky  : [258] kiz.accept(70): IV2: onTaskProgress com.samuli.toppi.mobileChatApp[iid:4] [isid:hjdTgz24RcqzPPRMW5FCsg] status:4, size: 10868/17013417
06-13 06:10:41.368  4783  8681 I Finsky  : [258] kiz.accept(70): IV2: onTaskProgress com.samuli.toppi.mobileChatApp[iid:4] [isid:hjdTgz24RcqzPPRMW5FCsg] status:4, size: 10868/17013417
06-13 06:10:41.368  4783  8681 I Finsky  : [258] kiz.accept(70): IV2: onTaskProgress com.samuli.toppi.mobileChatApp[iid:4] [isid:hjdTgz24RcqzPPRMW5FCsg] status:4, size: 10868/17013417
06-13 06:10:41.369  4783  8681 I Finsky  : [258] kiz.accept(70): IV2: onTaskProgress com.samuli.toppi.mobileChatApp[iid:4] [isid:hjdTgz24RcqzPPRMW5FCsg] status:4, size: 10868/17013417
06-13 06:10:41.401  4783  8664 I Finsky  : [254] sqc.M(33): IQ: Notifying installation update. [Package:com.samuli.toppi.mobileChatApp, isid:hjdTgz24RcqzPPRMW5FCsg], status=DOWNLOADING, status_code=0, reason=single_install, tsc=PT22.098S
06-13 06:10:41.446  4783  4879 I Finsky  : [82] zto.a(106): RF::PP-Decompress: starting to decompress for com.samuli.toppi.mobileChatApp[iid:4] [isid:hjdTgz24RcqzPPRMW5FCsg] [tid: 1000000006].
06-13 06:10:41.468  4783  4879 I Finsky  : [82] zto.a(1235): RF::PP-Copy: starting to copy for com.samuli.toppi.mobileChatApp[iid:4] [isid:hjdTgz24RcqzPPRMW5FCsg] [tid: 1000000006]
06-13 06:10:41.658  4783  4783 I Finsky  : [2] oxi.s(174): DL: Data loader session turned off due to Incremental install not requested: com.samuli.toppi.mobileChatApp
06-13 06:10:41.674  8822  8929 I Finsky:background: [87] otc.h(316): DS: onGetDownload(request_id=48, files_to_download=[config.x86_64(size:5495272)], context[group_id=com.samuli.toppi.mobileChatApp:hjdTgz24RcqzPPRMW5FCsg], display_data[invisible=false, title=com.samuli.toppi.mobileChatApp (unreviewed)], network_restrictions=ANY_NETWORK status=running, bytes_downloaded=0, total_bytes=5495272, retry[count=0, next_retry=n/a])
06-13 06:10:41.674  8822  8929 I Finsky:background: [87] otc.h(316): DS: onGetDownload(request_id=48, files_to_download=[config.x86_64(size:5495272)], context[group_id=com.samuli.toppi.mobileChatApp:hjdTgz24RcqzPPRMW5FCsg], display_data[invisible=false, title=com.samuli.toppi.mobileChatApp (unreviewed)], network_restrictions=ANY_NETWORK status=running, bytes_downloaded=0, total_bytes=5495272, retry[count=0, next_retry=n/a])
06-13 06:10:41.707  4783  8664 I Finsky  : [254] sqc.M(33): IQ: Notifying installation update. [Package:com.samuli.toppi.mobileChatApp, isid:hjdTgz24RcqzPPRMW5FCsg], status=DOWNLOADING, status_code=0, reason=single_install, tsc=PT22.403S
06-13 06:10:41.754  4783  8664 I Finsky  : [254] sqc.M(33): IQ: Notifying installation update. [Package:com.samuli.toppi.mobileChatApp, isid:hjdTgz24RcqzPPRMW5FCsg], status=DOWNLOADING, status_code=0, reason=single_install, tsc=PT22.45S
06-13 06:10:41.759  4783  4783 I Finsky  : [2] aafp.jN(75): PIM: Handling install package event for: com.samuli.toppi.mobileChatApp status:  DOWNLOADING, isid: hjdTgz24RcqzPPRMW5FCsg
06-13 06:10:41.827  4783  8664 I Finsky  : [254] sqc.M(33): IQ: Notifying installation update. [Package:com.samuli.toppi.mobileChatApp, isid:hjdTgz24RcqzPPRMW5FCsg], status=DOWNLOADING, status_code=0, reason=single_install, tsc=PT22.524S
06-13 06:10:41.856  4783  4879 I Finsky  : [82] zto.a(1147): RF::PP-Verify: starting to verify for com.samuli.toppi.mobileChatApp[iid:4] [isid:hjdTgz24RcqzPPRMW5FCsg] [tid: 1000000006].
06-13 06:10:41.933  4783  8664 I Finsky  : [254] sqc.M(33): IQ: Notifying installation update. [Package:com.samuli.toppi.mobileChatApp, isid:hjdTgz24RcqzPPRMW5FCsg], status=DOWNLOADING, status_code=0, reason=single_install, tsc=PT22.63S
06-13 06:10:42.095  4783  4783 I Finsky  : [2] oxi.s(174): DL: Data loader session turned off due to Incremental install not requested: com.samuli.toppi.mobileChatApp
06-13 06:10:42.139  4783  4783 I Finsky  : [2] aafp.jN(75): PIM: Handling install package event for: com.samuli.toppi.mobileChatApp status:  DOWNLOADING, isid: hjdTgz24RcqzPPRMW5FCsg
06-13 06:10:42.592  4783  8681 I Finsky  : [258] kiz.accept(70): IV2: onTaskProgress com.samuli.toppi.mobileChatApp[iid:4] [isid:hjdTgz24RcqzPPRMW5FCsg] status:4, size: 10868/17013417
06-13 06:10:42.653  4783  8664 I Finsky  : [254] sqc.M(33): IQ: Notifying installation update. [Package:com.samuli.toppi.mobileChatApp, isid:hjdTgz24RcqzPPRMW5FCsg], status=DOWNLOADING, status_code=0, reason=single_install, tsc=PT23.349S
06-13 06:10:42.914  4783  4783 I Finsky  : [2] oxi.s(174): DL: Data loader session turned off due to Incremental install not requested: com.samuli.toppi.mobileChatApp
06-13 06:10:42.921  4783  4783 I Finsky  : [2] aafp.jN(75): PIM: Handling install package event for: com.samuli.toppi.mobileChatApp status:  DOWNLOADING, isid: hjdTgz24RcqzPPRMW5FCsg
06-13 06:10:42.930  4783  8681 I Finsky  : [258] kiz.accept(70): IV2: onTaskProgress com.samuli.toppi.mobileChatApp[iid:4] [isid:hjdTgz24RcqzPPRMW5FCsg] status:4, size: 10868/17013417
06-13 06:10:42.970  4783  8664 I Finsky  : [254] sqc.M(33): IQ: Notifying installation update. [Package:com.samuli.toppi.mobileChatApp, isid:hjdTgz24RcqzPPRMW5FCsg], status=DOWNLOADING, status_code=0, reason=single_install, tsc=PT23.667S
06-13 06:10:43.137  4783  4783 I Finsky  : [2] oxi.s(174): DL: Data loader session turned off due to Incremental install not requested: com.samuli.toppi.mobileChatApp
06-13 06:10:43.141  4783  4783 I Finsky  : [2] aafp.jN(75): PIM: Handling install package event for: com.samuli.toppi.mobileChatApp status:  DOWNLOADING, isid: hjdTgz24RcqzPPRMW5FCsg
06-13 06:10:43.168  4783  4783 I Finsky  : [2] oxi.s(174): DL: Data loader session turned off due to Incremental install not requested: com.samuli.toppi.mobileChatApp
06-13 06:10:43.173  4783  4783 I Finsky  : [2] aafp.jN(75): PIM: Handling install package event for: com.samuli.toppi.mobileChatApp status:  DOWNLOADING, isid: hjdTgz24RcqzPPRMW5FCsg
06-13 06:10:44.043  4783  4783 I Finsky  : [2] oxi.s(174): DL: Data loader session turned off due to Incremental install not requested: com.samuli.toppi.mobileChatApp
06-13 06:10:44.045  4783  4783 I Finsky  : [2] aafp.jN(75): PIM: Handling install package event for: com.samuli.toppi.mobileChatApp status:  DOWNLOADING, isid: hjdTgz24RcqzPPRMW5FCsg
06-13 06:10:44.151  4783  4783 I Finsky  : [2] oxi.s(174): DL: Data loader session turned off due to Incremental install not requested: com.samuli.toppi.mobileChatApp
06-13 06:10:44.156  4783  4783 I Finsky  : [2] aafp.jN(75): PIM: Handling install package event for: com.samuli.toppi.mobileChatApp status:  DOWNLOADING, isid: hjdTgz24RcqzPPRMW5FCsg
06-13 06:10:45.258  8822  8929 I Finsky:background: [87] otc.h(316): DS: onGetDownload(request_id=48, files_to_download=[config.x86_64(size:5495272)], context[group_id=com.samuli.toppi.mobileChatApp:hjdTgz24RcqzPPRMW5FCsg], display_data[invisible=false, title=com.samuli.toppi.mobileChatApp (unreviewed)], network_restrictions=ANY_NETWORK status=running, bytes_downloaded=7360, total_bytes=5495272, retry[count=0, next_retry=n/a])
06-13 06:10:45.265  4783  8681 I Finsky  : [258] kiz.accept(70): IV2: onTaskProgress com.samuli.toppi.mobileChatApp[iid:4] [isid:hjdTgz24RcqzPPRMW5FCsg] status:4, size: 18228/17013417
06-13 06:10:45.271  8822  8929 I Finsky:background: [87] otc.h(316): DS: onGetDownload(request_id=48, files_to_download=[config.x86_64(size:5495272)], context[group_id=com.samuli.toppi.mobileChatApp:hjdTgz24RcqzPPRMW5FCsg], display_data[invisible=false, title=com.samuli.toppi.mobileChatApp (unreviewed)], network_restrictions=ANY_NETWORK status=running, bytes_downloaded=7360, total_bytes=5495272, retry[count=0, next_retry=n/a])
06-13 06:10:45.278  4783  8681 I Finsky  : [258] kiz.accept(70): IV2: onTaskProgress com.samuli.toppi.mobileChatApp[iid:4] [isid:hjdTgz24RcqzPPRMW5FCsg] status:4, size: 18228/17013417
06-13 06:10:45.283  4783  8664 I Finsky  : [254] sqc.M(33): IQ: Notifying installation update. [Package:com.samuli.toppi.mobileChatApp, isid:hjdTgz24RcqzPPRMW5FCsg], status=DOWNLOADING, status_code=0, reason=single_install, tsc=PT25.979S
06-13 06:10:45.356  4783  8664 I Finsky  : [254] sqc.M(33): IQ: Notifying installation update. [Package:com.samuli.toppi.mobileChatApp, isid:hjdTgz24RcqzPPRMW5FCsg], status=DOWNLOADING, status_code=0, reason=single_install, tsc=PT26.049S
06-13 06:10:45.434  4783  4783 I Finsky  : [2] oxi.s(174): DL: Data loader session turned off due to Incremental install not requested: com.samuli.toppi.mobileChatApp
06-13 06:10:45.438  4783  4783 I Finsky  : [2] aafp.jN(75): PIM: Handling install package event for: com.samuli.toppi.mobileChatApp status:  DOWNLOADING, isid: hjdTgz24RcqzPPRMW5FCsg
06-13 06:10:45.483  4783  4783 I Finsky  : [2] oxi.s(174): DL: Data loader session turned off due to Incremental install not requested: com.samuli.toppi.mobileChatApp
06-13 06:10:45.487  4783  4783 I Finsky  : [2] aafp.jN(75): PIM: Handling install package event for: com.samuli.toppi.mobileChatApp status:  DOWNLOADING, isid: hjdTgz24RcqzPPRMW5FCsg
06-13 06:10:45.940  8822  8929 I Finsky:background: [87] otc.h(316): DS: onGetDownload(request_id=48, files_to_download=[config.x86_64(size:5495272)], context[group_id=com.samuli.toppi.mobileChatApp:hjdTgz24RcqzPPRMW5FCsg], display_data[invisible=false, title=com.samuli.toppi.mobileChatApp (unreviewed)], network_restrictions=ANY_NETWORK status=running, bytes_downloaded=443497, total_bytes=5495272, retry[count=0, next_retry=n/a])
06-13 06:10:45.968  4783  8681 I Finsky  : [258] kiz.accept(70): IV2: onTaskProgress com.samuli.toppi.mobileChatApp[iid:4] [isid:hjdTgz24RcqzPPRMW5FCsg] status:4, size: 454365/17013417
06-13 06:10:46.004  4783  8664 I Finsky  : [254] sqc.M(33): IQ: Notifying installation update. [Package:com.samuli.toppi.mobileChatApp, isid:hjdTgz24RcqzPPRMW5FCsg], status=DOWNLOADING, status_code=0, reason=single_install, tsc=PT26.701S
06-13 06:10:46.224  4783  4783 I Finsky  : [2] oxi.s(174): DL: Data loader session turned off due to Incremental install not requested: com.samuli.toppi.mobileChatApp
06-13 06:10:46.228  4783  4783 I Finsky  : [2] aafp.jN(75): PIM: Handling install package event for: com.samuli.toppi.mobileChatApp status:  DOWNLOADING, isid: hjdTgz24RcqzPPRMW5FCsg
06-13 06:10:48.626  8822  8929 I Finsky:background: [87] otc.h(316): DS: onGetDownload(request_id=48, files_to_download=[config.x86_64(size:5495272)], context[group_id=com.samuli.toppi.mobileChatApp:hjdTgz24RcqzPPRMW5FCsg], display_data[invisible=false, title=com.samuli.toppi.mobileChatApp (unreviewed)], network_restrictions=ANY_NETWORK status=running, bytes_downloaded=982473, total_bytes=5495272, retry[count=0, next_retry=n/a])
06-13 06:10:48.680  4783  8681 I Finsky  : [258] kiz.accept(70): IV2: onTaskProgress com.samuli.toppi.mobileChatApp[iid:4] [isid:hjdTgz24RcqzPPRMW5FCsg] status:4, size: 993341/17013417
06-13 06:10:48.754  4783  8664 I Finsky  : [254] sqc.M(33): IQ: Notifying installation update. [Package:com.samuli.toppi.mobileChatApp, isid:hjdTgz24RcqzPPRMW5FCsg], status=DOWNLOADING, status_code=0, reason=single_install, tsc=PT29.451S
06-13 06:10:48.915  4783  4783 I Finsky  : [2] oxi.s(174): DL: Data loader session turned off due to Incremental install not requested: com.samuli.toppi.mobileChatApp
06-13 06:10:48.918  4783  4783 I Finsky  : [2] aafp.jN(75): PIM: Handling install package event for: com.samuli.toppi.mobileChatApp status:  DOWNLOADING, isid: hjdTgz24RcqzPPRMW5FCsg
06-13 06:10:49.643  4783  4899 I Finsky  : [94] yey.x(82): Package no longer installed: com.samuli.toppi.mobileChatApp
06-13 06:10:49.882  8822  8929 I Finsky:background: [87] otc.h(316): DS: onGetDownload(request_id=48, files_to_download=[config.x86_64(size:5495272)], context[group_id=com.samuli.toppi.mobileChatApp:hjdTgz24RcqzPPRMW5FCsg], display_data[invisible=false, title=com.samuli.toppi.mobileChatApp (unreviewed)], network_restrictions=ANY_NETWORK status=running, bytes_downloaded=1269093, total_bytes=5495272, retry[count=0, next_retry=n/a])
06-13 06:10:49.914  4783  8681 I Finsky  : [258] kiz.accept(70): IV2: onTaskProgress com.samuli.toppi.mobileChatApp[iid:4] [isid:hjdTgz24RcqzPPRMW5FCsg] status:4, size: 1279961/17013417
06-13 06:10:49.930  4783  8664 I Finsky  : [254] sqc.M(33): IQ: Notifying installation update. [Package:com.samuli.toppi.mobileChatApp, isid:hjdTgz24RcqzPPRMW5FCsg], status=DOWNLOADING, status_code=0, reason=single_install, tsc=PT30.627S
06-13 06:10:49.998  4783  4783 I Finsky  : [2] amyo.d(135): UCtl: Capture account null for next update of com.samuli.toppi.mobileChatApp
06-13 06:10:50.448  4783  4783 I Finsky  : [2] oxi.s(174): DL: Data loader session turned off due to Incremental install not requested: com.samuli.toppi.mobileChatApp
06-13 06:10:50.452  4783  4783 I Finsky  : [2] aafp.jN(75): PIM: Handling install package event for: com.samuli.toppi.mobileChatApp status:  DOWNLOADING, isid: hjdTgz24RcqzPPRMW5FCsg
06-13 06:10:51.047  4783  4864 I Finsky  : [77] ajti.run(329): UCtl: For package com.samuli.toppi.mobileChatApp, first update discovery timestamp is set to 1970-01-01T00:00:00Z
06-13 06:10:51.048  4783  4864 I Finsky  : [77] ajti.run(480): UCtl: Package com.samuli.toppi.mobileChatApp client staleness timestamp changed from 1970-01-01T00:00:00Z to 2024-06-13T06:10:50.999Z, available version changed from 0 to 2 or in-app update priority changed from 0 to 0, Server update discovery timestamp is changed from 1970-01-01T00:00:00Z to 1970-01-01T00:00:00Z
06-13 06:10:52.267  8822  8929 I Finsky:background: [87] otc.h(316): DS: onGetDownload(request_id=48, files_to_download=[config.x86_64(size:5495272)], context[group_id=com.samuli.toppi.mobileChatApp:hjdTgz24RcqzPPRMW5FCsg], display_data[invisible=false, title=com.samuli.toppi.mobileChatApp (unreviewed)], network_restrictions=ANY_NETWORK status=running, bytes_downloaded=1480993, total_bytes=5495272, retry[count=0, next_retry=n/a])
06-13 06:10:52.279  4783  8681 I Finsky  : [258] kiz.accept(70): IV2: onTaskProgress com.samuli.toppi.mobileChatApp[iid:4] [isid:hjdTgz24RcqzPPRMW5FCsg] status:4, size: 1491861/17013417
06-13 06:10:52.303  4783  8664 I Finsky  : [254] sqc.M(33): IQ: Notifying installation update. [Package:com.samuli.toppi.mobileChatApp, isid:hjdTgz24RcqzPPRMW5FCsg], status=DOWNLOADING, status_code=0, reason=single_install, tsc=PT33S
06-13 06:10:52.403  4783  4783 I Finsky  : [2] oxi.s(174): DL: Data loader session turned off due to Incremental install not requested: com.samuli.toppi.mobileChatApp
06-13 06:10:52.411  4783  4783 I Finsky  : [2] aafp.jN(75): PIM: Handling install package event for: com.samuli.toppi.mobileChatApp status:  DOWNLOADING, isid: hjdTgz24RcqzPPRMW5FCsg
06-13 06:10:55.021  8822  8929 I Finsky:background: [87] otc.h(316): DS: onGetDownload(request_id=48, files_to_download=[config.x86_64(size:5495272)], context[group_id=com.samuli.toppi.mobileChatApp:hjdTgz24RcqzPPRMW5FCsg], display_data[invisible=false, title=com.samuli.toppi.mobileChatApp (unreviewed)], network_restrictions=ANY_NETWORK status=running, bytes_downloaded=1580211, total_bytes=5495272, retry[count=0, next_retry=n/a])
06-13 06:10:55.033  4783  8681 I Finsky  : [258] kiz.accept(70): IV2: onTaskProgress com.samuli.toppi.mobileChatApp[iid:4] [isid:hjdTgz24RcqzPPRMW5FCsg] status:4, size: 1591079/17013417
06-13 06:10:55.043  4783  8664 I Finsky  : [254] sqc.M(33): IQ: Notifying installation update. [Package:com.samuli.toppi.mobileChatApp, isid:hjdTgz24RcqzPPRMW5FCsg], status=DOWNLOADING, status_code=0, reason=single_install, tsc=PT35.74S
06-13 06:10:55.280  4783  4783 I Finsky  : [2] oxi.s(174): DL: Data loader session turned off due to Incremental install not requested: com.samuli.toppi.mobileChatApp
06-13 06:10:55.285  4783  4783 I Finsky  : [2] aafp.jN(75): PIM: Handling install package event for: com.samuli.toppi.mobileChatApp status:  DOWNLOADING, isid: hjdTgz24RcqzPPRMW5FCsg
06-13 06:10:56.571  8822  8929 I Finsky:background: [87] otc.h(316): DS: onGetDownload(request_id=48, files_to_download=[config.x86_64(size:5495272)], context[group_id=com.samuli.toppi.mobileChatApp:hjdTgz24RcqzPPRMW5FCsg], display_data[invisible=false, title=com.samuli.toppi.mobileChatApp (unreviewed)], network_restrictions=ANY_NETWORK status=running, bytes_downloaded=1843566, total_bytes=5495272, retry[count=0, next_retry=n/a])
06-13 06:10:56.586  4783  8681 I Finsky  : [258] kiz.accept(70): IV2: onTaskProgress com.samuli.toppi.mobileChatApp[iid:4] [isid:hjdTgz24RcqzPPRMW5FCsg] status:4, size: 1854434/17013417
06-13 06:10:56.597  4783  8664 I Finsky  : [254] sqc.M(33): IQ: Notifying installation update. [Package:com.samuli.toppi.mobileChatApp, isid:hjdTgz24RcqzPPRMW5FCsg], status=DOWNLOADING, status_code=0, reason=single_install, tsc=PT37.293S
06-13 06:10:56.719  4783  4783 I Finsky  : [2] oxi.s(174): DL: Data loader session turned off due to Incremental install not requested: com.samuli.toppi.mobileChatApp
06-13 06:10:56.733  4783  4783 I Finsky  : [2] aafp.jN(75): PIM: Handling install package event for: com.samuli.toppi.mobileChatApp status:  DOWNLOADING, isid: hjdTgz24RcqzPPRMW5FCsg
06-13 06:11:06.586  4783  4899 I Finsky  : [94] yey.x(82): Package no longer installed: com.samuli.toppi.mobileChatApp
06-13 06:11:06.632  4783  4864 I Finsky  : [77] yey.x(82): Package no longer installed: com.samuli.toppi.mobileChatApp
06-13 06:11:06.720  8822  8929 I Finsky:background: [87] otc.h(316): DS: onGetDownload(request_id=48, files_to_download=[config.x86_64(size:5495272)], context[group_id=com.samuli.toppi.mobileChatApp:hjdTgz24RcqzPPRMW5FCsg], display_data[invisible=false, title=com.samuli.toppi.mobileChatApp (unreviewed)], network_restrictions=ANY_NETWORK status=running, bytes_downloaded=2065290, total_bytes=5495272, retry[count=0, next_retry=n/a])
06-13 06:11:07.078  4783  4783 I Finsky  : [2] amyo.d(135): UCtl: Capture account null for next update of com.samuli.toppi.mobileChatApp
06-13 06:11:07.134  4783  8681 I Finsky  : [258] kiz.accept(70): IV2: onTaskProgress com.samuli.toppi.mobileChatApp[iid:4] [isid:hjdTgz24RcqzPPRMW5FCsg] status:4, size: 2076158/17013417
06-13 06:11:07.207  4783  8664 I Finsky  : [254] sqc.M(33): IQ: Notifying installation update. [Package:com.samuli.toppi.mobileChatApp, isid:hjdTgz24RcqzPPRMW5FCsg], status=DOWNLOADING, status_code=0, reason=single_install, tsc=PT47.903S
06-13 06:11:07.521  4783  4783 I Finsky  : [2] oxi.s(174): DL: Data loader session turned off due to Incremental install not requested: com.samuli.toppi.mobileChatApp
06-13 06:11:07.577  4783  4783 I Finsky  : [2] aafp.jN(75): PIM: Handling install package event for: com.samuli.toppi.mobileChatApp status:  DOWNLOADING, isid: hjdTgz24RcqzPPRMW5FCsg
06-13 06:11:07.596  4783  4783 I Finsky  : [2] amyo.d(135): UCtl: Capture account null for next update of com.samuli.toppi.mobileChatApp
06-13 06:11:08.951  8822  8929 I Finsky:background: [87] otc.h(316): DS: onGetDownload(request_id=48, files_to_download=[config.x86_64(size:5495272)], context[group_id=com.samuli.toppi.mobileChatApp:hjdTgz24RcqzPPRMW5FCsg], display_data[invisible=false, title=com.samuli.toppi.mobileChatApp (unreviewed)], network_restrictions=ANY_NETWORK status=running, bytes_downloaded=2469619, total_bytes=5495272, retry[count=0, next_retry=n/a])
06-13 06:11:08.953  8822  8929 I Finsky:background: [87] otc.h(316): DS: onGetDownload(request_id=48, files_to_download=[config.x86_64(size:5495272)], context[group_id=com.samuli.toppi.mobileChatApp:hjdTgz24RcqzPPRMW5FCsg], display_data[invisible=false, title=com.samuli.toppi.mobileChatApp (unreviewed)], network_restrictions=ANY_NETWORK status=running, bytes_downloaded=2469619, total_bytes=5495272, retry[count=0, next_retry=n/a])
06-13 06:11:10.419  4783  4889 I Finsky  : [87] ajti.run(329): UCtl: For package com.samuli.toppi.mobileChatApp, first update discovery timestamp is set to 2024-06-13T06:10:50.999Z
06-13 06:11:11.475  8822  8929 I Finsky:background: [87] otc.h(316): DS: onGetDownload(request_id=48, files_to_download=[config.x86_64(size:5495272)], context[group_id=com.samuli.toppi.mobileChatApp:hjdTgz24RcqzPPRMW5FCsg], display_data[invisible=false, title=com.samuli.toppi.mobileChatApp (unreviewed)], network_restrictions=ANY_NETWORK status=running, bytes_downloaded=2646156, total_bytes=5495272, retry[count=0, next_retry=n/a])
