06-13 06:11:11.485  8822  8929 I Finsky:background: [87] otc.h(316): DS: onGetDownload(request_id=48, files_to_download=[config.x86_64(size:5495272)], context[group_id=com.samuli.toppi.mobileChatApp:hjdTgz24RcqzPPRMW5FCsg], display_data[invisible=false, title=com.samuli.toppi.mobileChatApp (unreviewed)], network_restrictions=ANY_NETWORK status=running, bytes_downloaded=2646156, total_bytes=5495272, retry[count=0, next_retry=n/a])
06-13 06:11:11.487  8822  8929 I Finsky:background: [87] otc.h(316): DS: onGetDownload(request_id=48, files_to_download=[config.x86_64(size:5495272)], context[group_id=com.samuli.toppi.mobileChatApp:hjdTgz24RcqzPPRMW5FCsg], display_data[invisible=false, title=com.samuli.toppi.mobileChatApp (unreviewed)], network_restrictions=ANY_NETWORK status=running, bytes_downloaded=2662094, total_bytes=5495272, retry[count=0, next_retry=n/a])
06-13 06:11:11.527  4783  4889 I Finsky  : [87] ajti.run(329): UCtl: For package com.samuli.toppi.mobileChatApp, first update discovery timestamp is set to 2024-06-13T06:10:50.999Z
06-13 06:11:11.564  4783  8681 I Finsky  : [258] kiz.accept(70): IV2: onTaskProgress com.samuli.toppi.mobileChatApp[iid:4] [isid:hjdTgz24RcqzPPRMW5FCsg] status:4, size: 2480487/17013417
06-13 06:11:11.570  4783  8681 I Finsky  : [258] kiz.accept(70): IV2: onTaskProgress com.samuli.toppi.mobileChatApp[iid:4] [isid:hjdTgz24RcqzPPRMW5FCsg] status:4, size: 2480487/17013417
06-13 06:11:11.571  4783  8681 I Finsky  : [258] kiz.accept(70): IV2: onTaskProgress com.samuli.toppi.mobileChatApp[iid:4] [isid:hjdTgz24RcqzPPRMW5FCsg] status:4, size: 2657024/17013417
06-13 06:11:11.571  4783  8681 I Finsky  : [258] kiz.accept(70): IV2: onTaskProgress com.samuli.toppi.mobileChatApp[iid:4] [isid:hjdTgz24RcqzPPRMW5FCsg] status:4, size: 2657024/17013417
06-13 06:11:11.572  4783  8681 I Finsky  : [258] kiz.accept(70): IV2: onTaskProgress com.samuli.toppi.mobileChatApp[iid:4] [isid:hjdTgz24RcqzPPRMW5FCsg] status:4, size: 2672962/17013417
06-13 06:11:11.577  4783  8664 I Finsky  : [254] sqc.M(33): IQ: Notifying installation update. [Package:com.samuli.toppi.mobileChatApp, isid:hjdTgz24RcqzPPRMW5FCsg], status=DOWNLOADING, status_code=0, reason=single_install, tsc=PT52.274S
06-13 06:11:11.668  4783  8664 I Finsky  : [254] sqc.M(33): IQ: Notifying installation update. [Package:com.samuli.toppi.mobileChatApp, isid:hjdTgz24RcqzPPRMW5FCsg], status=DOWNLOADING, status_code=0, reason=single_install, tsc=PT52.364S
06-13 06:11:11.686  4783  4783 I Finsky  : [2] oxi.s(174): DL: Data loader session turned off due to Incremental install not requested: com.samuli.toppi.mobileChatApp
06-13 06:11:11.691  4783  4783 I Finsky  : [2] aafp.jN(75): PIM: Handling install package event for: com.samuli.toppi.mobileChatApp status:  DOWNLOADING, isid: hjdTgz24RcqzPPRMW5FCsg
06-13 06:11:11.981  4783  8664 I Finsky  : [254] sqc.M(33): IQ: Notifying installation update. [Package:com.samuli.toppi.mobileChatApp, isid:hjdTgz24RcqzPPRMW5FCsg], status=DOWNLOADING, status_code=0, reason=single_install, tsc=PT52.677S
06-13 06:11:12.125  4783  8664 I Finsky  : [254] sqc.M(33): IQ: Notifying installation update. [Package:com.samuli.toppi.mobileChatApp, isid:hjdTgz24RcqzPPRMW5FCsg], status=DOWNLOADING, status_code=0, reason=single_install, tsc=PT52.822S
06-13 06:11:12.243  4783  8664 I Finsky  : [254] sqc.M(33): IQ: Notifying installation update. [Package:com.samuli.toppi.mobileChatApp, isid:hjdTgz24RcqzPPRMW5FCsg], status=DOWNLOADING, status_code=0, reason=single_install, tsc=PT52.939S
06-13 06:11:12.328  8822  8929 I Finsky:background: [87] otc.h(316): DS: onGetDownload(request_id=48, files_to_download=[config.x86_64(size:5495272)], context[group_id=com.samuli.toppi.mobileChatApp:hjdTgz24RcqzPPRMW5FCsg], display_data[invisible=false, title=com.samuli.toppi.mobileChatApp (unreviewed)], network_restrictions=ANY_NETWORK status=running, bytes_downloaded=2845909, total_bytes=5495272, retry[count=0, next_retry=n/a])
06-13 06:11:12.415  4783  4783 I Finsky  : [2] oxi.s(174): DL: Data loader session turned off due to Incremental install not requested: com.samuli.toppi.mobileChatApp
06-13 06:11:12.425  4783  4783 I Finsky  : [2] aafp.jN(75): PIM: Handling install package event for: com.samuli.toppi.mobileChatApp status:  DOWNLOADING, isid: hjdTgz24RcqzPPRMW5FCsg
06-13 06:11:12.589  4783  4783 I Finsky  : [2] oxi.s(174): DL: Data loader session turned off due to Incremental install not requested: com.samuli.toppi.mobileChatApp
06-13 06:11:12.594  4783  4783 I Finsky  : [2] aafp.jN(75): PIM: Handling install package event for: com.samuli.toppi.mobileChatApp status:  DOWNLOADING, isid: hjdTgz24RcqzPPRMW5FCsg
06-13 06:11:12.811  4783  4783 I Finsky  : [2] oxi.s(174): DL: Data loader session turned off due to Incremental install not requested: com.samuli.toppi.mobileChatApp
06-13 06:11:12.816  4783  4783 I Finsky  : [2] aafp.jN(75): PIM: Handling install package event for: com.samuli.toppi.mobileChatApp status:  DOWNLOADING, isid: hjdTgz24RcqzPPRMW5FCsg
06-13 06:11:12.990  4783  4783 I Finsky  : [2] oxi.s(174): DL: Data loader session turned off due to Incremental install not requested: com.samuli.toppi.mobileChatApp
06-13 06:11:12.992  4783  4783 I Finsky  : [2] aafp.jN(75): PIM: Handling install package event for: com.samuli.toppi.mobileChatApp status:  DOWNLOADING, isid: hjdTgz24RcqzPPRMW5FCsg
06-13 06:11:13.014  4783  8681 I Finsky  : [258] kiz.accept(70): IV2: onTaskProgress com.samuli.toppi.mobileChatApp[iid:4] [isid:hjdTgz24RcqzPPRMW5FCsg] status:4, size: 2856777/17013417
06-13 06:11:13.060  4783  8664 I Finsky  : [254] sqc.M(33): IQ: Notifying installation update. [Package:com.samuli.toppi.mobileChatApp, isid:hjdTgz24RcqzPPRMW5FCsg], status=DOWNLOADING, status_code=0, reason=single_install, tsc=PT53.757S
06-13 06:11:13.371  4783  4783 I Finsky  : [2] oxi.s(174): DL: Data loader session turned off due to Incremental install not requested: com.samuli.toppi.mobileChatApp
06-13 06:11:13.375  4783  4783 I Finsky  : [2] aafp.jN(75): PIM: Handling install package event for: com.samuli.toppi.mobileChatApp status:  DOWNLOADING, isid: hjdTgz24RcqzPPRMW5FCsg
06-13 06:11:15.529  8822  8929 I Finsky:background: [87] otc.h(316): DS: onGetDownload(request_id=48, files_to_download=[config.x86_64(size:5495272)], context[group_id=com.samuli.toppi.mobileChatApp:hjdTgz24RcqzPPRMW5FCsg], display_data[invisible=false, title=com.samuli.toppi.mobileChatApp (unreviewed)], network_restrictions=ANY_NETWORK status=running, bytes_downloaded=3122918, total_bytes=5495272, retry[count=0, next_retry=n/a])
06-13 06:11:15.540  4783  8681 I Finsky  : [258] kiz.accept(70): IV2: onTaskProgress com.samuli.toppi.mobileChatApp[iid:4] [isid:hjdTgz24RcqzPPRMW5FCsg] status:4, size: 3133786/17013417
06-13 06:11:15.591  4783  8664 I Finsky  : [254] sqc.M(33): IQ: Notifying installation update. [Package:com.samuli.toppi.mobileChatApp, isid:hjdTgz24RcqzPPRMW5FCsg], status=DOWNLOADING, status_code=0, reason=single_install, tsc=PT56.288S
06-13 06:11:15.748  4783  4783 I Finsky  : [2] oxi.s(174): DL: Data loader session turned off due to Incremental install not requested: com.samuli.toppi.mobileChatApp
06-13 06:11:15.755  4783  4783 I Finsky  : [2] aafp.jN(75): PIM: Handling install package event for: com.samuli.toppi.mobileChatApp status:  DOWNLOADING, isid: hjdTgz24RcqzPPRMW5FCsg
06-13 06:11:17.119  8822  8929 I Finsky:background: [87] otc.h(316): DS: onGetDownload(request_id=48, files_to_download=[config.x86_64(size:5495272)], context[group_id=com.samuli.toppi.mobileChatApp:hjdTgz24RcqzPPRMW5FCsg], display_data[invisible=false, title=com.samuli.toppi.mobileChatApp (unreviewed)], network_restrictions=ANY_NETWORK status=running, bytes_downloaded=3469864, total_bytes=5495272, retry[count=0, next_retry=n/a])
06-13 06:11:21.384  4783  8681 I Finsky  : [258] kiz.accept(70): IV2: onTaskProgress com.samuli.toppi.mobileChatApp[iid:4] [isid:hjdTgz24RcqzPPRMW5FCsg] status:4, size: 3480732/17013417
06-13 06:11:21.462  4783  8664 I Finsky  : [254] sqc.M(33): IQ: Notifying installation update. [Package:com.samuli.toppi.mobileChatApp, isid:hjdTgz24RcqzPPRMW5FCsg], status=DOWNLOADING, status_code=0, reason=single_install, tsc=PT1M2.159S
06-13 06:11:21.774  4783  4783 I Finsky  : [2] oxi.s(174): DL: Data loader session turned off due to Incremental install not requested: com.samuli.toppi.mobileChatApp
06-13 06:11:21.780  4783  4783 I Finsky  : [2] aafp.jN(75): PIM: Handling install package event for: com.samuli.toppi.mobileChatApp status:  DOWNLOADING, isid: hjdTgz24RcqzPPRMW5FCsg
06-13 06:11:23.561  8822  8929 I Finsky:background: [87] otc.h(316): DS: onGetDownload(request_id=48, files_to_download=[config.x86_64(size:5495272)], context[group_id=com.samuli.toppi.mobileChatApp:hjdTgz24RcqzPPRMW5FCsg], display_data[invisible=false, title=com.samuli.toppi.mobileChatApp (unreviewed)], network_restrictions=ANY_NETWORK status=running, bytes_downloaded=3974724, total_bytes=5495272, retry[count=0, next_retry=n/a])
06-13 06:11:23.672  4783  8681 I Finsky  : [258] kiz.accept(70): IV2: onTaskProgress com.samuli.toppi.mobileChatApp[iid:4] [isid:hjdTgz24RcqzPPRMW5FCsg] status:4, size: 3985592/17013417
06-13 06:11:23.724  4783  8664 I Finsky  : [254] sqc.M(33): IQ: Notifying installation update. [Package:com.samuli.toppi.mobileChatApp, isid:hjdTgz24RcqzPPRMW5FCsg], status=DOWNLOADING, status_code=0, reason=single_install, tsc=PT1M4.417S
06-13 06:11:24.116  4783  4783 I Finsky  : [2] oxi.s(174): DL: Data loader session turned off due to Incremental install not requested: com.samuli.toppi.mobileChatApp
06-13 06:11:24.122  4783  4783 I Finsky  : [2] aafp.jN(75): PIM: Handling install package event for: com.samuli.toppi.mobileChatApp status:  DOWNLOADING, isid: hjdTgz24RcqzPPRMW5FCsg
06-13 06:11:24.324  4783  4864 I Finsky  : [77] yey.x(82): Package no longer installed: com.samuli.toppi.mobileChatApp
06-13 06:11:24.962  4783  4889 I Finsky  : [87] yey.x(82): Package no longer installed: com.samuli.toppi.mobileChatApp
06-13 06:11:25.058  8822  8929 I Finsky:background: [87] otc.h(316): DS: onGetDownload(request_id=48, files_to_download=[config.x86_64(size:5495272)], context[group_id=com.samuli.toppi.mobileChatApp:hjdTgz24RcqzPPRMW5FCsg], display_data[invisible=false, title=com.samuli.toppi.mobileChatApp (unreviewed)], network_restrictions=ANY_NETWORK status=running, bytes_downloaded=4133955, total_bytes=5495272, retry[count=0, next_retry=n/a])
06-13 06:11:25.146  4783  8681 I Finsky  : [258] kiz.accept(70): IV2: onTaskProgress com.samuli.toppi.mobileChatApp[iid:4] [isid:hjdTgz24RcqzPPRMW5FCsg] status:4, size: 4144823/17013417
06-13 06:11:25.236  4783  8664 I Finsky  : [254] sqc.M(33): IQ: Notifying installation update. [Package:com.samuli.toppi.mobileChatApp, isid:hjdTgz24RcqzPPRMW5FCsg], status=DOWNLOADING, status_code=0, reason=single_install, tsc=PT1M5.932S
06-13 06:11:25.421  4783  4783 I Finsky  : [2] amyo.d(135): UCtl: Capture account null for next update of com.samuli.toppi.mobileChatApp
06-13 06:11:25.634  4783  4783 I Finsky  : [2] oxi.s(174): DL: Data loader session turned off due to Incremental install not requested: com.samuli.toppi.mobileChatApp
06-13 06:11:25.639  4783  4783 I Finsky  : [2] aafp.jN(75): PIM: Handling install package event for: com.samuli.toppi.mobileChatApp status:  DOWNLOADING, isid: hjdTgz24RcqzPPRMW5FCsg
06-13 06:11:25.680  4783  4783 I Finsky  : [2] amyo.d(135): UCtl: Capture account null for next update of com.samuli.toppi.mobileChatApp
06-13 06:11:26.216  4783  4899 I Finsky  : [94] yey.x(82): Package no longer installed: com.samuli.toppi.mobileChatApp
06-13 06:11:26.418  8822  8929 I Finsky:background: [87] otc.h(316): DS: onGetDownload(request_id=48, files_to_download=[config.x86_64(size:5495272)], context[group_id=com.samuli.toppi.mobileChatApp:hjdTgz24RcqzPPRMW5FCsg], display_data[invisible=false, title=com.samuli.toppi.mobileChatApp (unreviewed)], network_restrictions=ANY_NETWORK status=running, bytes_downloaded=4238069, total_bytes=5495272, retry[count=0, next_retry=n/a])
06-13 06:11:26.474  8822  8929 I Finsky:background: [87] otc.h(316): DS: onGetDownload(request_id=48, files_to_download=[config.x86_64(size:5495272)], context[group_id=com.samuli.toppi.mobileChatApp:hjdTgz24RcqzPPRMW5FCsg], display_data[invisible=false, title=com.samuli.toppi.mobileChatApp (unreviewed)], network_restrictions=ANY_NETWORK status=running, bytes_downloaded=4474587, total_bytes=5495272, retry[count=0, next_retry=n/a])
06-13 06:11:26.600  4783  4783 I Finsky  : [2] amyo.d(135): UCtl: Capture account null for next update of com.samuli.toppi.mobileChatApp
06-13 06:11:27.762  8822  8929 I Finsky:background: [87] otc.h(316): DS: onGetDownload(request_id=48, files_to_download=[config.x86_64(size:5495272)], context[group_id=com.samuli.toppi.mobileChatApp:hjdTgz24RcqzPPRMW5FCsg], display_data[invisible=false, title=com.samuli.toppi.mobileChatApp (unreviewed)], network_restrictions=ANY_NETWORK status=running, bytes_downloaded=4572660, total_bytes=5495272, retry[count=0, next_retry=n/a])
06-13 06:11:27.983  4783  4899 I Finsky  : [94] ajti.run(329): UCtl: For package com.samuli.toppi.mobileChatApp, first update discovery timestamp is set to 2024-06-13T06:10:50.999Z
06-13 06:11:28.052  4783  8681 I Finsky  : [258] kiz.accept(70): IV2: onTaskProgress com.samuli.toppi.mobileChatApp[iid:4] [isid:hjdTgz24RcqzPPRMW5FCsg] status:4, size: 4248937/17013417
06-13 06:11:28.052  4783  8681 I Finsky  : [258] kiz.accept(70): IV2: onTaskProgress com.samuli.toppi.mobileChatApp[iid:4] [isid:hjdTgz24RcqzPPRMW5FCsg] status:4, size: 4485455/17013417
06-13 06:11:28.070  4783  8664 I Finsky  : [254] sqc.M(33): IQ: Notifying installation update. [Package:com.samuli.toppi.mobileChatApp, isid:hjdTgz24RcqzPPRMW5FCsg], status=DOWNLOADING, status_code=0, reason=single_install, tsc=PT1M8.763S
06-13 06:11:28.168  4783  4783 I Finsky  : [2] oxi.s(174): DL: Data loader session turned off due to Incremental install not requested: com.samuli.toppi.mobileChatApp
06-13 06:11:28.175  4783  4783 I Finsky  : [2] aafp.jN(75): PIM: Handling install package event for: com.samuli.toppi.mobileChatApp status:  DOWNLOADING, isid: hjdTgz24RcqzPPRMW5FCsg
06-13 06:11:28.194  4783  8664 I Finsky  : [254] sqc.M(33): IQ: Notifying installation update. [Package:com.samuli.toppi.mobileChatApp, isid:hjdTgz24RcqzPPRMW5FCsg], status=DOWNLOADING, status_code=0, reason=single_install, tsc=PT1M8.891S
06-13 06:11:28.735  4783  4783 I Finsky  : [2] oxi.s(174): DL: Data loader session turned off due to Incremental install not requested: com.samuli.toppi.mobileChatApp
06-13 06:11:28.738  4783  4783 I Finsky  : [2] aafp.jN(75): PIM: Handling install package event for: com.samuli.toppi.mobileChatApp status:  DOWNLOADING, isid: hjdTgz24RcqzPPRMW5FCsg
06-13 06:11:29.552  4783  4879 I Finsky  : [82] ajti.run(329): UCtl: For package com.samuli.toppi.mobileChatApp, first update discovery timestamp is set to 2024-06-13T06:10:50.999Z
06-13 06:11:30.002  8822  8929 I Finsky:background: [87] otc.h(316): DS: onGetDownload(request_id=48, files_to_download=[config.x86_64(size:5495272)], context[group_id=com.samuli.toppi.mobileChatApp:hjdTgz24RcqzPPRMW5FCsg], display_data[invisible=false, title=com.samuli.toppi.mobileChatApp (unreviewed)], network_restrictions=ANY_NETWORK status=running, bytes_downloaded=4714869, total_bytes=5495272, retry[count=0, next_retry=n/a])
06-13 06:11:30.922  4783  4879 I Finsky  : [82] ajti.run(329): UCtl: For package com.samuli.toppi.mobileChatApp, first update discovery timestamp is set to 2024-06-13T06:10:50.999Z
06-13 06:11:31.031  4783  8681 I Finsky  : [258] kiz.accept(70): IV2: onTaskProgress com.samuli.toppi.mobileChatApp[iid:4] [isid:hjdTgz24RcqzPPRMW5FCsg] status:4, size: 4583528/17013417
06-13 06:11:31.045  4783  8664 I Finsky  : [254] sqc.M(33): IQ: Notifying installation update. [Package:com.samuli.toppi.mobileChatApp, isid:hjdTgz24RcqzPPRMW5FCsg], status=DOWNLOADING, status_code=0, reason=single_install, tsc=PT1M11.741S
06-13 06:11:31.098  4783  8681 I Finsky  : [258] kiz.accept(70): IV2: onTaskProgress com.samuli.toppi.mobileChatApp[iid:4] [isid:hjdTgz24RcqzPPRMW5FCsg] status:4, size: 4725737/17013417
06-13 06:11:31.137  4783  8664 I Finsky  : [254] sqc.M(33): IQ: Notifying installation update. [Package:com.samuli.toppi.mobileChatApp, isid:hjdTgz24RcqzPPRMW5FCsg], status=DOWNLOADING, status_code=0, reason=single_install, tsc=PT1M11.834S
06-13 06:11:31.199  8822  8929 I Finsky:background: [87] otc.h(316): DS: onGetDownload(request_id=48, files_to_download=[config.x86_64(size:5495272)], context[group_id=com.samuli.toppi.mobileChatApp:hjdTgz24RcqzPPRMW5FCsg], display_data[invisible=false, title=com.samuli.toppi.mobileChatApp (unreviewed)], network_restrictions=ANY_NETWORK status=running, bytes_downloaded=5050763, total_bytes=5495272, retry[count=0, next_retry=n/a])
06-13 06:11:31.328  4783  4783 I Finsky  : [2] oxi.s(174): DL: Data loader session turned off due to Incremental install not requested: com.samuli.toppi.mobileChatApp
06-13 06:11:31.345  4783  4783 I Finsky  : [2] aafp.jN(75): PIM: Handling install package event for: com.samuli.toppi.mobileChatApp status:  DOWNLOADING, isid: hjdTgz24RcqzPPRMW5FCsg
06-13 06:11:31.396  4783  8681 I Finsky  : [258] kiz.accept(70): IV2: onTaskProgress com.samuli.toppi.mobileChatApp[iid:4] [isid:hjdTgz24RcqzPPRMW5FCsg] status:4, size: 5061631/17013417
06-13 06:11:31.411  4783  4783 I Finsky  : [2] oxi.s(174): DL: Data loader session turned off due to Incremental install not requested: com.samuli.toppi.mobileChatApp
06-13 06:11:31.426  4783  4783 I Finsky  : [2] aafp.jN(75): PIM: Handling install package event for: com.samuli.toppi.mobileChatApp status:  DOWNLOADING, isid: hjdTgz24RcqzPPRMW5FCsg
06-13 06:11:31.608  4783  8664 I Finsky  : [254] sqc.M(33): IQ: Notifying installation update. [Package:com.samuli.toppi.mobileChatApp, isid:hjdTgz24RcqzPPRMW5FCsg], status=DOWNLOADING, status_code=0, reason=single_install, tsc=PT1M12.289S
06-13 06:11:32.075  4783  4783 I Finsky  : [2] oxi.s(174): DL: Data loader session turned off due to Incremental install not requested: com.samuli.toppi.mobileChatApp
06-13 06:11:32.079  4783  4783 I Finsky  : [2] aafp.jN(75): PIM: Handling install package event for: com.samuli.toppi.mobileChatApp status:  DOWNLOADING, isid: hjdTgz24RcqzPPRMW5FCsg
06-13 06:11:34.083  8822  8929 I Finsky:background: [87] otc.h(316): DS: onGetDownload(request_id=48, files_to_download=[config.x86_64(size:5495272)], context[group_id=com.samuli.toppi.mobileChatApp:hjdTgz24RcqzPPRMW5FCsg], display_data[invisible=false, title=com.samuli.toppi.mobileChatApp (unreviewed)], network_restrictions=ANY_NETWORK status=running, bytes_downloaded=5226074, total_bytes=5495272, retry[count=0, next_retry=n/a])
06-13 06:11:34.444  4783  8681 I Finsky  : [258] kiz.accept(70): IV2: onTaskProgress com.samuli.toppi.mobileChatApp[iid:4] [isid:hjdTgz24RcqzPPRMW5FCsg] status:4, size: 5236942/17013417
06-13 06:11:34.470  4783  8664 I Finsky  : [254] sqc.M(33): IQ: Notifying installation update. [Package:com.samuli.toppi.mobileChatApp, isid:hjdTgz24RcqzPPRMW5FCsg], status=DOWNLOADING, status_code=0, reason=single_install, tsc=PT1M15.157S
06-13 06:11:34.978  4783  4783 I Finsky  : [2] oxi.s(174): DL: Data loader session turned off due to Incremental install not requested: com.samuli.toppi.mobileChatApp
06-13 06:11:34.985  4783  4783 I Finsky  : [2] aafp.jN(75): PIM: Handling install package event for: com.samuli.toppi.mobileChatApp status:  DOWNLOADING, isid: hjdTgz24RcqzPPRMW5FCsg
06-13 06:11:36.115  4783  9477 I Finsky  : [313] ndo.run(223): DU: Stored data usage stats for package com.samuli.toppi.mobileChatApp; completed bytes: 5495272.
06-13 06:11:39.159  8822  8929 I Finsky:background: [87] otc.h(316): DS: onGetDownload(request_id=48, files_to_download=[config.x86_64(size:5495272)], context[group_id=com.samuli.toppi.mobileChatApp:hjdTgz24RcqzPPRMW5FCsg], display_data[invisible=false, title=com.samuli.toppi.mobileChatApp (unreviewed)], network_restrictions=ANY_NETWORK status=running, bytes_downloaded=5368260, total_bytes=5495272, retry[count=0, next_retry=n/a])
06-13 06:11:39.163  8822  8929 I Finsky:background: [87] otc.h(316): DS: onGetDownload(request_id=48, files_to_download=[config.x86_64(size:5495272)], context[group_id=com.samuli.toppi.mobileChatApp:hjdTgz24RcqzPPRMW5FCsg], display_data[invisible=false, title=com.samuli.toppi.mobileChatApp (unreviewed)], network_restrictions=ANY_NETWORK status=succeeded, bytes_downloaded=5495272, total_bytes=5495272, retry[count=0, next_retry=n/a])
06-13 06:11:39.165  8822  8929 I Finsky:background: [87] otc.h(316): DS: onGetDownload(request_id=48, files_to_download=[config.x86_64(size:5495272)], context[group_id=com.samuli.toppi.mobileChatApp:hjdTgz24RcqzPPRMW5FCsg], display_data[invisible=false, title=com.samuli.toppi.mobileChatApp (unreviewed)], network_restrictions=ANY_NETWORK status=succeeded, bytes_downloaded=5495272, total_bytes=5495272, retry[count=0, next_retry=n/a])
06-13 06:11:40.635  8822  8929 I Finsky:background: [87] otc.h(316): DS: onGetDownload(request_id=49, files_to_download=[config.xxhdpi(size:72950)], context[group_id=com.samuli.toppi.mobileChatApp:hjdTgz24RcqzPPRMW5FCsg], display_data[invisible=false, title=com.samuli.toppi.mobileChatApp (unreviewed)], network_restrictions=ANY_NETWORK status=running, bytes_downloaded=0, total_bytes=72950, retry[count=0, next_retry=n/a])
06-13 06:11:40.642  8822  8929 I Finsky:background: [87] otc.h(316): DS: onGetDownload(request_id=49, files_to_download=[config.xxhdpi(size:72950)], context[group_id=com.samuli.toppi.mobileChatApp:hjdTgz24RcqzPPRMW5FCsg], display_data[invisible=false, title=com.samuli.toppi.mobileChatApp (unreviewed)], network_restrictions=ANY_NETWORK status=running, bytes_downloaded=0, total_bytes=72950, retry[count=0, next_retry=n/a])
06-13 06:11:42.238  4783  8681 I Finsky  : [258] kiz.accept(70): IV2: onTaskProgress com.samuli.toppi.mobileChatApp[iid:4] [isid:hjdTgz24RcqzPPRMW5FCsg] status:4, size: 5379128/17013417
06-13 06:11:42.239  4783  8681 I Finsky  : [258] kiz.accept(70): IV2: onTaskProgress com.samuli.toppi.mobileChatApp[iid:4] [isid:hjdTgz24RcqzPPRMW5FCsg] status:4, size: 5506140/17013417
06-13 06:11:42.240  4783  8681 I Finsky  : [258] kiz.accept(70): IV2: onTaskProgress com.samuli.toppi.mobileChatApp[iid:4] [isid:hjdTgz24RcqzPPRMW5FCsg] status:4, size: 5506140/17013417
06-13 06:11:42.240  4783  8681 I Finsky  : [258] kiz.accept(70): IV2: onTaskProgress com.samuli.toppi.mobileChatApp[iid:4] [isid:hjdTgz24RcqzPPRMW5FCsg] status:4, size: 5506140/17013417
06-13 06:11:42.251  4783  4899 I Finsky  : [94] zto.a(106): RF::PP-Decompress: starting to decompress for com.samuli.toppi.mobileChatApp[iid:4] [isid:hjdTgz24RcqzPPRMW5FCsg] [tid: 1000000006].
06-13 06:11:42.260  4783  4899 I Finsky  : [94] zto.a(1235): RF::PP-Copy: starting to copy for com.samuli.toppi.mobileChatApp[iid:4] [isid:hjdTgz24RcqzPPRMW5FCsg] [tid: 1000000006]
06-13 06:11:42.265  4783  8664 I Finsky  : [254] sqc.M(33): IQ: Notifying installation update. [Package:com.samuli.toppi.mobileChatApp, isid:hjdTgz24RcqzPPRMW5FCsg], status=DOWNLOADING, status_code=0, reason=single_install, tsc=PT1M22.961S
06-13 06:11:42.273  4783  8681 I Finsky  : [258] kiz.accept(70): IV2: onTaskProgress com.samuli.toppi.mobileChatApp[iid:4] [isid:hjdTgz24RcqzPPRMW5FCsg] status:4, size: 5506140/17013417
06-13 06:11:42.288  4783  8681 I Finsky  : [258] kiz.accept(70): IV2: onTaskProgress com.samuli.toppi.mobileChatApp[iid:4] [isid:hjdTgz24RcqzPPRMW5FCsg] status:4, size: 5506140/17013417
06-13 06:11:42.458  4783  4783 I Finsky  : [2] oxi.s(174): DL: Data loader session turned off due to Incremental install not requested: com.samuli.toppi.mobileChatApp
06-13 06:11:42.476  4783  4783 I Finsky  : [2] aafp.jN(75): PIM: Handling install package event for: com.samuli.toppi.mobileChatApp status:  DOWNLOADING, isid: hjdTgz24RcqzPPRMW5FCsg
06-13 06:11:42.502  4783  8664 I Finsky  : [254] sqc.M(33): IQ: Notifying installation update. [Package:com.samuli.toppi.mobileChatApp, isid:hjdTgz24RcqzPPRMW5FCsg], status=DOWNLOADING, status_code=0, reason=single_install, tsc=PT1M23.199S
06-13 06:11:42.724  4783  8664 I Finsky  : [254] sqc.M(33): IQ: Notifying installation update. [Package:com.samuli.toppi.mobileChatApp, isid:hjdTgz24RcqzPPRMW5FCsg], status=DOWNLOADING, status_code=0, reason=single_install, tsc=PT1M23.421S
06-13 06:11:42.724  4783  4783 I Finsky  : [2] oxi.s(174): DL: Data loader session turned off due to Incremental install not requested: com.samuli.toppi.mobileChatApp
06-13 06:11:42.753  4783  4783 I Finsky  : [2] aafp.jN(75): PIM: Handling install package event for: com.samuli.toppi.mobileChatApp status:  DOWNLOADING, isid: hjdTgz24RcqzPPRMW5FCsg
06-13 06:11:43.079  4783  8664 I Finsky  : [254] sqc.M(33): IQ: Notifying installation update. [Package:com.samuli.toppi.mobileChatApp, isid:hjdTgz24RcqzPPRMW5FCsg], status=DOWNLOADING, status_code=0, reason=single_install, tsc=PT1M23.775S
06-13 06:11:43.279  4783  8664 I Finsky  : [254] sqc.M(33): IQ: Notifying installation update. [Package:com.samuli.toppi.mobileChatApp, isid:hjdTgz24RcqzPPRMW5FCsg], status=DOWNLOADING, status_code=0, reason=single_install, tsc=PT1M23.958S
06-13 06:11:43.380  4783  4783 I Finsky  : [2] oxi.s(174): DL: Data loader session turned off due to Incremental install not requested: com.samuli.toppi.mobileChatApp
06-13 06:11:43.411  4783  4783 I Finsky  : [2] aafp.jN(75): PIM: Handling install package event for: com.samuli.toppi.mobileChatApp status:  DOWNLOADING, isid: hjdTgz24RcqzPPRMW5FCsg
06-13 06:11:43.507  4783  8664 I Finsky  : [254] sqc.M(33): IQ: Notifying installation update. [Package:com.samuli.toppi.mobileChatApp, isid:hjdTgz24RcqzPPRMW5FCsg], status=DOWNLOADING, status_code=0, reason=single_install, tsc=PT1M24.203S
06-13 06:11:43.618  4783  4783 I Finsky  : [2] oxi.s(174): DL: Data loader session turned off due to Incremental install not requested: com.samuli.toppi.mobileChatApp
06-13 06:11:43.622  4783  4783 I Finsky  : [2] aafp.jN(75): PIM: Handling install package event for: com.samuli.toppi.mobileChatApp status:  DOWNLOADING, isid: hjdTgz24RcqzPPRMW5FCsg
06-13 06:11:43.839  4783  4783 I Finsky  : [2] oxi.s(174): DL: Data loader session turned off due to Incremental install not requested: com.samuli.toppi.mobileChatApp
06-13 06:11:43.884  4783  4783 I Finsky  : [2] aafp.jN(75): PIM: Handling install package event for: com.samuli.toppi.mobileChatApp status:  DOWNLOADING, isid: hjdTgz24RcqzPPRMW5FCsg
06-13 06:11:44.087  4783  4783 I Finsky  : [2] oxi.s(174): DL: Data loader session turned off due to Incremental install not requested: com.samuli.toppi.mobileChatApp
06-13 06:11:44.103  4783  4783 I Finsky  : [2] aafp.jN(75): PIM: Handling install package event for: com.samuli.toppi.mobileChatApp status:  DOWNLOADING, isid: hjdTgz24RcqzPPRMW5FCsg
06-13 06:11:44.484  4783  9477 I Finsky  : [313] ndo.run(223): DU: Stored data usage stats for package com.samuli.toppi.mobileChatApp; completed bytes: 72950.
06-13 06:11:44.736  4783  4899 I Finsky  : [94] zto.a(1147): RF::PP-Verify: starting to verify for com.samuli.toppi.mobileChatApp[iid:4] [isid:hjdTgz24RcqzPPRMW5FCsg] [tid: 1000000006].
06-13 06:11:45.075  8822  8929 I Finsky:background: [87] otc.h(316): DS: onGetDownload(request_id=49, files_to_download=[config.xxhdpi(size:72950)], context[group_id=com.samuli.toppi.mobileChatApp:hjdTgz24RcqzPPRMW5FCsg], display_data[invisible=false, title=com.samuli.toppi.mobileChatApp (unreviewed)], network_restrictions=ANY_NETWORK status=running, bytes_downloaded=6132, total_bytes=72950, retry[count=0, next_retry=n/a])
06-13 06:11:45.076  8822  8929 I Finsky:background: [87] otc.h(316): DS: onGetDownload(request_id=49, files_to_download=[config.xxhdpi(size:72950)], context[group_id=com.samuli.toppi.mobileChatApp:hjdTgz24RcqzPPRMW5FCsg], display_data[invisible=false, title=com.samuli.toppi.mobileChatApp (unreviewed)], network_restrictions=ANY_NETWORK status=succeeded, bytes_downloaded=72950, total_bytes=72950, retry[count=0, next_retry=n/a])
06-13 06:11:45.089  4783  8681 I Finsky  : [258] kiz.accept(70): IV2: onTaskProgress com.samuli.toppi.mobileChatApp[iid:4] [isid:hjdTgz24RcqzPPRMW5FCsg] status:4, size: 5512272/17013417
06-13 06:11:45.090  4783  8681 I Finsky  : [258] kiz.accept(70): IV2: onTaskProgress com.samuli.toppi.mobileChatApp[iid:4] [isid:hjdTgz24RcqzPPRMW5FCsg] status:4, size: 5579090/17013417
06-13 06:11:45.108  4783  8664 I Finsky  : [254] sqc.M(33): IQ: Notifying installation update. [Package:com.samuli.toppi.mobileChatApp, isid:hjdTgz24RcqzPPRMW5FCsg], status=DOWNLOADING, status_code=0, reason=single_install, tsc=PT1M25.804S
06-13 06:11:45.142  8822  8929 I Finsky:background: [87] otc.h(316): DS: onGetDownload(request_id=49, files_to_download=[config.xxhdpi(size:72950)], context[group_id=com.samuli.toppi.mobileChatApp:hjdTgz24RcqzPPRMW5FCsg], display_data[invisible=false, title=com.samuli.toppi.mobileChatApp (unreviewed)], network_restrictions=ANY_NETWORK status=succeeded, bytes_downloaded=72950, total_bytes=72950, retry[count=0, next_retry=n/a])
06-13 06:11:45.152  4783  8681 I Finsky  : [258] kiz.accept(70): IV2: onTaskProgress com.samuli.toppi.mobileChatApp[iid:4] [isid:hjdTgz24RcqzPPRMW5FCsg] status:4, size: 5579090/17013417
06-13 06:11:45.156  8822  8929 I Finsky:background: [87] otc.h(316): DS: onGetDownload(request_id=49, files_to_download=[config.xxhdpi(size:72950)], context[group_id=com.samuli.toppi.mobileChatApp:hjdTgz24RcqzPPRMW5FCsg], display_data[invisible=false, title=com.samuli.toppi.mobileChatApp (unreviewed)], network_restrictions=ANY_NETWORK status=succeeded, bytes_downloaded=72950, total_bytes=72950, retry[count=0, next_retry=n/a])
06-13 06:11:45.163  4783  8664 I Finsky  : [254] sqc.M(33): IQ: Notifying installation update. [Package:com.samuli.toppi.mobileChatApp, isid:hjdTgz24RcqzPPRMW5FCsg], status=DOWNLOADING, status_code=0, reason=single_install, tsc=PT1M25.86S
06-13 06:11:45.234  4783  8664 I Finsky  : [254] sqc.M(33): IQ: Notifying installation update. [Package:com.samuli.toppi.mobileChatApp, isid:hjdTgz24RcqzPPRMW5FCsg], status=DOWNLOADING, status_code=0, reason=single_install, tsc=PT1M25.927S
06-13 06:11:45.252  4783  4783 I Finsky  : [2] oxi.s(174): DL: Data loader session turned off due to Incremental install not requested: com.samuli.toppi.mobileChatApp
06-13 06:11:45.259  4783  4783 I Finsky  : [2] aafp.jN(75): PIM: Handling install package event for: com.samuli.toppi.mobileChatApp status:  DOWNLOADING, isid: hjdTgz24RcqzPPRMW5FCsg
06-13 06:11:45.278  4783  8681 I Finsky  : [258] kiz.accept(70): IV2: onTaskProgress com.samuli.toppi.mobileChatApp[iid:4] [isid:hjdTgz24RcqzPPRMW5FCsg] status:4, size: 5579090/17013417
06-13 06:11:45.320  4783  8681 I Finsky  : [258] kiz.accept(70): IV2: onTaskProgress com.samuli.toppi.mobileChatApp[iid:4] [isid:hjdTgz24RcqzPPRMW5FCsg] status:4, size: 5579090/17013417
06-13 06:11:45.321  4783  8664 I Finsky  : [254] sqc.M(33): IQ: Notifying installation update. [Package:com.samuli.toppi.mobileChatApp, isid:hjdTgz24RcqzPPRMW5FCsg], status=DOWNLOADING, status_code=0, reason=single_install, tsc=PT1M26.018S
06-13 06:11:45.324  4783  4899 I Finsky  : [94] zto.a(106): RF::PP-Decompress: starting to decompress for com.samuli.toppi.mobileChatApp[iid:4] [isid:hjdTgz24RcqzPPRMW5FCsg] [tid: 1000000006].
06-13 06:11:45.325  4783  4899 I Finsky  : [94] zto.a(1235): RF::PP-Copy: starting to copy for com.samuli.toppi.mobileChatApp[iid:4] [isid:hjdTgz24RcqzPPRMW5FCsg] [tid: 1000000006]
06-13 06:11:45.380  4783  4783 I Finsky  : [2] oxi.s(174): DL: Data loader session turned off due to Incremental install not requested: com.samuli.toppi.mobileChatApp
06-13 06:11:45.392  4783  8664 I Finsky  : [254] sqc.M(33): IQ: Notifying installation update. [Package:com.samuli.toppi.mobileChatApp, isid:hjdTgz24RcqzPPRMW5FCsg], status=DOWNLOADING, status_code=0, reason=single_install, tsc=PT1M26.089S
06-13 06:11:45.396  4783  4783 I Finsky  : [2] aafp.jN(75): PIM: Handling install package event for: com.samuli.toppi.mobileChatApp status:  DOWNLOADING, isid: hjdTgz24RcqzPPRMW5FCsg
06-13 06:11:45.415  4783  4783 I Finsky  : [2] bera.C(45): RM: receive resource status onStart com.samuli.toppi.mobileChatApp.apk reason: single_install isid: hjdTgz24RcqzPPRMW5FCsg, 2, 192, size: 0/10945081
06-13 06:11:45.415  4783  4783 I Finsky  : [2] bera.B(45): RM: receive resource status onProgress com.samuli.toppi.mobileChatApp.apk reason: single_install isid: hjdTgz24RcqzPPRMW5FCsg, 2, 192, size: 0/10945081
06-13 06:11:45.423  4783  4783 I Finsky  : [2] oxi.s(174): DL: Data loader session turned off due to Incremental install not requested: com.samuli.toppi.mobileChatApp
06-13 06:11:45.423  4783  4899 I Finsky  : [94] zto.a(1147): RF::PP-Verify: starting to verify for com.samuli.toppi.mobileChatApp[iid:4] [isid:hjdTgz24RcqzPPRMW5FCsg] [tid: 1000000006].
06-13 06:11:45.426  4783  4783 I Finsky  : [2] aafp.jN(75): PIM: Handling install package event for: com.samuli.toppi.mobileChatApp status:  DOWNLOADING, isid: hjdTgz24RcqzPPRMW5FCsg
06-13 06:11:45.491  4783  4783 I Finsky  : [2] oxi.s(174): DL: Data loader session turned off due to Incremental install not requested: com.samuli.toppi.mobileChatApp
06-13 06:11:45.499  4783  4783 I Finsky  : [2] aafp.jN(75): PIM: Handling install package event for: com.samuli.toppi.mobileChatApp status:  DOWNLOADING, isid: hjdTgz24RcqzPPRMW5FCsg
06-13 06:11:45.720  4783  4783 I Finsky  : [2] oxi.s(174): DL: Data loader session turned off due to Incremental install not requested: com.samuli.toppi.mobileChatApp
06-13 06:11:45.730  4783  4783 I Finsky  : [2] aafp.jN(75): PIM: Handling install package event for: com.samuli.toppi.mobileChatApp status:  DOWNLOADING, isid: hjdTgz24RcqzPPRMW5FCsg
06-13 06:11:46.185  8822  8929 I Finsky:background: [87] otc.h(316): DS: onGetDownload(request_id=50, files_to_download=[com.samuli.toppi.mobileChatApp.apk(size:10945081)], context[group_id=com.samuli.toppi.mobileChatApp:hjdTgz24RcqzPPRMW5FCsg], display_data[invisible=false, title=com.samuli.toppi.mobileChatApp (unreviewed)], network_restrictions=ANY_NETWORK status=running, bytes_downloaded=0, total_bytes=10945081, retry[count=0, next_retry=n/a])
06-13 06:11:46.190  8822  8929 I Finsky:background: [87] otc.h(316): DS: onGetDownload(request_id=50, files_to_download=[com.samuli.toppi.mobileChatApp.apk(size:10945081)], context[group_id=com.samuli.toppi.mobileChatApp:hjdTgz24RcqzPPRMW5FCsg], display_data[invisible=false, title=com.samuli.toppi.mobileChatApp (unreviewed)], network_restrictions=ANY_NETWORK status=running, bytes_downloaded=0, total_bytes=10945081, retry[count=0, next_retry=n/a])
06-13 06:11:46.270  4783  8681 I Finsky  : [258] kiz.accept(70): IV2: onTaskProgress com.samuli.toppi.mobileChatApp[iid:4] [isid:hjdTgz24RcqzPPRMW5FCsg] status:4, size: 5579090/17013417
06-13 06:11:46.271  4783  8681 I Finsky  : [258] kiz.accept(70): IV2: onTaskProgress com.samuli.toppi.mobileChatApp[iid:4] [isid:hjdTgz24RcqzPPRMW5FCsg] status:4, size: 5579090/17013417
06-13 06:11:46.324  4783  8664 I Finsky  : [254] sqc.M(33): IQ: Notifying installation update. [Package:com.samuli.toppi.mobileChatApp, isid:hjdTgz24RcqzPPRMW5FCsg], status=DOWNLOADING, status_code=0, reason=single_install, tsc=PT1M27.015S
06-13 06:11:46.495  4783  8664 I Finsky  : [254] sqc.M(33): IQ: Notifying installation update. [Package:com.samuli.toppi.mobileChatApp, isid:hjdTgz24RcqzPPRMW5FCsg], status=DOWNLOADING, status_code=0, reason=single_install, tsc=PT1M27.191S
06-13 06:11:46.683  4783  4783 I Finsky  : [2] oxi.s(174): DL: Data loader session turned off due to Incremental install not requested: com.samuli.toppi.mobileChatApp
06-13 06:11:46.734  4783  4783 I Finsky  : [2] aafp.jN(75): PIM: Handling install package event for: com.samuli.toppi.mobileChatApp status:  DOWNLOADING, isid: hjdTgz24RcqzPPRMW5FCsg
06-13 06:11:46.787  4783  4783 I Finsky  : [2] oxi.s(174): DL: Data loader session turned off due to Incremental install not requested: com.samuli.toppi.mobileChatApp
06-13 06:11:46.812  4783  4783 I Finsky  : [2] aafp.jN(75): PIM: Handling install package event for: com.samuli.toppi.mobileChatApp status:  DOWNLOADING, isid: hjdTgz24RcqzPPRMW5FCsg
06-13 06:11:47.274  4783  4783 I Finsky  : [2] bera.B(45): RM: receive resource status onProgress com.samuli.toppi.mobileChatApp.apk reason: single_install isid: hjdTgz24RcqzPPRMW5FCsg, 2, 192, size: 0/10945081
06-13 06:11:47.381  4783  4783 I Finsky  : [2] bera.B(45): RM: receive resource status onProgress com.samuli.toppi.mobileChatApp.apk reason: single_install isid: hjdTgz24RcqzPPRMW5FCsg, 2, 192, size: 14722/10945081
06-13 06:11:50.390  4783  4783 I Finsky  : [2] bera.B(45): RM: receive resource status onProgress com.samuli.toppi.mobileChatApp.apk reason: single_install isid: hjdTgz24RcqzPPRMW5FCsg, 2, 192, size: 781564/10945081
06-13 06:11:51.004  8822  8929 I Finsky:background: [87] otc.h(316): DS: onGetDownload(request_id=50, files_to_download=[com.samuli.toppi.mobileChatApp.apk(size:10945081)], context[group_id=com.samuli.toppi.mobileChatApp:hjdTgz24RcqzPPRMW5FCsg], display_data[invisible=false, title=com.samuli.toppi.mobileChatApp (unreviewed)], network_restrictions=ANY_NETWORK status=running, bytes_downloaded=14722, total_bytes=10945081, retry[count=0, next_retry=n/a])
06-13 06:11:51.005  8822  8929 I Finsky:background: [87] otc.h(316): DS: onGetDownload(request_id=50, files_to_download=[com.samuli.toppi.mobileChatApp.apk(size:10945081)], context[group_id=com.samuli.toppi.mobileChatApp:hjdTgz24RcqzPPRMW5FCsg], display_data[invisible=false, title=com.samuli.toppi.mobileChatApp (unreviewed)], network_restrictions=ANY_NETWORK status=running, bytes_downloaded=14722, total_bytes=10945081, retry[count=0, next_retry=n/a])
06-13 06:11:51.006  8822  8929 I Finsky:background: [87] otc.h(316): DS: onGetDownload(request_id=50, files_to_download=[com.samuli.toppi.mobileChatApp.apk(size:10945081)], context[group_id=com.samuli.toppi.mobileChatApp:hjdTgz24RcqzPPRMW5FCsg], display_data[invisible=false, title=com.samuli.toppi.mobileChatApp (unreviewed)], network_restrictions=ANY_NETWORK status=running, bytes_downloaded=781564, total_bytes=10945081, retry[count=0, next_retry=n/a])
06-13 06:11:51.018  4783  8681 I Finsky  : [258] kiz.accept(70): IV2: onTaskProgress com.samuli.toppi.mobileChatApp[iid:4] [isid:hjdTgz24RcqzPPRMW5FCsg] status:4, size: 5593812/17013417
06-13 06:11:51.023  4783  8681 I Finsky  : [258] kiz.accept(70): IV2: onTaskProgress com.samuli.toppi.mobileChatApp[iid:4] [isid:hjdTgz24RcqzPPRMW5FCsg] status:4, size: 5593812/17013417
06-13 06:11:51.025  4783  8681 I Finsky  : [258] kiz.accept(70): IV2: onTaskProgress com.samuli.toppi.mobileChatApp[iid:4] [isid:hjdTgz24RcqzPPRMW5FCsg] status:4, size: 6360654/17013417
06-13 06:11:51.452  4783  4783 I Finsky  : [2] bera.B(45): RM: receive resource status onProgress com.samuli.toppi.mobileChatApp.apk reason: single_install isid: hjdTgz24RcqzPPRMW5FCsg, 2, 192, size: 1133113/10945081
06-13 06:11:52.508  8822  8929 I Finsky:background: [87] otc.h(316): DS: onGetDownload(request_id=50, files_to_download=[com.samuli.toppi.mobileChatApp.apk(size:10945081)], context[group_id=com.samuli.toppi.mobileChatApp:hjdTgz24RcqzPPRMW5FCsg], display_data[invisible=false, title=com.samuli.toppi.mobileChatApp (unreviewed)], network_restrictions=ANY_NETWORK status=running, bytes_downloaded=1133113, total_bytes=10945081, retry[count=0, next_retry=n/a])
06-13 06:11:52.522  4783  8681 I Finsky  : [258] kiz.accept(70): IV2: onTaskProgress com.samuli.toppi.mobileChatApp[iid:4] [isid:hjdTgz24RcqzPPRMW5FCsg] status:4, size: 6712203/17013417
06-13 06:11:53.496  4783  4783 I Finsky  : [2] bera.B(45): RM: receive resource status onProgress com.samuli.toppi.mobileChatApp.apk reason: single_install isid: hjdTgz24RcqzPPRMW5FCsg, 2, 192, size: 1788437/10945081
06-13 06:11:54.241  8822  8929 I Finsky:background: [87] otc.h(316): DS: onGetDownload(request_id=50, files_to_download=[com.samuli.toppi.mobileChatApp.apk(size:10945081)], context[group_id=com.samuli.toppi.mobileChatApp:hjdTgz24RcqzPPRMW5FCsg], display_data[invisible=false, title=com.samuli.toppi.mobileChatApp (unreviewed)], network_restrictions=ANY_NETWORK status=running, bytes_downloaded=1788437, total_bytes=10945081, retry[count=0, next_retry=n/a])
06-13 06:11:54.275  4783  8681 I Finsky  : [258] kiz.accept(70): IV2: onTaskProgress com.samuli.toppi.mobileChatApp[iid:4] [isid:hjdTgz24RcqzPPRMW5FCsg] status:4, size: 7367527/17013417
06-13 06:11:55.548  4783  4783 I Finsky  : [2] bera.B(45): RM: receive resource status onProgress com.samuli.toppi.mobileChatApp.apk reason: single_install isid: hjdTgz24RcqzPPRMW5FCsg, 2, 192, size: 2012697/10945081
06-13 06:11:56.038  8822  8929 I Finsky:background: [87] otc.h(316): DS: onGetDownload(request_id=50, files_to_download=[com.samuli.toppi.mobileChatApp.apk(size:10945081)], context[group_id=com.samuli.toppi.mobileChatApp:hjdTgz24RcqzPPRMW5FCsg], display_data[invisible=false, title=com.samuli.toppi.mobileChatApp (unreviewed)], network_restrictions=ANY_NETWORK status=running, bytes_downloaded=2012697, total_bytes=10945081, retry[count=0, next_retry=n/a])
06-13 06:11:56.065  4783  8681 I Finsky  : [258] kiz.accept(70): IV2: onTaskProgress com.samuli.toppi.mobileChatApp[iid:4] [isid:hjdTgz24RcqzPPRMW5FCsg] status:4, size: 7591787/17013417
06-13 06:11:56.296  4783  8664 I Finsky  : [254] sqc.M(33): IQ: Notifying installation update. [Package:com.samuli.toppi.mobileChatApp, isid:hjdTgz24RcqzPPRMW5FCsg], status=DOWNLOADING, status_code=0, reason=single_install, tsc=PT1M36.992S
06-13 06:11:56.392  4783  8664 I Finsky  : [254] sqc.M(33): IQ: Notifying installation update. [Package:com.samuli.toppi.mobileChatApp, isid:hjdTgz24RcqzPPRMW5FCsg], status=DOWNLOADING, status_code=0, reason=single_install, tsc=PT1M37.089S
06-13 06:11:56.442  4783  8664 I Finsky  : [254] sqc.M(33): IQ: Notifying installation update. [Package:com.samuli.toppi.mobileChatApp, isid:hjdTgz24RcqzPPRMW5FCsg], status=DOWNLOADING, status_code=0, reason=single_install, tsc=PT1M37.139S
06-13 06:11:56.477  4783  4783 I Finsky  : [2] oxi.s(174): DL: Data loader session turned off due to Incremental install not requested: com.samuli.toppi.mobileChatApp
06-13 06:11:56.479  4783  4783 I Finsky  : [2] aafp.jN(75): PIM: Handling install package event for: com.samuli.toppi.mobileChatApp status:  DOWNLOADING, isid: hjdTgz24RcqzPPRMW5FCsg
06-13 06:11:56.503  4783  8664 I Finsky  : [254] sqc.M(33): IQ: Notifying installation update. [Package:com.samuli.toppi.mobileChatApp, isid:hjdTgz24RcqzPPRMW5FCsg], status=DOWNLOADING, status_code=0, reason=single_install, tsc=PT1M37.2S
06-13 06:11:56.522  4783  4783 I Finsky  : [2] oxi.s(174): DL: Data loader session turned off due to Incremental install not requested: com.samuli.toppi.mobileChatApp
06-13 06:11:56.526  4783  4783 I Finsky  : [2] aafp.jN(75): PIM: Handling install package event for: com.samuli.toppi.mobileChatApp status:  DOWNLOADING, isid: hjdTgz24RcqzPPRMW5FCsg
06-13 06:11:56.570  4783  8664 I Finsky  : [254] sqc.M(33): IQ: Notifying installation update. [Package:com.samuli.toppi.mobileChatApp, isid:hjdTgz24RcqzPPRMW5FCsg], status=DOWNLOADING, status_code=0, reason=single_install, tsc=PT1M37.267S
06-13 06:11:56.625  4783  4783 I Finsky  : [2] oxi.s(174): DL: Data loader session turned off due to Incremental install not requested: com.samuli.toppi.mobileChatApp
06-13 06:11:56.625  4783  8664 I Finsky  : [254] sqc.M(33): IQ: Notifying installation update. [Package:com.samuli.toppi.mobileChatApp, isid:hjdTgz24RcqzPPRMW5FCsg], status=DOWNLOADING, status_code=0, reason=single_install, tsc=PT1M37.322S
06-13 06:11:56.632  4783  4783 I Finsky  : [2] aafp.jN(75): PIM: Handling install package event for: com.samuli.toppi.mobileChatApp status:  DOWNLOADING, isid: hjdTgz24RcqzPPRMW5FCsg
06-13 06:11:56.732  4783  4783 I Finsky  : [2] oxi.s(174): DL: Data loader session turned off due to Incremental install not requested: com.samuli.toppi.mobileChatApp
06-13 06:11:56.738  4783  4783 I Finsky  : [2] aafp.jN(75): PIM: Handling install package event for: com.samuli.toppi.mobileChatApp status:  DOWNLOADING, isid: hjdTgz24RcqzPPRMW5FCsg
06-13 06:11:56.800  4783  4783 I Finsky  : [2] oxi.s(174): DL: Data loader session turned off due to Incremental install not requested: com.samuli.toppi.mobileChatApp
06-13 06:11:56.802  4783  4783 I Finsky  : [2] aafp.jN(75): PIM: Handling install package event for: com.samuli.toppi.mobileChatApp status:  DOWNLOADING, isid: hjdTgz24RcqzPPRMW5FCsg
06-13 06:11:56.963  4783  4783 I Finsky  : [2] oxi.s(174): DL: Data loader session turned off due to Incremental install not requested: com.samuli.toppi.mobileChatApp
06-13 06:11:56.968  4783  4783 I Finsky  : [2] aafp.jN(75): PIM: Handling install package event for: com.samuli.toppi.mobileChatApp status:  DOWNLOADING, isid: hjdTgz24RcqzPPRMW5FCsg
06-13 06:11:57.438  4783  4783 I Finsky  : [2] bera.B(45): RM: receive resource status onProgress com.samuli.toppi.mobileChatApp.apk reason: single_install isid: hjdTgz24RcqzPPRMW5FCsg, 2, 192, size: 2474854/10945081
06-13 06:11:57.655  8822  8929 I Finsky:background: [87] otc.h(316): DS: onGetDownload(request_id=50, files_to_download=[com.samuli.toppi.mobileChatApp.apk(size:10945081)], context[group_id=com.samuli.toppi.mobileChatApp:hjdTgz24RcqzPPRMW5FCsg], display_data[invisible=false, title=com.samuli.toppi.mobileChatApp (unreviewed)], network_restrictions=ANY_NETWORK status=running, bytes_downloaded=2474854, total_bytes=10945081, retry[count=0, next_retry=n/a])
06-13 06:11:57.662  4783  8681 I Finsky  : [258] kiz.accept(70): IV2: onTaskProgress com.samuli.toppi.mobileChatApp[iid:4] [isid:hjdTgz24RcqzPPRMW5FCsg] status:4, size: 8053944/17013417
06-13 06:11:57.668  4783  8664 I Finsky  : [254] sqc.M(33): IQ: Notifying installation update. [Package:com.samuli.toppi.mobileChatApp, isid:hjdTgz24RcqzPPRMW5FCsg], status=DOWNLOADING, status_code=0, reason=single_install, tsc=PT1M38.365S
06-13 06:11:57.748  4783  4783 I Finsky  : [2] oxi.s(174): DL: Data loader session turned off due to Incremental install not requested: com.samuli.toppi.mobileChatApp
06-13 06:11:57.750  4783  4783 I Finsky  : [2] aafp.jN(75): PIM: Handling install package event for: com.samuli.toppi.mobileChatApp status:  DOWNLOADING, isid: hjdTgz24RcqzPPRMW5FCsg
06-13 06:11:59.503  4783  4783 I Finsky  : [2] bera.B(45): RM: receive resource status onProgress com.samuli.toppi.mobileChatApp.apk reason: single_install isid: hjdTgz24RcqzPPRMW5FCsg, 2, 192, size: 3192808/10945081
06-13 06:11:59.707  8822  8929 I Finsky:background: [87] otc.h(316): DS: onGetDownload(request_id=50, files_to_download=[com.samuli.toppi.mobileChatApp.apk(size:10945081)], context[group_id=com.samuli.toppi.mobileChatApp:hjdTgz24RcqzPPRMW5FCsg], display_data[invisible=false, title=com.samuli.toppi.mobileChatApp (unreviewed)], network_restrictions=ANY_NETWORK status=running, bytes_downloaded=3192808, total_bytes=10945081, retry[count=0, next_retry=n/a])
06-13 06:11:59.728  4783  8681 I Finsky  : [258] kiz.accept(70): IV2: onTaskProgress com.samuli.toppi.mobileChatApp[iid:4] [isid:hjdTgz24RcqzPPRMW5FCsg] status:4, size: 8771898/17013417
06-13 06:11:59.731  4783  8664 I Finsky  : [254] sqc.M(33): IQ: Notifying installation update. [Package:com.samuli.toppi.mobileChatApp, isid:hjdTgz24RcqzPPRMW5FCsg], status=DOWNLOADING, status_code=0, reason=single_install, tsc=PT1M40.427S
06-13 06:11:59.822  4783  4783 I Finsky  : [2] oxi.s(174): DL: Data loader session turned off due to Incremental install not requested: com.samuli.toppi.mobileChatApp
06-13 06:11:59.840  4783  4783 I Finsky  : [2] aafp.jN(75): PIM: Handling install package event for: com.samuli.toppi.mobileChatApp status:  DOWNLOADING, isid: hjdTgz24RcqzPPRMW5FCsg
06-13 06:12:01.495  4783  4783 I Finsky  : [2] bera.B(45): RM: receive resource status onProgress com.samuli.toppi.mobileChatApp.apk reason: single_install isid: hjdTgz24RcqzPPRMW5FCsg, 2, 192, size: 3977987/10945081
06-13 06:12:01.604  8822  8929 I Finsky:background: [87] otc.h(316): DS: onGetDownload(request_id=50, files_to_download=[com.samuli.toppi.mobileChatApp.apk(size:10945081)], context[group_id=com.samuli.toppi.mobileChatApp:hjdTgz24RcqzPPRMW5FCsg], display_data[invisible=false, title=com.samuli.toppi.mobileChatApp (unreviewed)], network_restrictions=ANY_NETWORK status=running, bytes_downloaded=3977987, total_bytes=10945081, retry[count=0, next_retry=n/a])
06-13 06:12:01.611  4783  8681 I Finsky  : [258] kiz.accept(70): IV2: onTaskProgress com.samuli.toppi.mobileChatApp[iid:4] [isid:hjdTgz24RcqzPPRMW5FCsg] status:4, size: 9557077/17013417
06-13 06:12:01.625  4783  8664 I Finsky  : [254] sqc.M(33): IQ: Notifying installation update. [Package:com.samuli.toppi.mobileChatApp, isid:hjdTgz24RcqzPPRMW5FCsg], status=DOWNLOADING, status_code=0, reason=single_install, tsc=PT1M42.321S
06-13 06:12:01.666  4783  4783 I Finsky  : [2] oxi.s(174): DL: Data loader session turned off due to Incremental install not requested: com.samuli.toppi.mobileChatApp
06-13 06:12:01.672  4783  4783 I Finsky  : [2] aafp.jN(75): PIM: Handling install package event for: com.samuli.toppi.mobileChatApp status:  DOWNLOADING, isid: hjdTgz24RcqzPPRMW5FCsg
06-13 06:12:03.478  4783  4783 I Finsky  : [2] bera.B(45): RM: receive resource status onProgress com.samuli.toppi.mobileChatApp.apk reason: single_install isid: hjdTgz24RcqzPPRMW5FCsg, 2, 192, size: 4733762/10945081
06-13 06:12:03.907  8822  8929 I Finsky:background: [87] otc.h(316): DS: onGetDownload(request_id=50, files_to_download=[com.samuli.toppi.mobileChatApp.apk(size:10945081)], context[group_id=com.samuli.toppi.mobileChatApp:hjdTgz24RcqzPPRMW5FCsg], display_data[invisible=false, title=com.samuli.toppi.mobileChatApp (unreviewed)], network_restrictions=ANY_NETWORK status=running, bytes_downloaded=4733762, total_bytes=10945081, retry[count=0, next_retry=n/a])
